Archive member included to satisfy reference by file (symbol)

/usr/lib/gcc/arm-none-eabi/14.2.1/../../../arm-none-eabi/lib/thumb/v8-m.main+fp/softfp/libm.a(libm_a-wf_sqrt.o)
                              CMakeFiles/rp2350-template.dir/home/ss1/.pico-sdk/sdk/2.1.1/src/rp2_common/pico_float/float_math.c.o (sqrtf)
/usr/lib/gcc/arm-none-eabi/14.2.1/../../../arm-none-eabi/lib/thumb/v8-m.main+fp/softfp/libm.a(libm_a-ef_sqrt.o)
                              /usr/lib/gcc/arm-none-eabi/14.2.1/../../../arm-none-eabi/lib/thumb/v8-m.main+fp/softfp/libm.a(libm_a-wf_sqrt.o) (__ieee754_sqrtf)
/usr/lib/gcc/arm-none-eabi/14.2.1/thumb/v8-m.main+fp/softfp/libgcc.a(_arm_addsubdf3.o)
                              CMakeFiles/rp2350-template.dir/home/ss1/.pico-sdk/sdk/2.1.1/src/rp2_common/pico_float/float_math.c.o (__aeabi_f2d)
/usr/lib/gcc/arm-none-eabi/14.2.1/thumb/v8-m.main+fp/softfp/libgcc.a(_aeabi_ldivmod.o)
                              CMakeFiles/rp2350-template.dir/home/ss1/.pico-sdk/sdk/2.1.1/src/common/pico_time/time.c.o (__aeabi_ldivmod)
/usr/lib/gcc/arm-none-eabi/14.2.1/thumb/v8-m.main+fp/softfp/libgcc.a(_aeabi_uldivmod.o)
                              CMakeFiles/rp2350-template.dir/home/ss1/.pico-sdk/sdk/2.1.1/src/rp2_common/hardware_clocks/clocks.c.o (__aeabi_uldivmod)
/usr/lib/gcc/arm-none-eabi/14.2.1/thumb/v8-m.main+fp/softfp/libgcc.a(_udivmoddi4.o)
                              /usr/lib/gcc/arm-none-eabi/14.2.1/thumb/v8-m.main+fp/softfp/libgcc.a(_aeabi_ldivmod.o) (__udivmoddi4)
/usr/lib/gcc/arm-none-eabi/14.2.1/thumb/v8-m.main+fp/softfp/libgcc.a(_dvmd_tls.o)
                              /usr/lib/gcc/arm-none-eabi/14.2.1/thumb/v8-m.main+fp/softfp/libgcc.a(_aeabi_ldivmod.o) (__aeabi_ldiv0)
/usr/lib/gcc/arm-none-eabi/14.2.1/../../../arm-none-eabi/lib/thumb/v8-m.main+fp/softfp/libg.a(libc_a-memcpy.o)
                              CMakeFiles/rp2350-template.dir/home/ss1/.pico-sdk/sdk/2.1.1/src/common/pico_util/queue.c.o (memcpy)
/usr/lib/gcc/arm-none-eabi/14.2.1/../../../arm-none-eabi/lib/thumb/v8-m.main+fp/softfp/libg.a(libc_a-memcmp.o)
                              CMakeFiles/rp2350-template.dir/home/ss1/.pico-sdk/sdk/2.1.1/src/rp2_common/pico_atomic/atomic.c.o (memcmp)
/usr/lib/gcc/arm-none-eabi/14.2.1/../../../arm-none-eabi/lib/thumb/v8-m.main+fp/softfp/libg.a(libc_a-init.o)
                              /usr/lib/gcc/arm-none-eabi/14.2.1/../../../arm-none-eabi/lib/thumb/v8-m.main+fp/softfp/crt0.o (__libc_init_array)
/usr/lib/gcc/arm-none-eabi/14.2.1/../../../arm-none-eabi/lib/thumb/v8-m.main+fp/softfp/libg.a(libc_a-errno.o)
                              /usr/lib/gcc/arm-none-eabi/14.2.1/../../../arm-none-eabi/lib/thumb/v8-m.main+fp/softfp/libm.a(libm_a-wf_sqrt.o) (__errno)
/usr/lib/gcc/arm-none-eabi/14.2.1/../../../arm-none-eabi/lib/thumb/v8-m.main+fp/softfp/libg.a(libc_a-strlen-stub.o)
                              CMakeFiles/rp2350-template.dir/home/ss1/.pico-sdk/sdk/2.1.1/src/rp2_common/pico_stdio/stdio.c.o (strlen)
/usr/lib/gcc/arm-none-eabi/14.2.1/../../../arm-none-eabi/lib/thumb/v8-m.main+fp/softfp/libg.a(libc_a-calloc.o)
                              CMakeFiles/rp2350-template.dir/home/ss1/.pico-sdk/sdk/2.1.1/src/rp2_common/pico_malloc/malloc.c.o (calloc)
/usr/lib/gcc/arm-none-eabi/14.2.1/../../../arm-none-eabi/lib/thumb/v8-m.main+fp/softfp/libg.a(libc_a-callocr.o)
                              /usr/lib/gcc/arm-none-eabi/14.2.1/../../../arm-none-eabi/lib/thumb/v8-m.main+fp/softfp/libg.a(libc_a-calloc.o) (_calloc_r)
/usr/lib/gcc/arm-none-eabi/14.2.1/../../../arm-none-eabi/lib/thumb/v8-m.main+fp/softfp/libg.a(libc_a-realloc.o)
                              CMakeFiles/rp2350-template.dir/home/ss1/.pico-sdk/sdk/2.1.1/src/rp2_common/pico_malloc/malloc.c.o (realloc)
/usr/lib/gcc/arm-none-eabi/14.2.1/../../../arm-none-eabi/lib/thumb/v8-m.main+fp/softfp/libg.a(libc_a-mktime.o)
                              CMakeFiles/rp2350-template.dir/home/ss1/.pico-sdk/sdk/2.1.1/src/common/pico_util/datetime.c.o (mktime)
/usr/lib/gcc/arm-none-eabi/14.2.1/../../../arm-none-eabi/lib/thumb/v8-m.main+fp/softfp/libg.a(libc_a-tzlock.o)
                              /usr/lib/gcc/arm-none-eabi/14.2.1/../../../arm-none-eabi/lib/thumb/v8-m.main+fp/softfp/libg.a(libc_a-mktime.o) (__tz_lock)
/usr/lib/gcc/arm-none-eabi/14.2.1/../../../arm-none-eabi/lib/thumb/v8-m.main+fp/softfp/libg.a(libc_a-mallocr.o)
                              /usr/lib/gcc/arm-none-eabi/14.2.1/../../../arm-none-eabi/lib/thumb/v8-m.main+fp/softfp/libg.a(libc_a-callocr.o) (_malloc_r)
/usr/lib/gcc/arm-none-eabi/14.2.1/../../../arm-none-eabi/lib/thumb/v8-m.main+fp/softfp/libg.a(libc_a-sbrkr.o)
                              /usr/lib/gcc/arm-none-eabi/14.2.1/../../../arm-none-eabi/lib/thumb/v8-m.main+fp/softfp/libg.a(libc_a-mallocr.o) (_sbrk_r)
/usr/lib/gcc/arm-none-eabi/14.2.1/../../../arm-none-eabi/lib/thumb/v8-m.main+fp/softfp/libg.a(libc_a-freer.o)
[...]
Memory Configuration

Name             Origin             Length             Attributes
FLASH            0x10000000         0x00400000         xr
RAM              0x20000000         0x00080000         xrw
SCRATCH_X        0x20080000         0x00001000         xrw
SCRATCH_Y        0x20081000         0x00001000         xrw
*default*        0x00000000         0xffffffff

Linker script and memory map

LOAD /usr/lib/gcc/arm-none-eabi/14.2.1/thumb/v8-m.main+fp/softfp/crti.o
LOAD /usr/lib/gcc/arm-none-eabi/14.2.1/thumb/v8-m.main+fp/softfp/crtbegin.o
LOAD /usr/lib/gcc/arm-none-eabi/14.2.1/../../../arm-none-eabi/lib/thumb/v8-m.main+fp/softfp/crt0.o

.flash_begin    0x10000000        0x0
                0x10000000                        __flash_binary_start = .

.text           0x10000000     0x41cc
                0x10000000                        __logical_binary_start = .
 *(.vectors)
 .vectors       0x10000000      0x124 CMakeFiles/rp2350-template.dir/home/ss1/.pico-sdk/sdk/2.1.1/src/rp2_common/pico_crt0/crt0.S.o
                0x10000000                __vectors
                0x10000000                __VECTOR_TABLE
                0x10000110                isr_invalid
                0x10000110                __default_isrs_start
                0x10000112                isr_nmi
                0x10000114                isr_hardfault
                0x10000116                isr_svcall
                0x10000118                isr_pendsv
                0x1000011a                isr_systick
                0x1000011c                isr_irq30
                0x1000011c                __unhandled_user_irq
                0x1000011c                isr_irq49
                0x1000011c                isr_irq13
                0x1000011c                isr_irq43
                0x1000011c                isr_irq45
                0x1000011c                isr_irq27
                0x1000011c                isr_irq32
                0x1000011c                isr_irq31
                0x1000011c                isr_irq5
                0x1000011c                isr_irq11
                0x1000011c                isr_irq23
                0x1000011c                isr_irq48
                0x1000011c                isr_irq35
                0x1000011c                isr_irq18
                0x1000011c                isr_irq50
                0x1000011c                isr_irq40
                0x1000011c                isr_irq28
                0x1000011c                isr_irq19
                0x1000011c                isr_irq36
                0x1000011c                isr_irq41
                0x1000011c                isr_irq0
                0x1000011c                isr_irq6
                0x1000011c                isr_irq37
                0x1000011c                isr_irq42
                0x1000011c                isr_irq22
                0x1000011c                isr_irq17
                0x1000011c                isr_irq38
                0x1000011c                isr_irq14
                0x1000011c                isr_irq2
                0x1000011c                isr_irq10
                0x1000011c                isr_irq8
                0x1000011c                isr_irq24
                0x1000011c                isr_irq46
                0x1000011c                isr_irq1
                0x1000011c                isr_irq47
                0x1000011c                isr_irq51
                0x1000011c                isr_irq7
                0x1000011c                isr_irq21
                0x1000011c                isr_irq39
                0x1000011c                isr_irq20
                0x1000011c                isr_irq15
                0x1000011c                isr_irq25
                0x1000011c                isr_irq34
                0x1000011c                isr_irq4
                0x1000011c                isr_irq16
                0x1000011c                isr_irq44
                0x1000011c                isr_irq29
                0x1000011c                isr_irq26
                0x1000011c                __default_isrs_end
                0x1000011c                isr_irq33
                0x1000011c                isr_irq3
                0x1000011c                isr_irq12
                0x1000011c                isr_irq9
                0x10000122                unhandled_user_irq_num_in_r0
 *(.binary_info_header)
 .binary_info_header
                0x10000124       0x14 CMakeFiles/rp2350-template.dir/home/ss1/.pico-sdk/sdk/2.1.1/src/rp2_common/pico_crt0/crt0.S.o
                0x10000138                        __binary_info_header_end = .
 *(.embedded_block)
 .embedded_block
                0x10000138       0x14 CMakeFiles/rp2350-template.dir/home/ss1/.pico-sdk/sdk/2.1.1/src/rp2_common/pico_crt0/crt0.S.o
                0x1000014c                        __embedded_block_end = .
 *(.reset)
 .reset         0x1000014c       0xa0 CMakeFiles/rp2350-template.dir/home/ss1/.pico-sdk/sdk/2.1.1/src/rp2_common/pico_crt0/crt0.S.o
                0x1000014c                _entry_point
 *(.init)
 .init          0x100001ec        0x4 /usr/lib/gcc/arm-none-eabi/14.2.1/thumb/v8-m.main+fp/softfp/crti.o
                0x100001ec                _init
 *libgcc.a:cmse_nonsecure_call.o()
 *(EXCLUDE_FILE(*libm.a: *libc.a:*lib_a-mem*.o *libgcc.a:) .text*)
 .text          0x100001f0       0x8c /usr/lib/gcc/arm-none-eabi/14.2.1/thumb/v8-m.main+fp/softfp/crtbegin.o
 .text.startup.main
                0x1000027c        0x8 CMakeFiles/rp2350-template.dir/src/main.c.o
                0x1000027c                main
 .text.panic    0x10000284       0x30 CMakeFiles/rp2350-template.dir/home/ss1/.pico-sdk/sdk/2.1.1/src/rp2_common/pico_platform_panic/panic.c.o
                0x10000284                panic
 .text.hw_claim_or_assert
                0x100002b4       0x58 CMakeFiles/rp2350-template.dir/home/ss1/.pico-sdk/sdk/2.1.1/src/common/hardware_claim/claim.c.o
                0x100002b4                hw_claim_or_assert
 .text.hw_claim_unused_from_range
                0x1000030c       0x80 CMakeFiles/rp2350-template.dir/home/ss1/.pico-sdk/sdk/2.1.1/src/common/hardware_claim/claim.c.o
                0x1000030c                hw_claim_unused_from_range
 .text.next_striped_spin_lock_num
                0x1000038c       0x18 CMakeFiles/rp2350-template.dir/home/ss1/.pico-sdk/sdk/2.1.1/src/rp2_common/hardware_sync/sync.c.o
                0x1000038c                next_striped_spin_lock_num
 .text.spin_lock_claim_unused
                0x100003a4       0x20 CMakeFiles/rp2350-template.dir/home/ss1/.pico-sdk/sdk/2.1.1/src/rp2_common/hardware_sync/sync.c.o
                0x100003a4                spin_lock_claim_unused
 .text.spinlock_set_extexclall
                0x100003c4       0x10 CMakeFiles/rp2350-template.dir/home/ss1/.pico-sdk/sdk/2.1.1/src/rp2_common/hardware_sync_spin_lock/sync_spin_lock.c.o
 .text.spin_locks_reset
                0x100003d4       0x18 CMakeFiles/rp2350-template.dir/home/ss1/.pico-sdk/sdk/2.1.1/src/rp2_common/hardware_sync_spin_lock/sync_spin_lock.c.o
                0x100003d4                spin_locks_reset
 .text.runtime_init_per_core_irq_priorities
                0x100003ec       0x40 CMakeFiles/rp2350-template.dir/home/ss1/.pico-sdk/sdk/2.1.1/src/rp2_common/hardware_irq/irq.c.o
                0x100003ec                runtime_init_per_core_irq_priorities
 .text.irq_set_enabled
                0x1000042c       0x2c CMakeFiles/rp2350-template.dir/home/ss1/.pico-sdk/sdk/2.1.1/src/rp2_common/hardware_irq/irq.c.o
                0x1000042c                irq_set_enabled
 .text.irq_is_enabled
                0x10000458       0x20 CMakeFiles/rp2350-template.dir/home/ss1/.pico-sdk/sdk/2.1.1/src/rp2_common/hardware_irq/irq.c.o
                0x10000458                irq_is_enabled
 .text.irq_set_pending
                0x10000478       0x18 CMakeFiles/rp2350-template.dir/home/ss1/.pico-sdk/sdk/2.1.1/src/rp2_common/hardware_irq/irq.c.o
                0x10000478                irq_set_pending
 .text.irq_has_shared_handler
                0x10000490       0x20 CMakeFiles/rp2350-template.dir/home/ss1/.pico-sdk/sdk/2.1.1/src/rp2_common/hardware_irq/irq.c.o
                0x10000490                irq_has_shared_handler
 .text.irq_set_exclusive_handler
                0x100004b0       0x60 CMakeFiles/rp2350-template.dir/home/ss1/.pico-sdk/sdk/2.1.1/src/rp2_common/hardware_irq/irq.c.o
                0x100004b0                irq_set_exclusive_handler
 .text.irq_add_shared_handler
                0x10000510      0x1e8 CMakeFiles/rp2350-template.dir/home/ss1/.pico-sdk/sdk/2.1.1/src/rp2_common/hardware_irq/irq.c.o
                0x10000510                irq_add_shared_handler
 .text.irq_add_tail_to_free_list
                0x100006f8       0xbc CMakeFiles/rp2350-template.dir/home/ss1/.pico-sdk/sdk/2.1.1/src/rp2_common/hardware_irq/irq.c.o
                0x100006f8                irq_add_tail_to_free_list
 .text.user_irq_claim_unused
                0x100007b4       0x28 CMakeFiles/rp2350-template.dir/home/ss1/.pico-sdk/sdk/2.1.1/src/rp2_common/hardware_irq/irq.c.o
                0x100007b4                user_irq_claim_unused
 .text.lock_init
                0x100007dc        0xc CMakeFiles/rp2350-template.dir/home/ss1/.pico-sdk/sdk/2.1.1/src/common/pico_sync/lock_core.c.o
                0x100007dc                lock_init
 .text.runtime_init_mutex
                0x100007e8       0x4c CMakeFiles/rp2350-template.dir/home/ss1/.pico-sdk/sdk/2.1.1/src/common/pico_sync/mutex.c.o
                0x100007e8                runtime_init_mutex
 .text.mutex_init
                0x10000834       0x1c CMakeFiles/rp2350-template.dir/home/ss1/.pico-sdk/sdk/2.1.1/src/common/pico_sync/mutex.c.o
                0x10000834                mutex_init
 .text.critical_section_init
                0x10000850       0x1c CMakeFiles/rp2350-template.dir/home/ss1/.pico-sdk/sdk/2.1.1/src/common/pico_sync/critical_section.c.o
                0x10000850                critical_section_init
 .text.critical_section_init_with_lock_num
                0x1000086c       0x10 CMakeFiles/rp2350-template.dir/home/ss1/.pico-sdk/sdk/2.1.1/src/common/pico_sync/critical_section.c.o
                0x1000086c                critical_section_init_with_lock_num
 .text.sleep_until_callback
                0x1000087c       0x3c CMakeFiles/rp2350-template.dir/home/ss1/.pico-sdk/sdk/2.1.1/src/common/pico_time/time.c.o
 .text.alarm_pool_irq_handler
                0x100008b8      0x2f0 CMakeFiles/rp2350-template.dir/home/ss1/.pico-sdk/sdk/2.1.1/src/common/pico_time/time.c.o
 .text.runtime_init_default_alarm_pool
                0x10000ba8      0x100 CMakeFiles/rp2350-template.dir/home/ss1/.pico-sdk/sdk/2.1.1/src/common/pico_time/time.c.o
                0x10000ba8                runtime_init_default_alarm_pool
 .text.alarm_pool_get_default
                0x10000ca8        0x8 CMakeFiles/rp2350-template.dir/home/ss1/.pico-sdk/sdk/2.1.1/src/common/pico_time/time.c.o
                0x10000ca8                alarm_pool_get_default
 .text.alarm_pool_add_alarm_at
                0x10000cb0       0xdc CMakeFiles/rp2350-template.dir/home/ss1/.pico-sdk/sdk/2.1.1/src/common/pico_time/time.c.o
                0x10000cb0                alarm_pool_add_alarm_at
 .text.alarm_pool_add_alarm_at_force_in_context
                0x10000d8c       0xc8 CMakeFiles/rp2350-template.dir/home/ss1/.pico-sdk/sdk/2.1.1/src/common/pico_time/time.c.o
                0x10000d8c                alarm_pool_add_alarm_at_force_in_context
 .text.alarm_pool_cancel_alarm
                0x10000e54       0x80 CMakeFiles/rp2350-template.dir/home/ss1/.pico-sdk/sdk/2.1.1/src/common/pico_time/time.c.o
                0x10000e54                alarm_pool_cancel_alarm
 .text.alarm_pool_core_num
                0x10000ed4        0x4 CMakeFiles/rp2350-template.dir/home/ss1/.pico-sdk/sdk/2.1.1/src/common/pico_time/time.c.o
                0x10000ed4                alarm_pool_core_num
 .text.best_effort_wfe_or_timeout
                0x10000ed8       0xd4 CMakeFiles/rp2350-template.dir/home/ss1/.pico-sdk/sdk/2.1.1/src/common/pico_time/time.c.o
                0x10000ed8                best_effort_wfe_or_timeout
 .text.timer_hardware_alarm_claim
                0x10000fac       0x24 CMakeFiles/rp2350-template.dir/home/ss1/.pico-sdk/sdk/2.1.1/src/rp2_common/hardware_timer/timer.c.o
                0x10000fac                timer_hardware_alarm_claim
 .text.timer_time_us_64
                0x10000fd0       0x10 CMakeFiles/rp2350-template.dir/home/ss1/.pico-sdk/sdk/2.1.1/src/rp2_common/hardware_timer/timer.c.o
                0x10000fd0                timer_time_us_64
 .text.time_us_64
                0x10000fe0       0x14 CMakeFiles/rp2350-template.dir/home/ss1/.pico-sdk/sdk/2.1.1/src/rp2_common/hardware_timer/timer.c.o
                0x10000fe0                time_us_64
 .text.clock_configure_undivided
                0x10000ff4       0xd0 CMakeFiles/rp2350-template.dir/home/ss1/.pico-sdk/sdk/2.1.1/src/rp2_common/hardware_clocks/clocks.c.o
                0x10000ff4                clock_configure_undivided
 .text.clock_get_hz
                0x100010c4        0xc CMakeFiles/rp2350-template.dir/home/ss1/.pico-sdk/sdk/2.1.1/src/rp2_common/hardware_clocks/clocks.c.o
                0x100010c4                clock_get_hz
 .text.pll_init
                0x100010d0       0x8c CMakeFiles/rp2350-template.dir/home/ss1/.pico-sdk/sdk/2.1.1/src/rp2_common/hardware_pll/pll.c.o
                0x100010d0                pll_init
 .text.watchdog_reboot
                0x1000115c       0x98 CMakeFiles/rp2350-template.dir/home/ss1/.pico-sdk/sdk/2.1.1/src/rp2_common/hardware_watchdog/watchdog.c.o
                0x1000115c                watchdog_reboot
 .text.tick_start
                0x100011f4       0x18 CMakeFiles/rp2350-template.dir/home/ss1/.pico-sdk/sdk/2.1.1/src/rp2_common/hardware_ticks/ticks.c.o
                0x100011f4                tick_start
 .text.rom_reboot.constprop.0.isra.0
                0x1000120c       0x34 CMakeFiles/rp2350-template.dir/home/ss1/.pico-sdk/sdk/2.1.1/src/rp2_common/pico_bootrom/bootrom.c.o
 .text.rom_func_lookup
                0x10001240       0x18 CMakeFiles/rp2350-template.dir/home/ss1/.pico-sdk/sdk/2.1.1/src/rp2_common/pico_bootrom/bootrom.c.o
                0x10001240                rom_func_lookup
 .text.rom_reset_usb_boot_extra
                0x10001258       0x1c CMakeFiles/rp2350-template.dir/home/ss1/.pico-sdk/sdk/2.1.1/src/rp2_common/pico_bootrom/bootrom.c.o
                0x10001258                rom_reset_usb_boot_extra
 .text.runtime_init_bootrom_locking_enable
                0x10001274       0x14 CMakeFiles/rp2350-template.dir/home/ss1/.pico-sdk/sdk/2.1.1/src/rp2_common/pico_bootrom/bootrom_lock.c.o
                0x10001274                runtime_init_bootrom_locking_enable
 .text.runtime_init_boot_locks_reset
                0x10001288       0x1c CMakeFiles/rp2350-template.dir/home/ss1/.pico-sdk/sdk/2.1.1/src/rp2_common/hardware_boot_lock/boot_lock.c.o
                0x10001288                runtime_init_boot_locks_reset
 .text.xosc_init
                0x100012a4       0x30 CMakeFiles/rp2350-template.dir/home/ss1/.pico-sdk/sdk/2.1.1/src/rp2_common/hardware_xosc/xosc.c.o
                0x100012a4                xosc_init
 .text.first_per_core_initializer
                0x100012d4        0x4 CMakeFiles/rp2350-template.dir/home/ss1/.pico-sdk/sdk/2.1.1/src/rp2_common/pico_runtime/runtime.c.o
 .text.hard_assertion_failure
                0x100012d8        0xc CMakeFiles/rp2350-template.dir/home/ss1/.pico-sdk/sdk/2.1.1/src/rp2_common/pico_runtime/runtime.c.o
                0x100012d8                hard_assertion_failure
 .text.runtime_run_initializers
                0x100012e4       0x20 CMakeFiles/rp2350-template.dir/home/ss1/.pico-sdk/sdk/2.1.1/src/rp2_common/pico_runtime/runtime.c.o
                0x100012e4                runtime_run_initializers
 .text.runtime_init_early_resets
                0x10001304       0x34 CMakeFiles/rp2350-template.dir/home/ss1/.pico-sdk/sdk/2.1.1/src/rp2_common/pico_runtime_init/runtime_init.c.o
                0x10001304                runtime_init_early_resets
 .text.runtime_init_usb_power_down
                0x10001338       0x1c CMakeFiles/rp2350-template.dir/home/ss1/.pico-sdk/sdk/2.1.1/src/rp2_common/pico_runtime_init/runtime_init.c.o
                0x10001338                runtime_init_usb_power_down
 .text.runtime_init_per_core_enable_coprocessors
                0x10001354       0x1c CMakeFiles/rp2350-template.dir/home/ss1/.pico-sdk/sdk/2.1.1/src/rp2_common/pico_runtime_init/runtime_init.c.o
                0x10001354                runtime_init_per_core_enable_coprocessors
 .text.runtime_init_post_clock_resets
                0x10001370       0x20 CMakeFiles/rp2350-template.dir/home/ss1/.pico-sdk/sdk/2.1.1/src/rp2_common/pico_runtime_init/runtime_init.c.o
                0x10001370                runtime_init_post_clock_resets
 .text.runtime_init_bootrom_reset
                0x10001390       0x14 CMakeFiles/rp2350-template.dir/home/ss1/.pico-sdk/sdk/2.1.1/src/rp2_common/pico_runtime_init/runtime_init.c.o
                0x10001390                runtime_init_bootrom_reset
 .text.runtime_init_per_core_bootrom_reset
                0x100013a4       0x14 CMakeFiles/rp2350-template.dir/home/ss1/.pico-sdk/sdk/2.1.1/src/rp2_common/pico_runtime_init/runtime_init.c.o
                0x100013a4                runtime_init_per_core_bootrom_reset
 .text.runtime_init_spin_locks_reset
                0x100013b8        0x4 CMakeFiles/rp2350-template.dir/home/ss1/.pico-sdk/sdk/2.1.1/src/rp2_common/pico_runtime_init/runtime_init.c.o
                0x100013b8                runtime_init_spin_locks_reset
 .text.runtime_init_install_ram_vector_table
                0x100013bc       0x20 CMakeFiles/rp2350-template.dir/home/ss1/.pico-sdk/sdk/2.1.1/src/rp2_common/pico_runtime_init/runtime_init.c.o
                0x100013bc                runtime_init_install_ram_vector_table
 .text.runtime_init_clocks
                0x100013dc       0xdc CMakeFiles/rp2350-template.dir/home/ss1/.pico-sdk/sdk/2.1.1/src/rp2_common/pico_runtime_init/runtime_init_clocks.c.o
                0x100013dc                runtime_init_clocks
 .text._out_char
                0x100014b8        0x8 CMakeFiles/rp2350-template.dir/home/ss1/.pico-sdk/sdk/2.1.1/src/rp2_common/pico_printf/printf.c.o
 .text.weak_raw_vprintf
                0x100014c0       0x30 CMakeFiles/rp2350-template.dir/home/ss1/.pico-sdk/sdk/2.1.1/src/rp2_common/pico_printf/printf.c.o
                0x100014c0                weak_raw_vprintf
 .text._exit    0x100014f0        0x4 CMakeFiles/rp2350-template.dir/home/ss1/.pico-sdk/sdk/2.1.1/src/rp2_common/pico_clib_interface/newlib_interface.c.o
                0x100014f0                _exit
 .text.exit     0x100014f4        0x8 CMakeFiles/rp2350-template.dir/home/ss1/.pico-sdk/sdk/2.1.1/src/rp2_common/pico_clib_interface/newlib_interface.c.o
                0x100014f4                exit
 .text.runtime_init
                0x100014fc       0x24 CMakeFiles/rp2350-template.dir/home/ss1/.pico-sdk/sdk/2.1.1/src/rp2_common/pico_clib_interface/newlib_interface.c.o
                0x100014fc                runtime_init
 .text.stdio_out_chars_no_crlf
                0x10001520        0x8 CMakeFiles/rp2350-template.dir/home/ss1/.pico-sdk/sdk/2.1.1/src/rp2_common/pico_stdio/stdio.c.o
 .text.stdio_out_chars_crlf
                0x10001528       0xb0 CMakeFiles/rp2350-template.dir/home/ss1/.pico-sdk/sdk/2.1.1/src/rp2_common/pico_stdio/stdio.c.o
 .text.stdio_put_string
                0x100015d8       0xec CMakeFiles/rp2350-template.dir/home/ss1/.pico-sdk/sdk/2.1.1/src/rp2_common/pico_stdio/stdio.c.o
                0x100015d8                stdio_put_string
 .text.stdio_set_driver_enabled
                0x100016c4       0x28 CMakeFiles/rp2350-template.dir/home/ss1/.pico-sdk/sdk/2.1.1/src/rp2_common/pico_stdio/stdio.c.o
                0x100016c4                stdio_set_driver_enabled
 .text.stdio_init_all
                0x100016ec        0x4 CMakeFiles/rp2350-template.dir/home/ss1/.pico-sdk/sdk/2.1.1/src/rp2_common/pico_stdio/stdio.c.o
                0x100016ec                stdio_init_all
 .text.__wrap_putchar
                0x100016f0       0x84 CMakeFiles/rp2350-template.dir/home/ss1/.pico-sdk/sdk/2.1.1/src/rp2_common/pico_stdio/stdio.c.o
                0x100016f0                stdio_putchar
                0x100016f0                __wrap_putchar
 .text.__wrap_puts
                0x10001774       0x3c CMakeFiles/rp2350-template.dir/home/ss1/.pico-sdk/sdk/2.1.1/src/rp2_common/pico_stdio/stdio.c.o
                0x10001774                __wrap_puts
                0x10001774                stdio_puts
 .text.resetd_init
                0x100017b0        0x4 CMakeFiles/rp2350-template.dir/home/ss1/.pico-sdk/sdk/2.1.1/src/rp2_common/pico_stdio_usb/reset_interface.c.o
 .text.resetd_reset
                0x100017b4        0xc CMakeFiles/rp2350-template.dir/home/ss1/.pico-sdk/sdk/2.1.1/src/rp2_common/pico_stdio_usb/reset_interface.c.o
 .text.resetd_open
                0x100017c0       0x28 CMakeFiles/rp2350-template.dir/home/ss1/.pico-sdk/sdk/2.1.1/src/rp2_common/pico_stdio_usb/reset_interface.c.o
 .text.resetd_xfer_cb
                0x100017e8        0x4 CMakeFiles/rp2350-template.dir/home/ss1/.pico-sdk/sdk/2.1.1/src/rp2_common/pico_stdio_usb/reset_interface.c.o
 .text.resetd_control_xfer_cb
                0x100017ec       0x50 CMakeFiles/rp2350-template.dir/home/ss1/.pico-sdk/sdk/2.1.1/src/rp2_common/pico_stdio_usb/reset_interface.c.o
 .text.tud_descriptor_bos_cb
                0x1000183c        0x8 CMakeFiles/rp2350-template.dir/home/ss1/.pico-sdk/sdk/2.1.1/src/rp2_common/pico_stdio_usb/reset_interface.c.o
                0x1000183c                tud_descriptor_bos_cb
 .text.tud_vendor_control_xfer_cb
                0x10001844       0x28 CMakeFiles/rp2350-template.dir/home/ss1/.pico-sdk/sdk/2.1.1/src/rp2_common/pico_stdio_usb/reset_interface.c.o
                0x10001844                tud_vendor_control_xfer_cb
 .text.usbd_app_driver_get_cb
                0x1000186c       0x10 CMakeFiles/rp2350-template.dir/home/ss1/.pico-sdk/sdk/2.1.1/src/rp2_common/pico_stdio_usb/reset_interface.c.o
                0x1000186c                usbd_app_driver_get_cb
 .text.tud_cdc_line_coding_cb
                0x1000187c       0x18 CMakeFiles/rp2350-template.dir/home/ss1/.pico-sdk/sdk/2.1.1/src/rp2_common/pico_stdio_usb/reset_interface.c.o
                0x1000187c                tud_cdc_line_coding_cb
 .text.stdio_usb_set_chars_available_callback
                0x10001894       0x14 CMakeFiles/rp2350-template.dir/home/ss1/.pico-sdk/sdk/2.1.1/src/rp2_common/pico_stdio_usb/stdio_usb.c.o
                0x10001894                stdio_usb_set_chars_available_callback
 .text.timer_task
                0x100018a8       0x70 CMakeFiles/rp2350-template.dir/home/ss1/.pico-sdk/sdk/2.1.1/src/rp2_common/pico_stdio_usb/stdio_usb.c.o
 .text.usb_irq  0x10001918        0xc CMakeFiles/rp2350-template.dir/home/ss1/.pico-sdk/sdk/2.1.1/src/rp2_common/pico_stdio_usb/stdio_usb.c.o
 .text.stdio_usb_in_chars
                0x10001924       0x88 CMakeFiles/rp2350-template.dir/home/ss1/.pico-sdk/sdk/2.1.1/src/rp2_common/pico_stdio_usb/stdio_usb.c.o
                0x10001924                stdio_usb_in_chars
 .text.stdio_usb_out_flush
                0x100019ac       0x54 CMakeFiles/rp2350-template.dir/home/ss1/.pico-sdk/sdk/2.1.1/src/rp2_common/pico_stdio_usb/stdio_usb.c.o
 .text.stdio_usb_out_chars
                0x10001a00       0xf4 CMakeFiles/rp2350-template.dir/home/ss1/.pico-sdk/sdk/2.1.1/src/rp2_common/pico_stdio_usb/stdio_usb.c.o
 .text.low_priority_worker_irq
                0x10001af4       0xd8 CMakeFiles/rp2350-template.dir/home/ss1/.pico-sdk/sdk/2.1.1/src/rp2_common/pico_stdio_usb/stdio_usb.c.o
 .text.stdio_usb_init
                0x10001bcc       0xe8 CMakeFiles/rp2350-template.dir/home/ss1/.pico-sdk/sdk/2.1.1/src/rp2_common/pico_stdio_usb/stdio_usb.c.o
                0x10001bcc                stdio_usb_init
 .text.tud_descriptor_device_cb
                0x10001cb4        0x8 CMakeFiles/rp2350-template.dir/home/ss1/.pico-sdk/sdk/2.1.1/src/rp2_common/pico_stdio_usb/stdio_usb_descriptors.c.o
                0x10001cb4                tud_descriptor_device_cb
 .text.tud_descriptor_configuration_cb
                0x10001cbc        0x8 CMakeFiles/rp2350-template.dir/home/ss1/.pico-sdk/sdk/2.1.1/src/rp2_common/pico_stdio_usb/stdio_usb_descriptors.c.o
                0x10001cbc                tud_descriptor_configuration_cb
 .text.tud_descriptor_string_cb
                0x10001cc4       0x70 CMakeFiles/rp2350-template.dir/home/ss1/.pico-sdk/sdk/2.1.1/src/rp2_common/pico_stdio_usb/stdio_usb_descriptors.c.o
                0x10001cc4                tud_descriptor_string_cb
 .text.startup._retrieve_unique_id_on_boot
                0x10001d34       0x30 CMakeFiles/rp2350-template.dir/home/ss1/.pico-sdk/sdk/2.1.1/src/rp2_common/pico_unique_id/unique_id.c.o
 .text.pico_get_unique_board_id_string
                0x10001d64      0x184 CMakeFiles/rp2350-template.dir/home/ss1/.pico-sdk/sdk/2.1.1/src/rp2_common/pico_unique_id/unique_id.c.o
                0x10001d64                pico_get_unique_board_id_string
 .text.dcd_init
                0x10001ee8       0x8c CMakeFiles/rp2350-template.dir/home/ss1/.pico-sdk/sdk/2.1.1/lib/tinyusb/src/portable/raspberrypi/rp2040/dcd_rp2040.c.o
                0x10001ee8                dcd_init
 .text.dcd_int_enable
                0x10001f74        0x8 CMakeFiles/rp2350-template.dir/home/ss1/.pico-sdk/sdk/2.1.1/lib/tinyusb/src/portable/raspberrypi/rp2040/dcd_rp2040.c.o
                0x10001f74                dcd_int_enable
 .text.dcd_set_address
                0x10001f7c       0x10 CMakeFiles/rp2350-template.dir/home/ss1/.pico-sdk/sdk/2.1.1/lib/tinyusb/src/portable/raspberrypi/rp2040/dcd_rp2040.c.o
                0x10001f7c                dcd_set_address
 .text.dcd_sof_enable
                0x10001f8c       0x1c CMakeFiles/rp2350-template.dir/home/ss1/.pico-sdk/sdk/2.1.1/lib/tinyusb/src/portable/raspberrypi/rp2040/dcd_rp2040.c.o
                0x10001f8c                dcd_sof_enable
 .text.dcd_edpt0_status_complete
                0x10001fa8       0x1c CMakeFiles/rp2350-template.dir/home/ss1/.pico-sdk/sdk/2.1.1/lib/tinyusb/src/portable/raspberrypi/rp2040/dcd_rp2040.c.o
                0x10001fa8                dcd_edpt0_status_complete
 .text.dcd_edpt_open
                0x10001fc4      0x104 CMakeFiles/rp2350-template.dir/home/ss1/.pico-sdk/sdk/2.1.1/lib/tinyusb/src/portable/raspberrypi/rp2040/dcd_rp2040.c.o
                0x10001fc4                dcd_edpt_open
 .text.dcd_edpt_close_all
                0x100020c8        0x4 CMakeFiles/rp2350-template.dir/home/ss1/.pico-sdk/sdk/2.1.1/lib/tinyusb/src/portable/raspberrypi/rp2040/dcd_rp2040.c.o
                0x100020c8                dcd_edpt_close_all
 .text.dcd_edpt_xfer
                0x100020cc       0x28 CMakeFiles/rp2350-template.dir/home/ss1/.pico-sdk/sdk/2.1.1/lib/tinyusb/src/portable/raspberrypi/rp2040/dcd_rp2040.c.o
                0x100020cc                dcd_edpt_xfer
 .text.dcd_edpt_stall
                0x100020f4       0x30 CMakeFiles/rp2350-template.dir/home/ss1/.pico-sdk/sdk/2.1.1/lib/tinyusb/src/portable/raspberrypi/rp2040/dcd_rp2040.c.o
                0x100020f4                dcd_edpt_stall
 .text.dcd_edpt_clear_stall
                0x10002124       0x24 CMakeFiles/rp2350-template.dir/home/ss1/.pico-sdk/sdk/2.1.1/lib/tinyusb/src/portable/raspberrypi/rp2040/dcd_rp2040.c.o
                0x10002124                dcd_edpt_clear_stall
 .text.rp2040_usb_init
                0x10002148       0x40 CMakeFiles/rp2350-template.dir/home/ss1/.pico-sdk/sdk/2.1.1/lib/tinyusb/src/portable/raspberrypi/rp2040/rp2040_usb.c.o
                0x10002148                rp2040_usb_init
 .text.hw_endpoint_xfer_start
                0x10002188       0x40 CMakeFiles/rp2350-template.dir/home/ss1/.pico-sdk/sdk/2.1.1/lib/tinyusb/src/portable/raspberrypi/rp2040/rp2040_usb.c.o
                0x10002188                hw_endpoint_xfer_start
 .text.configuration_reset
                0x100021c8       0x8c CMakeFiles/rp2350-template.dir/home/ss1/.pico-sdk/sdk/2.1.1/lib/tinyusb/src/device/usbd.c.o
 .text.tud_event_hook_cb
                0x10002254        0x4 CMakeFiles/rp2350-template.dir/home/ss1/.pico-sdk/sdk/2.1.1/lib/tinyusb/src/device/usbd.c.o
                0x10002254                tud_event_hook_cb
 .text.tud_sof_cb
                0x10002258        0x4 CMakeFiles/rp2350-template.dir/home/ss1/.pico-sdk/sdk/2.1.1/lib/tinyusb/src/device/usbd.c.o
                0x10002258                tud_sof_cb
 .text.tud_descriptor_device_qualifier_cb
                0x1000225c        0x4 CMakeFiles/rp2350-template.dir/home/ss1/.pico-sdk/sdk/2.1.1/lib/tinyusb/src/device/usbd.c.o
                0x1000225c                tud_descriptor_device_qualifier_cb
 .text.tud_descriptor_other_speed_configuration_cb
                0x10002260        0x4 CMakeFiles/rp2350-template.dir/home/ss1/.pico-sdk/sdk/2.1.1/lib/tinyusb/src/device/usbd.c.o
                0x10002260                tud_descriptor_other_speed_configuration_cb
 .text.tud_mount_cb
                0x10002264        0x4 CMakeFiles/rp2350-template.dir/home/ss1/.pico-sdk/sdk/2.1.1/lib/tinyusb/src/device/usbd.c.o
                0x10002264                tud_mount_cb
 .text.tud_umount_cb
                0x10002268        0x4 CMakeFiles/rp2350-template.dir/home/ss1/.pico-sdk/sdk/2.1.1/lib/tinyusb/src/device/usbd.c.o
                0x10002268                tud_umount_cb
 .text.tud_suspend_cb
                0x1000226c        0x4 CMakeFiles/rp2350-template.dir/home/ss1/.pico-sdk/sdk/2.1.1/lib/tinyusb/src/device/usbd.c.o
                0x1000226c                tud_suspend_cb
 .text.tud_resume_cb
                0x10002270        0x4 CMakeFiles/rp2350-template.dir/home/ss1/.pico-sdk/sdk/2.1.1/lib/tinyusb/src/device/usbd.c.o
                0x10002270                tud_resume_cb
 .text.tud_mounted
                0x10002274       0x10 CMakeFiles/rp2350-template.dir/home/ss1/.pico-sdk/sdk/2.1.1/lib/tinyusb/src/device/usbd.c.o
                0x10002274                tud_mounted
 .text.tud_suspended
                0x10002284       0x10 CMakeFiles/rp2350-template.dir/home/ss1/.pico-sdk/sdk/2.1.1/lib/tinyusb/src/device/usbd.c.o
                0x10002284                tud_suspended
 .text.tud_rhport_init
                0x10002294       0xf4 CMakeFiles/rp2350-template.dir/home/ss1/.pico-sdk/sdk/2.1.1/lib/tinyusb/src/device/usbd.c.o
                0x10002294                tud_rhport_init
 .text.tud_task_ext
                0x10002388      0x784 CMakeFiles/rp2350-template.dir/home/ss1/.pico-sdk/sdk/2.1.1/lib/tinyusb/src/device/usbd.c.o
                0x10002388                tud_task_ext
 .text.usbd_open_edpt_pair
                0x10002b0c       0x9c CMakeFiles/rp2350-template.dir/home/ss1/.pico-sdk/sdk/2.1.1/lib/tinyusb/src/device/usbd.c.o
                0x10002b0c                usbd_open_edpt_pair
 .text.usbd_edpt_open
                0x10002ba8       0x44 CMakeFiles/rp2350-template.dir/home/ss1/.pico-sdk/sdk/2.1.1/lib/tinyusb/src/device/usbd.c.o
                0x10002ba8                usbd_edpt_open
 .text.usbd_edpt_claim
                0x10002bec       0x24 CMakeFiles/rp2350-template.dir/home/ss1/.pico-sdk/sdk/2.1.1/lib/tinyusb/src/device/usbd.c.o
                0x10002bec                usbd_edpt_claim
 .text.usbd_edpt_release
                0x10002c10       0x24 CMakeFiles/rp2350-template.dir/home/ss1/.pico-sdk/sdk/2.1.1/lib/tinyusb/src/device/usbd.c.o
                0x10002c10                usbd_edpt_release
 .text.usbd_edpt_xfer
                0x10002c34       0x70 CMakeFiles/rp2350-template.dir/home/ss1/.pico-sdk/sdk/2.1.1/lib/tinyusb/src/device/usbd.c.o
                0x10002c34                usbd_edpt_xfer
 .text.tud_control_status
                0x10002ca4       0x34 CMakeFiles/rp2350-template.dir/home/ss1/.pico-sdk/sdk/2.1.1/lib/tinyusb/src/device/usbd_control.c.o
                0x10002ca4                tud_control_status
 .text.tud_control_xfer
                0x10002cd8       0xb0 CMakeFiles/rp2350-template.dir/home/ss1/.pico-sdk/sdk/2.1.1/lib/tinyusb/src/device/usbd_control.c.o
                0x10002cd8                tud_control_xfer
 .text.usbd_control_reset
                0x10002d88       0x14 CMakeFiles/rp2350-template.dir/home/ss1/.pico-sdk/sdk/2.1.1/lib/tinyusb/src/device/usbd_control.c.o
                0x10002d88                usbd_control_reset
 .text.usbd_control_set_complete_callback
                0x10002d9c        0xc CMakeFiles/rp2350-template.dir/home/ss1/.pico-sdk/sdk/2.1.1/lib/tinyusb/src/device/usbd_control.c.o
                0x10002d9c                usbd_control_set_complete_callback
 .text.usbd_control_set_request
                0x10002da8       0x1c CMakeFiles/rp2350-template.dir/home/ss1/.pico-sdk/sdk/2.1.1/lib/tinyusb/src/device/usbd_control.c.o
                0x10002da8                usbd_control_set_request
 .text.usbd_control_xfer_cb
                0x10002dc4      0x100 CMakeFiles/rp2350-template.dir/home/ss1/.pico-sdk/sdk/2.1.1/lib/tinyusb/src/device/usbd_control.c.o
                0x10002dc4                usbd_control_xfer_cb
 .text._prep_out_transaction.isra.0
                0x10002ec4       0x74 CMakeFiles/rp2350-template.dir/home/ss1/.pico-sdk/sdk/2.1.1/lib/tinyusb/src/class/cdc/cdc_device.c.o
 .text.tud_cdc_n_connected
                0x10002f38       0x2c CMakeFiles/rp2350-template.dir/home/ss1/.pico-sdk/sdk/2.1.1/lib/tinyusb/src/class/cdc/cdc_device.c.o
                0x10002f38                tud_cdc_n_connected
 .text.tud_cdc_n_available
                0x10002f64       0x14 CMakeFiles/rp2350-template.dir/home/ss1/.pico-sdk/sdk/2.1.1/lib/tinyusb/src/class/cdc/cdc_device.c.o
                0x10002f64                tud_cdc_n_available
 .text.tud_cdc_n_read
                0x10002f78       0x90 CMakeFiles/rp2350-template.dir/home/ss1/.pico-sdk/sdk/2.1.1/lib/tinyusb/src/class/cdc/cdc_device.c.o
                0x10002f78                tud_cdc_n_read
 .text.tud_cdc_n_write_flush
                0x10003008       0x8c CMakeFiles/rp2350-template.dir/home/ss1/.pico-sdk/sdk/2.1.1/lib/tinyusb/src/class/cdc/cdc_device.c.o
                0x10003008                tud_cdc_n_write_flush
 .text.tud_cdc_n_write
                0x10003094       0x40 CMakeFiles/rp2350-template.dir/home/ss1/.pico-sdk/sdk/2.1.1/lib/tinyusb/src/class/cdc/cdc_device.c.o
                0x10003094                tud_cdc_n_write
 .text.tud_cdc_n_write_available
                0x100030d4       0x14 CMakeFiles/rp2350-template.dir/home/ss1/.pico-sdk/sdk/2.1.1/lib/tinyusb/src/class/cdc/cdc_device.c.o
                0x100030d4                tud_cdc_n_write_available
 .text.cdcd_init
                0x100030e8       0x70 CMakeFiles/rp2350-template.dir/home/ss1/.pico-sdk/sdk/2.1.1/lib/tinyusb/src/class/cdc/cdc_device.c.o
                0x100030e8                cdcd_init
 .text.cdcd_deinit
                0x10003158       0x30 CMakeFiles/rp2350-template.dir/home/ss1/.pico-sdk/sdk/2.1.1/lib/tinyusb/src/class/cdc/cdc_device.c.o
                0x10003158                cdcd_deinit
 .text.cdcd_reset
                0x10003188       0x4c CMakeFiles/rp2350-template.dir/home/ss1/.pico-sdk/sdk/2.1.1/lib/tinyusb/src/class/cdc/cdc_device.c.o
                0x10003188                cdcd_reset
 .text.cdcd_open
                0x100031d4       0xc0 CMakeFiles/rp2350-template.dir/home/ss1/.pico-sdk/sdk/2.1.1/lib/tinyusb/src/class/cdc/cdc_device.c.o
                0x100031d4                cdcd_open
 .text.cdcd_control_xfer_cb
                0x10003294       0xc0 CMakeFiles/rp2350-template.dir/home/ss1/.pico-sdk/sdk/2.1.1/lib/tinyusb/src/class/cdc/cdc_device.c.o
                0x10003294                cdcd_control_xfer_cb
 .text.cdcd_xfer_cb
                0x10003354       0xf8 CMakeFiles/rp2350-template.dir/home/ss1/.pico-sdk/sdk/2.1.1/lib/tinyusb/src/class/cdc/cdc_device.c.o
                0x10003354                cdcd_xfer_cb
 .text.vendord_init
                0x1000344c       0x5c CMakeFiles/rp2350-template.dir/home/ss1/.pico-sdk/sdk/2.1.1/lib/tinyusb/src/class/vendor/vendor_device.c.o
                0x1000344c                vendord_init
 .text.vendord_deinit
                0x100034a8       0x1c CMakeFiles/rp2350-template.dir/home/ss1/.pico-sdk/sdk/2.1.1/lib/tinyusb/src/class/vendor/vendor_device.c.o
                0x100034a8                vendord_deinit
 .text.vendord_reset
                0x100034c4       0x24 CMakeFiles/rp2350-template.dir/home/ss1/.pico-sdk/sdk/2.1.1/lib/tinyusb/src/class/vendor/vendor_device.c.o
                0x100034c4                vendord_reset
 .text.vendord_open
                0x100034e8       0xf4 CMakeFiles/rp2350-template.dir/home/ss1/.pico-sdk/sdk/2.1.1/lib/tinyusb/src/class/vendor/vendor_device.c.o
                0x100034e8                vendord_open
 .text.vendord_xfer_cb
                0x100035dc       0x88 CMakeFiles/rp2350-template.dir/home/ss1/.pico-sdk/sdk/2.1.1/lib/tinyusb/src/class/vendor/vendor_device.c.o
                0x100035dc                vendord_xfer_cb
 .text.tusb_rhport_init
                0x10003664       0x64 CMakeFiles/rp2350-template.dir/home/ss1/.pico-sdk/sdk/2.1.1/lib/tinyusb/src/tusb.c.o
                0x10003664                tusb_rhport_init
 .text.tu_edpt_claim
                0x100036c8       0x54 CMakeFiles/rp2350-template.dir/home/ss1/.pico-sdk/sdk/2.1.1/lib/tinyusb/src/tusb.c.o
                0x100036c8                tu_edpt_claim
 .text.tu_edpt_release
                0x1000371c       0x38 CMakeFiles/rp2350-template.dir/home/ss1/.pico-sdk/sdk/2.1.1/lib/tinyusb/src/tusb.c.o
                0x1000371c                tu_edpt_release
 .text.tu_edpt_validate
                0x10003754       0x60 CMakeFiles/rp2350-template.dir/home/ss1/.pico-sdk/sdk/2.1.1/lib/tinyusb/src/tusb.c.o
                0x10003754                tu_edpt_validate
 .text.tu_edpt_bind_driver
                0x100037b4       0x58 CMakeFiles/rp2350-template.dir/home/ss1/.pico-sdk/sdk/2.1.1/lib/tinyusb/src/tusb.c.o
                0x100037b4                tu_edpt_bind_driver
 .text.tu_edpt_stream_init
                0x1000380c       0x58 CMakeFiles/rp2350-template.dir/home/ss1/.pico-sdk/sdk/2.1.1/lib/tinyusb/src/tusb.c.o
                0x1000380c                tu_edpt_stream_init
 .text.tu_edpt_stream_deinit
                0x10003864        0x4 CMakeFiles/rp2350-template.dir/home/ss1/.pico-sdk/sdk/2.1.1/lib/tinyusb/src/tusb.c.o
                0x10003864                tu_edpt_stream_deinit
 .text.tu_edpt_stream_write_zlp_if_needed
                0x10003868       0x68 CMakeFiles/rp2350-template.dir/home/ss1/.pico-sdk/sdk/2.1.1/lib/tinyusb/src/tusb.c.o
                0x10003868                tu_edpt_stream_write_zlp_if_needed
 .text.tu_edpt_stream_write_xfer
                0x100038d0       0x70 CMakeFiles/rp2350-template.dir/home/ss1/.pico-sdk/sdk/2.1.1/lib/tinyusb/src/tusb.c.o
                0x100038d0                tu_edpt_stream_write_xfer
 .text.tu_edpt_stream_read_xfer
                0x10003940       0xc8 CMakeFiles/rp2350-template.dir/home/ss1/.pico-sdk/sdk/2.1.1/lib/tinyusb/src/tusb.c.o
                0x10003940                tu_edpt_stream_read_xfer
 .text.tu_fifo_config
                0x10003a08       0x60 CMakeFiles/rp2350-template.dir/home/ss1/.pico-sdk/sdk/2.1.1/lib/tinyusb/src/common/tusb_fifo.c.o
                0x10003a08                tu_fifo_config
 .text.tu_fifo_count
                0x10003a68       0x20 CMakeFiles/rp2350-template.dir/home/ss1/.pico-sdk/sdk/2.1.1/lib/tinyusb/src/common/tusb_fifo.c.o
                0x10003a68                tu_fifo_count
 .text.tu_fifo_empty
                0x10003a88       0x14 CMakeFiles/rp2350-template.dir/home/ss1/.pico-sdk/sdk/2.1.1/lib/tinyusb/src/common/tusb_fifo.c.o
                0x10003a88                tu_fifo_empty
 .text.tu_fifo_remaining
                0x10003a9c       0x24 CMakeFiles/rp2350-template.dir/home/ss1/.pico-sdk/sdk/2.1.1/lib/tinyusb/src/common/tusb_fifo.c.o
                0x10003a9c                tu_fifo_remaining
 .text.tu_fifo_read
                0x10003ac0       0x94 CMakeFiles/rp2350-template.dir/home/ss1/.pico-sdk/sdk/2.1.1/lib/tinyusb/src/common/tusb_fifo.c.o
                0x10003ac0                tu_fifo_read
 .text.tu_fifo_read_n
                0x10003b54       0xd8 CMakeFiles/rp2350-template.dir/home/ss1/.pico-sdk/sdk/2.1.1/lib/tinyusb/src/common/tusb_fifo.c.o
                0x10003b54                tu_fifo_read_n
 .text.tu_fifo_write
                0x10003c2c       0xa4 CMakeFiles/rp2350-template.dir/home/ss1/.pico-sdk/sdk/2.1.1/lib/tinyusb/src/common/tusb_fifo.c.o
                0x10003c2c                tu_fifo_write
 .text.tu_fifo_write_n
                0x10003cd0      0x15c CMakeFiles/rp2350-template.dir/home/ss1/.pico-sdk/sdk/2.1.1/lib/tinyusb/src/common/tusb_fifo.c.o
                0x10003cd0                tu_fifo_write_n
 .text.tu_fifo_clear
                0x10003e2c       0x38 CMakeFiles/rp2350-template.dir/home/ss1/.pico-sdk/sdk/2.1.1/lib/tinyusb/src/common/tusb_fifo.c.o
                0x10003e2c                tu_fifo_clear
 .text.tu_fifo_set_overwritable
                0x10003e64       0x3c CMakeFiles/rp2350-template.dir/home/ss1/.pico-sdk/sdk/2.1.1/lib/tinyusb/src/common/tusb_fifo.c.o
                0x10003e64                tu_fifo_set_overwritable
 .text          0x10003ea0       0xec /usr/lib/gcc/arm-none-eabi/14.2.1/../../../arm-none-eabi/lib/thumb/v8-m.main+fp/softfp/libg.a(libc_a-memcpy.o)
                0x10003ea0                memcpy
 .text          0x10003f8c       0x5c /usr/lib/gcc/arm-none-eabi/14.2.1/../../../arm-none-eabi/lib/thumb/v8-m.main+fp/softfp/libg.a(libc_a-strlen-stub.o)
                0x10003f8c                strlen
 .text          0x10003fe8       0x28 /usr/lib/gcc/arm-none-eabi/14.2.1/../../../arm-none-eabi/lib/thumb/v8-m.main+fp/softfp/libg.a(libc_a-fini.o)
                0x10003fe8                __libc_fini_array
 .text          0x10004010       0x9c /usr/lib/gcc/arm-none-eabi/14.2.1/../../../arm-none-eabi/lib/thumb/v8-m.main+fp/softfp/libg.a(libc_a-memset.o)
                0x10004010                memset
 .text          0x100040ac        0xc /usr/lib/gcc/arm-none-eabi/14.2.1/../../../arm-none-eabi/lib/thumb/v8-m.main+fp/softfp/libg.a(libc_a-atexit.o)
                0x100040ac                atexit
 .text          0x100040b8       0x64 /usr/lib/gcc/arm-none-eabi/14.2.1/../../../arm-none-eabi/lib/thumb/v8-m.main+fp/softfp/libg.a(libc_a-__atexit.o)
                0x100040b8                __register_exitproc
 .text.startup  0x1000411c       0x14 /usr/lib/gcc/arm-none-eabi/14.2.1/../../../arm-none-eabi/lib/thumb/v8-m.main+fp/softfp/libg.a(libc_a-__call_atexit.o)
 *(.fini)
 .fini          0x10004130        0x4 /usr/lib/gcc/arm-none-eabi/14.2.1/thumb/v8-m.main+fp/softfp/crti.o
                0x10004130                _fini
 *fill*         0x10004134        0x4 
 .fini.__stub   0x10004138       0x48 linker stubs
 *crtbegin.o(.ctors)
 *crtbegin?.o(.ctors)
 *(EXCLUDE_FILE(*crtend.o *crtend?.o) .ctors)
 *(SORT_BY_NAME(.ctors.*))
 *(.ctors)
 *crtbegin.o(.dtors)
 *crtbegin?.o(.dtors)
 *(EXCLUDE_FILE(*crtend.o *crtend?.o) .dtors)
 *(SORT_BY_NAME(.dtors.*))
 *(.dtors)
                0x10004180                        . = ALIGN (0x4)
                0x10004180                        PROVIDE (__preinit_array_start = .)
 *(SORT_BY_NAME(.preinit_array.*))
 .preinit_array.00050
                0x10004180        0x4 CMakeFiles/rp2350-template.dir/home/ss1/.pico-sdk/sdk/2.1.1/src/rp2_common/pico_runtime_init/runtime_init.c.o
                0x10004180                __pre_init_runtime_init_bootrom_reset
 .preinit_array.00100
                0x10004184        0x4 CMakeFiles/rp2350-template.dir/home/ss1/.pico-sdk/sdk/2.1.1/src/rp2_common/pico_runtime_init/runtime_init.c.o
                0x10004184                __pre_init_runtime_init_early_resets
 .preinit_array.00101
                0x10004188        0x4 CMakeFiles/rp2350-template.dir/home/ss1/.pico-sdk/sdk/2.1.1/src/rp2_common/pico_runtime_init/runtime_init.c.o
                0x10004188                __pre_init_runtime_init_usb_power_down
 .preinit_array.00500
                0x1000418c        0x4 CMakeFiles/rp2350-template.dir/home/ss1/.pico-sdk/sdk/2.1.1/src/rp2_common/pico_runtime_init/runtime_init.c.o
                0x1000418c                __pre_init_runtime_init_clocks
 .preinit_array.00600
                0x10004190        0x4 CMakeFiles/rp2350-template.dir/home/ss1/.pico-sdk/sdk/2.1.1/src/rp2_common/pico_runtime_init/runtime_init.c.o
                0x10004190                __pre_init_runtime_init_post_clock_resets
 .preinit_array.01000
                0x10004194        0x4 CMakeFiles/rp2350-template.dir/home/ss1/.pico-sdk/sdk/2.1.1/src/rp2_common/hardware_boot_lock/boot_lock.c.o
                0x10004194                __pre_init_runtime_init_boot_locks_reset
 .preinit_array.01000
                0x10004198        0x4 CMakeFiles/rp2350-template.dir/home/ss1/.pico-sdk/sdk/2.1.1/src/rp2_common/pico_runtime_init/runtime_init.c.o
                0x10004198                __pre_init_runtime_init_spin_locks_reset
 .preinit_array.01010
                0x1000419c        0x4 CMakeFiles/rp2350-template.dir/home/ss1/.pico-sdk/sdk/2.1.1/src/rp2_common/pico_bootrom/bootrom_lock.c.o
                0x1000419c                __pre_init_runtime_init_bootrom_locking_enable
 .preinit_array.01100
                0x100041a0        0x4 CMakeFiles/rp2350-template.dir/home/ss1/.pico-sdk/sdk/2.1.1/src/common/pico_sync/mutex.c.o
                0x100041a0                __pre_init_runtime_init_mutex
 .preinit_array.10080
                0x100041a4        0x4 CMakeFiles/rp2350-template.dir/home/ss1/.pico-sdk/sdk/2.1.1/src/rp2_common/pico_runtime_init/runtime_init.c.o
                0x100041a4                __pre_init_runtime_init_install_ram_vector_table
 .preinit_array.11000
                0x100041a8        0x4 CMakeFiles/rp2350-template.dir/home/ss1/.pico-sdk/sdk/2.1.1/src/common/pico_time/time.c.o
                0x100041a8                __pre_init_runtime_init_default_alarm_pool
 .preinit_array.YYYYY
                0x100041ac        0x4 CMakeFiles/rp2350-template.dir/home/ss1/.pico-sdk/sdk/2.1.1/src/rp2_common/pico_runtime/runtime.c.o
                0x100041ac                __pre_init_first_per_core_initializer
 .preinit_array.ZZZZZ.00051
                0x100041b0        0x4 CMakeFiles/rp2350-template.dir/home/ss1/.pico-sdk/sdk/2.1.1/src/rp2_common/pico_runtime_init/runtime_init.c.o
                0x100041b0                __pre_init_runtime_init_per_core_bootrom_reset
 .preinit_array.ZZZZZ.00200
                0x100041b4        0x4 CMakeFiles/rp2350-template.dir/home/ss1/.pico-sdk/sdk/2.1.1/src/rp2_common/pico_runtime_init/runtime_init.c.o
                0x100041b4                __pre_init_runtime_init_per_core_enable_coprocessors
 .preinit_array.ZZZZZ.01000
                0x100041b8        0x4 CMakeFiles/rp2350-template.dir/home/ss1/.pico-sdk/sdk/2.1.1/src/rp2_common/hardware_sync_spin_lock/sync_spin_lock.c.o
                0x100041b8                __pre_init_spinlock_set_extexclall
 .preinit_array.ZZZZZ.01200
                0x100041bc        0x4 CMakeFiles/rp2350-template.dir/home/ss1/.pico-sdk/sdk/2.1.1/src/rp2_common/hardware_irq/irq.c.o
                0x100041bc                __pre_init_runtime_init_per_core_irq_priorities
 *(.preinit_array)
                0x100041c0                        PROVIDE (__preinit_array_end = .)
                0x100041c0                        . = ALIGN (0x4)
                0x100041c0                        PROVIDE (__init_array_start = .)
 *(SORT_BY_NAME(.init_array.*))
 .init_array.00000
                0x100041c0        0x4 /usr/lib/gcc/arm-none-eabi/14.2.1/../../../arm-none-eabi/lib/thumb/v8-m.main+fp/softfp/libg.a(libc_a-__call_atexit.o)
 *(.init_array)
 .init_array    0x100041c4        0x4 /usr/lib/gcc/arm-none-eabi/14.2.1/thumb/v8-m.main+fp/softfp/crtbegin.o
 .init_array    0x100041c8        0x4 CMakeFiles/rp2350-template.dir/home/ss1/.pico-sdk/sdk/2.1.1/src/rp2_common/pico_unique_id/unique_id.c.o
                0x100041cc                        PROVIDE (__init_array_end = .)
                0x100041cc                        . = ALIGN (0x4)
                0x100041cc                        PROVIDE (__fini_array_start = .)
 *(SORT_BY_NAME(.fini_array.*))
 *(.fini_array)
                0x100041cc                        PROVIDE (__fini_array_end = .)
 *(.eh_frame*)
 .eh_frame      0x100041cc        0x0 /usr/lib/gcc/arm-none-eabi/14.2.1/thumb/v8-m.main+fp/softfp/crtbegin.o
                0x100041cc                        . = ALIGN (0x4)

.glue_7         0x100041cc        0x0
 .glue_7        0x100041cc        0x0 linker stubs

.glue_7t        0x100041cc        0x0
 .glue_7t       0x100041cc        0x0 linker stubs

.vfp11_veneer   0x100041cc        0x0
 .vfp11_veneer  0x100041cc        0x0 linker stubs

.v4_bx          0x100041cc        0x0
 .v4_bx         0x100041cc        0x0 linker stubs

.iplt           0x100041cc        0x0
 .iplt          0x100041cc        0x0 /usr/lib/gcc/arm-none-eabi/14.2.1/thumb/v8-m.main+fp/softfp/crtbegin.o

.boot2          0x100041cc        0x0
                0x100041cc                        __boot2_start__ = .
 *(.boot2)
                0x100041cc                        __boot2_end__ = .
                0x00000001                        ASSERT (((__boot2_end__ - __boot2_start__) <= 0x100), ERROR: Pico second stage bootloader must be no more than 256 bytes in size)

.rodata         0x100041cc      0x36c
 *(EXCLUDE_FILE(*libm.a: *libc.a:*lib_a-mem*.o *libgcc.a:) .rodata*)
 .rodata.panic.str1.4
                0x100041cc      0x15c CMakeFiles/rp2350-template.dir/home/ss1/.pico-sdk/sdk/2.1.1/src/rp2_common/pico_platform_panic/panic.c.o
                                 0x12 (size before relaxing)
 .rodata.spin_lock_claim_unused.str1.4
                0x10004328        0x0 CMakeFiles/rp2350-template.dir/home/ss1/.pico-sdk/sdk/2.1.1/src/rp2_common/hardware_sync/sync.c.o
                                 0x1b (size before relaxing)
 .rodata.user_irq_claim_unused.str1.4
                0x10004328        0x0 CMakeFiles/rp2350-template.dir/home/ss1/.pico-sdk/sdk/2.1.1/src/rp2_common/hardware_irq/irq.c.o
                                 0x1b (size before relaxing)
 .rodata.timer_hardware_alarm_claim.str1.4
                0x10004328        0x0 CMakeFiles/rp2350-template.dir/home/ss1/.pico-sdk/sdk/2.1.1/src/rp2_common/hardware_timer/timer.c.o
                                 0x22 (size before relaxing)
 .rodata.hard_assertion_failure.str1.4
                0x10004328        0x0 CMakeFiles/rp2350-template.dir/home/ss1/.pico-sdk/sdk/2.1.1/src/rp2_common/pico_runtime/runtime.c.o
                                  0xc (size before relaxing)
 .rodata.str1.4
                0x10004328        0x0 CMakeFiles/rp2350-template.dir/home/ss1/.pico-sdk/sdk/2.1.1/src/rp2_common/pico_standard_binary_info/standard_binary_info.c.o
                                 0x44 (size before relaxing)
 .rodata.__bi_84
                0x10004328        0xc CMakeFiles/rp2350-template.dir/home/ss1/.pico-sdk/sdk/2.1.1/src/rp2_common/pico_standard_binary_info/standard_binary_info.c.o
 .rodata.__bi_78
                0x10004334        0xc CMakeFiles/rp2350-template.dir/home/ss1/.pico-sdk/sdk/2.1.1/src/rp2_common/pico_standard_binary_info/standard_binary_info.c.o
 .rodata.__bi_54
                0x10004340        0xc CMakeFiles/rp2350-template.dir/home/ss1/.pico-sdk/sdk/2.1.1/src/rp2_common/pico_standard_binary_info/standard_binary_info.c.o
 .rodata.__bi_48
                0x1000434c        0xc CMakeFiles/rp2350-template.dir/home/ss1/.pico-sdk/sdk/2.1.1/src/rp2_common/pico_standard_binary_info/standard_binary_info.c.o
 .rodata.__bi_42
                0x10004358        0xc CMakeFiles/rp2350-template.dir/home/ss1/.pico-sdk/sdk/2.1.1/src/rp2_common/pico_standard_binary_info/standard_binary_info.c.o
 .rodata.__bi_34
                0x10004364        0xc CMakeFiles/rp2350-template.dir/home/ss1/.pico-sdk/sdk/2.1.1/src/rp2_common/pico_standard_binary_info/standard_binary_info.c.o
 .rodata.__bi_26
                0x10004370        0xc CMakeFiles/rp2350-template.dir/home/ss1/.pico-sdk/sdk/2.1.1/src/rp2_common/pico_standard_binary_info/standard_binary_info.c.o
 .rodata.crlf_str.0
                0x1000437c        0x2 CMakeFiles/rp2350-template.dir/home/ss1/.pico-sdk/sdk/2.1.1/src/rp2_common/pico_stdio/stdio.c.o
 *fill*         0x1000437e        0x2 
 .rodata._resetd_driver
                0x10004380       0x20 CMakeFiles/rp2350-template.dir/home/ss1/.pico-sdk/sdk/2.1.1/src/rp2_common/pico_stdio_usb/reset_interface.c.o
 .rodata.desc_ms_os_20
                0x100043a0       0xa6 CMakeFiles/rp2350-template.dir/home/ss1/.pico-sdk/sdk/2.1.1/src/rp2_common/pico_stdio_usb/reset_interface.c.o
 *fill*         0x10004446        0x2 
 .rodata.desc_bos
                0x10004448       0x21 CMakeFiles/rp2350-template.dir/home/ss1/.pico-sdk/sdk/2.1.1/src/rp2_common/pico_stdio_usb/reset_interface.c.o
                0x10004448                desc_bos
 .rodata.str1.4
                0x10004469        0x0 CMakeFiles/rp2350-template.dir/home/ss1/.pico-sdk/sdk/2.1.1/src/rp2_common/pico_stdio_usb/stdio_usb.c.o
                                 0x13 (size before relaxing)
 *fill*         0x10004469        0x3 
 .rodata.__bi_197.0
                0x1000446c        0xc CMakeFiles/rp2350-template.dir/home/ss1/.pico-sdk/sdk/2.1.1/src/rp2_common/pico_stdio_usb/stdio_usb.c.o
 .rodata.str1.4
                0x10004478        0x0 CMakeFiles/rp2350-template.dir/home/ss1/.pico-sdk/sdk/2.1.1/src/rp2_common/pico_stdio_usb/stdio_usb_descriptors.c.o
                                 0x2a (size before relaxing)
 .rodata.usbd_desc_str
                0x10004478       0x18 CMakeFiles/rp2350-template.dir/home/ss1/.pico-sdk/sdk/2.1.1/src/rp2_common/pico_stdio_usb/stdio_usb_descriptors.c.o
 .rodata.usbd_desc_cfg
                0x10004490       0x54 CMakeFiles/rp2350-template.dir/home/ss1/.pico-sdk/sdk/2.1.1/src/rp2_common/pico_stdio_usb/stdio_usb_descriptors.c.o
 .rodata.usbd_desc_device
                0x100044e4       0x12 CMakeFiles/rp2350-template.dir/home/ss1/.pico-sdk/sdk/2.1.1/src/rp2_common/pico_stdio_usb/stdio_usb_descriptors.c.o
 .rodata.str1.4
                0x100044f6        0x0 CMakeFiles/rp2350-template.dir/home/ss1/.pico-sdk/sdk/2.1.1/lib/tinyusb/src/portable/raspberrypi/rp2040/dcd_rp2040.c.o
                                 0x14 (size before relaxing)
 .rodata.str1.4
                0x100044f6        0x0 CMakeFiles/rp2350-template.dir/home/ss1/.pico-sdk/sdk/2.1.1/lib/tinyusb/src/portable/raspberrypi/rp2040/rp2040_usb.c.o
                                 0x48 (size before relaxing)
 *fill*         0x100044f6        0x2 
 .rodata._usbd_driver
                0x100044f8       0x40 CMakeFiles/rp2350-template.dir/home/ss1/.pico-sdk/sdk/2.1.1/lib/tinyusb/src/device/usbd.c.o
 *(.srodata*)
                0x10004538                        . = ALIGN (0x4)
 *(SORT_BY_ALIGNMENT(SORT_BY_NAME(.flashdata*)))
                0x10004538                        . = ALIGN (0x4)

.ARM.extab
 *(.ARM.extab* .gnu.linkonce.armextab.*)
                0x10004538                        __exidx_start = .

.ARM.exidx      0x10004538        0x8
 *(.ARM.exidx* .gnu.linkonce.armexidx.*)
 .ARM.exidx     0x10004538        0x8 /usr/lib/gcc/arm-none-eabi/14.2.1/../../../arm-none-eabi/lib/thumb/v8-m.main+fp/softfp/libg.a(libc_a-memcpy.o)
                0x10004540                        __exidx_end = .
                0x10004540                        . = ALIGN (0x4)
                0x10004540                        __binary_info_start = .

.binary_info    0x10004540       0x20
 *(.binary_info.keep.*)
 .binary_info.keep.__bi_ptr84
                0x10004540        0x4 CMakeFiles/rp2350-template.dir/home/ss1/.pico-sdk/sdk/2.1.1/src/rp2_common/pico_standard_binary_info/standard_binary_info.c.o
 .binary_info.keep.__bi_ptr78
                0x10004544        0x4 CMakeFiles/rp2350-template.dir/home/ss1/.pico-sdk/sdk/2.1.1/src/rp2_common/pico_standard_binary_info/standard_binary_info.c.o
 .binary_info.keep.__bi_ptr54
                0x10004548        0x4 CMakeFiles/rp2350-template.dir/home/ss1/.pico-sdk/sdk/2.1.1/src/rp2_common/pico_standard_binary_info/standard_binary_info.c.o
 .binary_info.keep.__bi_ptr48
                0x1000454c        0x4 CMakeFiles/rp2350-template.dir/home/ss1/.pico-sdk/sdk/2.1.1/src/rp2_common/pico_standard_binary_info/standard_binary_info.c.o
 .binary_info.keep.__bi_ptr42
                0x10004550        0x4 CMakeFiles/rp2350-template.dir/home/ss1/.pico-sdk/sdk/2.1.1/src/rp2_common/pico_standard_binary_info/standard_binary_info.c.o
 .binary_info.keep.__bi_ptr34
                0x10004554        0x4 CMakeFiles/rp2350-template.dir/home/ss1/.pico-sdk/sdk/2.1.1/src/rp2_common/pico_standard_binary_info/standard_binary_info.c.o
 .binary_info.keep.__bi_ptr26
                0x10004558        0x4 CMakeFiles/rp2350-template.dir/home/ss1/.pico-sdk/sdk/2.1.1/src/rp2_common/pico_standard_binary_info/standard_binary_info.c.o
 *(.binary_info.*)
 .binary_info.__bi_ptr197
                0x1000455c        0x4 CMakeFiles/rp2350-template.dir/home/ss1/.pico-sdk/sdk/2.1.1/src/rp2_common/pico_stdio_usb/stdio_usb.c.o
                0x10004560                        __binary_info_end = .
                0x10004560                        . = ALIGN (0x4)

.ram_vector_table
                0x20000000      0x110
 *(.ram_vector_table)
 .ram_vector_table
                0x20000000      0x110 CMakeFiles/rp2350-template.dir/home/ss1/.pico-sdk/sdk/2.1.1/src/rp2_common/pico_runtime_init/runtime_init.c.o
                0x20000000                ram_vector_table

.uninitialized_data
                0x20000110        0x0
                0x20000110                        . = ALIGN (0x4)
 *(.uninitialized_data*)

.data           0x20000110      0xd94 load address 0x10004560
                0x20000110                        __data_start__ = .
 *(vtable)
 *(.time_critical*)
 .time_critical.mutex_try_enter
                0x20000110       0x50 CMakeFiles/rp2350-template.dir/home/ss1/.pico-sdk/sdk/2.1.1/src/common/pico_sync/mutex.c.o
                0x20000110                mutex_try_enter
 .time_critical.mutex_enter_block_until
                0x20000160       0x6c CMakeFiles/rp2350-template.dir/home/ss1/.pico-sdk/sdk/2.1.1/src/common/pico_sync/mutex.c.o
                0x20000160                mutex_enter_block_until
 .time_critical.mutex_try_enter_block_until
                0x200001cc       0x68 CMakeFiles/rp2350-template.dir/home/ss1/.pico-sdk/sdk/2.1.1/src/common/pico_sync/mutex.c.o
                0x200001cc                mutex_try_enter_block_until
 .time_critical.mutex_enter_timeout_ms
                0x20000234       0x38 CMakeFiles/rp2350-template.dir/home/ss1/.pico-sdk/sdk/2.1.1/src/common/pico_sync/mutex.c.o
                0x20000234                mutex_enter_timeout_ms
 .time_critical.mutex_exit
                0x2000026c       0x3c CMakeFiles/rp2350-template.dir/home/ss1/.pico-sdk/sdk/2.1.1/src/common/pico_sync/mutex.c.o
                0x2000026c                mutex_exit
 .time_critical.reset_non_control_endpoints
                0x200002a8       0x64 CMakeFiles/rp2350-template.dir/home/ss1/.pico-sdk/sdk/2.1.1/lib/tinyusb/src/portable/raspberrypi/rp2040/dcd_rp2040.c.o
 .time_critical.hw_handle_buff_status
                0x2000030c       0x90 CMakeFiles/rp2350-template.dir/home/ss1/.pico-sdk/sdk/2.1.1/lib/tinyusb/src/portable/raspberrypi/rp2040/dcd_rp2040.c.o
 .time_critical.dcd_rp2040_irq
                0x2000039c      0x530 CMakeFiles/rp2350-template.dir/home/ss1/.pico-sdk/sdk/2.1.1/lib/tinyusb/src/portable/raspberrypi/rp2040/dcd_rp2040.c.o
 .time_critical.prepare_ep_buffer
                0x200008cc       0xc0 CMakeFiles/rp2350-template.dir/home/ss1/.pico-sdk/sdk/2.1.1/lib/tinyusb/src/portable/raspberrypi/rp2040/rp2040_usb.c.o
 .time_critical.sync_ep_buffer
                0x2000098c       0xb4 CMakeFiles/rp2350-template.dir/home/ss1/.pico-sdk/sdk/2.1.1/lib/tinyusb/src/portable/raspberrypi/rp2040/rp2040_usb.c.o
 .time_critical._hw_endpoint_xfer_sync
                0x20000a40       0x2c CMakeFiles/rp2350-template.dir/home/ss1/.pico-sdk/sdk/2.1.1/lib/tinyusb/src/portable/raspberrypi/rp2040/rp2040_usb.c.o
 .time_critical.e15_is_bulkin_ep
                0x20000a6c       0x28 CMakeFiles/rp2350-template.dir/home/ss1/.pico-sdk/sdk/2.1.1/lib/tinyusb/src/portable/raspberrypi/rp2040/rp2040_usb.c.o
 .time_critical.e15_is_critical_frame_period
                0x20000a94       0x28 CMakeFiles/rp2350-template.dir/home/ss1/.pico-sdk/sdk/2.1.1/lib/tinyusb/src/portable/raspberrypi/rp2040/rp2040_usb.c.o
 .time_critical.hw_endpoint_reset_transfer
                0x20000abc        0xc CMakeFiles/rp2350-template.dir/home/ss1/.pico-sdk/sdk/2.1.1/lib/tinyusb/src/portable/raspberrypi/rp2040/rp2040_usb.c.o
                0x20000abc                hw_endpoint_reset_transfer
 .time_critical._hw_endpoint_buffer_control_update32
                0x20000ac8       0x44 CMakeFiles/rp2350-template.dir/home/ss1/.pico-sdk/sdk/2.1.1/lib/tinyusb/src/portable/raspberrypi/rp2040/rp2040_usb.c.o
                0x20000ac8                _hw_endpoint_buffer_control_update32
 .time_critical.hw_endpoint_start_next_buffer
                0x20000b0c       0x64 CMakeFiles/rp2350-template.dir/home/ss1/.pico-sdk/sdk/2.1.1/lib/tinyusb/src/portable/raspberrypi/rp2040/rp2040_usb.c.o
                0x20000b0c                hw_endpoint_start_next_buffer
 .time_critical.hw_endpoint_xfer_continue
                0x20000b70       0x3c CMakeFiles/rp2350-template.dir/home/ss1/.pico-sdk/sdk/2.1.1/lib/tinyusb/src/portable/raspberrypi/rp2040/rp2040_usb.c.o
                0x20000b70                hw_endpoint_xfer_continue
 .time_critical.tinyusb
                0x20000bac      0x224 CMakeFiles/rp2350-template.dir/home/ss1/.pico-sdk/sdk/2.1.1/lib/tinyusb/src/device/usbd.c.o
                0x20000bac                dcd_event_handler
 .time_critical.tinyusb.__stub
                0x20000dd0       0x30 linker stubs
 *(.text*)
                0x20000e00                        . = ALIGN (0x4)
 *(.rodata*)
                0x20000e00                        . = ALIGN (0x4)
 *(.data*)
 .data.striped_spin_lock_num
                0x20000e00        0x1 CMakeFiles/rp2350-template.dir/home/ss1/.pico-sdk/sdk/2.1.1/src/rp2_common/hardware_sync/sync.c.o
 *fill*         0x20000e01        0x3 
 .data          0x20000e04       0x48 CMakeFiles/rp2350-template.dir/home/ss1/.pico-sdk/sdk/2.1.1/src/rp2_common/hardware_irq/irq_handler_chain.S.o
                0x20000e04                irq_handler_chain_slots
                0x20000e34                irq_handler_chain_first_slot
                0x20000e3e                irq_handler_chain_remove_tail
 .data.default_alarm_pool
                0x20000e4c       0x18 CMakeFiles/rp2350-template.dir/home/ss1/.pico-sdk/sdk/2.1.1/src/common/pico_time/time.c.o
 .data.stdio_usb
                0x20000e64       0x18 CMakeFiles/rp2350-template.dir/home/ss1/.pico-sdk/sdk/2.1.1/src/rp2_common/pico_stdio_usb/stdio_usb.c.o
                0x20000e64                stdio_usb
 .data._usbd_qdef
                0x20000e7c       0x1c CMakeFiles/rp2350-template.dir/home/ss1/.pico-sdk/sdk/2.1.1/lib/tinyusb/src/device/usbd.c.o
                0x20000e7c                _usbd_qdef
 .data._usbd_rhport
                0x20000e98        0x1 CMakeFiles/rp2350-template.dir/home/ss1/.pico-sdk/sdk/2.1.1/lib/tinyusb/src/device/usbd.c.o
 *(.sdata*)
                0x20000e9c                        . = ALIGN (0x4)
 *fill*         0x20000e99        0x3 
 *(.after_data.*)
                0x20000e9c                        . = ALIGN (0x4)
                0x20000e9c                        PROVIDE (__mutex_array_start = .)
 *(SORT_BY_NAME(.mutex_array.*))
 *(.mutex_array)
 .mutex_array   0x20000e9c        0x8 CMakeFiles/rp2350-template.dir/home/ss1/.pico-sdk/sdk/2.1.1/src/rp2_common/pico_stdio/stdio.c.o
                0x20000ea4                        PROVIDE (__mutex_array_end = .)
 *(.jcr)
                0x20000ea4                        . = ALIGN (0x4)

.tm_clone_table
                0x20000ea4        0x0 load address 0x100052f4
 .tm_clone_table
                0x20000ea4        0x0 /usr/lib/gcc/arm-none-eabi/14.2.1/thumb/v8-m.main+fp/softfp/crtbegin.o
 .tm_clone_table
                0x20000ea4        0x0 /usr/lib/gcc/arm-none-eabi/14.2.1/thumb/v8-m.main+fp/softfp/crtend.o

.igot.plt       0x20000ea4        0x0 load address 0x100052f4
 .igot.plt      0x20000ea4        0x0 /usr/lib/gcc/arm-none-eabi/14.2.1/thumb/v8-m.main+fp/softfp/crtbegin.o

.tdata          0x20000ea4        0x0 load address 0x100052f4
                0x20000ea4                        . = ALIGN (0x4)
 *(.tdata .tdata.* .gnu.linkonce.td.*)
                0x20000ea4                        __tdata_end = .
                0x20000ea4                        PROVIDE (__data_end__ = .)
                0x10004560                        __etext = LOADADDR (.data)

.tbss           0x20000ea4        0x0 load address 0x100052f4
                0x20000ea4                        . = ALIGN (0x4)
                0x20000ea4                        __bss_start__ = .
                0x20000ea4                        __tls_base = .
 *(.tbss .tbss.* .gnu.linkonce.tb.*)
 *(.tcommon)
                0x20000ea4                        __tls_end = .

.bss            0x20000ea8      0xdc0 load address 0x100052f4
                0x20000ea8                        . = ALIGN (0x4)
                0x20000ea8                        __tbss_end = .
 *(SORT_BY_ALIGNMENT(SORT_BY_NAME(.bss*)))
 .bss.default_alarm_pool_entries
                0x20000ea8      0x180 CMakeFiles/rp2350-template.dir/home/ss1/.pico-sdk/sdk/2.1.1/src/common/pico_time/time.c.o
 .bss.last_avail_time.1
                0x20001028        0x8 CMakeFiles/rp2350-template.dir/home/ss1/.pico-sdk/sdk/2.1.1/src/rp2_common/pico_stdio_usb/stdio_usb.c.o
 .bss           0x20001030       0x1c /usr/lib/gcc/arm-none-eabi/14.2.1/thumb/v8-m.main+fp/softfp/crtbegin.o
 .bss           0x2000104c      0x190 /usr/lib/gcc/arm-none-eabi/14.2.1/../../../arm-none-eabi/lib/thumb/v8-m.main+fp/softfp/libg.a(libc_a-__atexit.o)
                0x2000104c                __atexit0
 .bss           0x200011dc        0x4 /usr/lib/gcc/arm-none-eabi/14.2.1/../../../arm-none-eabi/lib/thumb/v8-m.main+fp/softfp/libg.a(libc_a-__call_atexit.o)
                0x200011dc                __atexit
 .bss._app_driver
                0x200011e0        0x4 CMakeFiles/rp2350-template.dir/home/ss1/.pico-sdk/sdk/2.1.1/lib/tinyusb/src/device/usbd.c.o
 .bss._cdcd_epbuf
                0x200011e4       0x80 CMakeFiles/rp2350-template.dir/home/ss1/.pico-sdk/sdk/2.1.1/lib/tinyusb/src/class/cdc/cdc_device.c.o
 .bss._cdcd_fifo_cfg
                0x20001264        0x1 CMakeFiles/rp2350-template.dir/home/ss1/.pico-sdk/sdk/2.1.1/lib/tinyusb/src/class/cdc/cdc_device.c.o
 *fill*         0x20001265        0x3 
 .bss._cdcd_itf
                0x20001268       0xc8 CMakeFiles/rp2350-template.dir/home/ss1/.pico-sdk/sdk/2.1.1/lib/tinyusb/src/class/cdc/cdc_device.c.o
 .bss._ctrl_epbuf
                0x20001330       0x40 CMakeFiles/rp2350-template.dir/home/ss1/.pico-sdk/sdk/2.1.1/lib/tinyusb/src/device/usbd_control.c.o
 .bss._ctrl_xfer
                0x20001370       0x14 CMakeFiles/rp2350-template.dir/home/ss1/.pico-sdk/sdk/2.1.1/lib/tinyusb/src/device/usbd_control.c.o
 .bss._sw_spin_locks
                0x20001384       0x20 CMakeFiles/rp2350-template.dir/home/ss1/.pico-sdk/sdk/2.1.1/src/rp2_common/hardware_sync_spin_lock/sync_spin_lock.c.o
                0x20001384                _sw_spin_locks
 .bss._tusb_rhport_role
                0x200013a4        0x2 CMakeFiles/rp2350-template.dir/home/ss1/.pico-sdk/sdk/2.1.1/lib/tinyusb/src/tusb.c.o
                0x200013a4                _tusb_rhport_role
 *fill*         0x200013a6        0x2 
 .bss._ubsd_mutexdef
                0x200013a8        0x8 CMakeFiles/rp2350-template.dir/home/ss1/.pico-sdk/sdk/2.1.1/lib/tinyusb/src/device/usbd.c.o
 .bss._usbd_dev
                0x200013b0       0x54 CMakeFiles/rp2350-template.dir/home/ss1/.pico-sdk/sdk/2.1.1/lib/tinyusb/src/device/usbd.c.o
 .bss._usbd_mutex
                0x20001404        0x4 CMakeFiles/rp2350-template.dir/home/ss1/.pico-sdk/sdk/2.1.1/lib/tinyusb/src/device/usbd.c.o
 .bss._usbd_q   0x20001408        0x4 CMakeFiles/rp2350-template.dir/home/ss1/.pico-sdk/sdk/2.1.1/lib/tinyusb/src/device/usbd.c.o
 .bss._usbd_qdef_buf
                0x2000140c       0xc0 CMakeFiles/rp2350-template.dir/home/ss1/.pico-sdk/sdk/2.1.1/lib/tinyusb/src/device/usbd.c.o
                0x2000140c                _usbd_qdef_buf
 .bss._vendord_epbuf
                0x200014cc       0x80 CMakeFiles/rp2350-template.dir/home/ss1/.pico-sdk/sdk/2.1.1/lib/tinyusb/src/class/vendor/vendor_device.c.o
 .bss._vendord_itf
                0x2000154c      0x24c CMakeFiles/rp2350-template.dir/home/ss1/.pico-sdk/sdk/2.1.1/lib/tinyusb/src/class/vendor/vendor_device.c.o
 .bss.chars_available_callback
                0x20001798        0x4 CMakeFiles/rp2350-template.dir/home/ss1/.pico-sdk/sdk/2.1.1/src/rp2_common/pico_stdio_usb/stdio_usb.c.o
 .bss.chars_available_param
                0x2000179c        0x4 CMakeFiles/rp2350-template.dir/home/ss1/.pico-sdk/sdk/2.1.1/src/rp2_common/pico_stdio_usb/stdio_usb.c.o
 .bss.claimed   0x200017a0        0x4 CMakeFiles/rp2350-template.dir/home/ss1/.pico-sdk/sdk/2.1.1/src/rp2_common/hardware_sync/sync.c.o
 .bss.claimed   0x200017a4        0x2 CMakeFiles/rp2350-template.dir/home/ss1/.pico-sdk/sdk/2.1.1/src/rp2_common/hardware_timer/timer.c.o
 *fill*         0x200017a6        0x2 
 .bss.configured_freq
                0x200017a8       0x28 CMakeFiles/rp2350-template.dir/home/ss1/.pico-sdk/sdk/2.1.1/src/rp2_common/hardware_clocks/clocks.c.o
 .bss.desc_str.0
                0x200017d0       0x28 CMakeFiles/rp2350-template.dir/home/ss1/.pico-sdk/sdk/2.1.1/src/rp2_common/pico_stdio_usb/stdio_usb_descriptors.c.o
 .bss.drivers   0x200017f8        0x4 CMakeFiles/rp2350-template.dir/home/ss1/.pico-sdk/sdk/2.1.1/src/rp2_common/pico_stdio/stdio.c.o
 .bss.e15_last_sof
                0x200017fc        0x4 CMakeFiles/rp2350-template.dir/home/ss1/.pico-sdk/sdk/2.1.1/lib/tinyusb/src/portable/raspberrypi/rp2040/rp2040_usb.c.o
                0x200017fc                e15_last_sof
 .bss.filter    0x20001800        0x4 CMakeFiles/rp2350-template.dir/home/ss1/.pico-sdk/sdk/2.1.1/src/rp2_common/pico_stdio/stdio.c.o
 .bss.hw_endpoints
                0x20001804      0x400 CMakeFiles/rp2350-template.dir/home/ss1/.pico-sdk/sdk/2.1.1/lib/tinyusb/src/portable/raspberrypi/rp2040/dcd_rp2040.c.o
 .bss.lazy_vsnprintf
                0x20001c04        0x4 CMakeFiles/rp2350-template.dir/home/ss1/.pico-sdk/sdk/2.1.1/src/rp2_common/pico_printf/printf.c.o
 .bss.load_value
                0x20001c08        0x4 CMakeFiles/rp2350-template.dir/home/ss1/.pico-sdk/sdk/2.1.1/src/rp2_common/hardware_watchdog/watchdog.c.o
 .bss.next_buffer_ptr
                0x20001c0c        0x4 CMakeFiles/rp2350-template.dir/home/ss1/.pico-sdk/sdk/2.1.1/lib/tinyusb/src/portable/raspberrypi/rp2040/dcd_rp2040.c.o
 .bss.one_shot_timer_crit_sec
                0x20001c10        0x8 CMakeFiles/rp2350-template.dir/home/ss1/.pico-sdk/sdk/2.1.1/src/rp2_common/pico_stdio_usb/stdio_usb.c.o
 .bss.pools     0x20001c18       0x20 CMakeFiles/rp2350-template.dir/home/ss1/.pico-sdk/sdk/2.1.1/src/common/pico_time/time.c.o
 .bss.retrieved_id
                0x20001c38        0x8 CMakeFiles/rp2350-template.dir/home/ss1/.pico-sdk/sdk/2.1.1/src/rp2_common/pico_unique_id/unique_id.c.o
 .bss.sleep_notifier
                0x20001c40        0x4 CMakeFiles/rp2350-template.dir/home/ss1/.pico-sdk/sdk/2.1.1/src/common/pico_time/time.c.o
 .bss.stdio_usb_mutex
                0x20001c44        0x8 CMakeFiles/rp2350-template.dir/home/ss1/.pico-sdk/sdk/2.1.1/src/rp2_common/pico_stdio_usb/stdio_usb.c.o
 .bss.usbd_serial_str
                0x20001c4c       0x11 CMakeFiles/rp2350-template.dir/home/ss1/.pico-sdk/sdk/2.1.1/src/rp2_common/pico_stdio_usb/stdio_usb_descriptors.c.o
 .bss._app_driver_count
                0x20001c5d        0x1 CMakeFiles/rp2350-template.dir/home/ss1/.pico-sdk/sdk/2.1.1/lib/tinyusb/src/device/usbd.c.o
 .bss._sof_enable
                0x20001c5e        0x1 CMakeFiles/rp2350-template.dir/home/ss1/.pico-sdk/sdk/2.1.1/lib/tinyusb/src/portable/raspberrypi/rp2040/dcd_rp2040.c.o
 .bss._usbd_queued_setup
                0x20001c5f        0x1 CMakeFiles/rp2350-template.dir/home/ss1/.pico-sdk/sdk/2.1.1/lib/tinyusb/src/device/usbd.c.o
 .bss.irq_handler_chain_free_slot_head
                0x20001c60        0x1 CMakeFiles/rp2350-template.dir/home/ss1/.pico-sdk/sdk/2.1.1/src/rp2_common/hardware_irq/irq.c.o
 .bss.itf_num   0x20001c61        0x1 CMakeFiles/rp2350-template.dir/home/ss1/.pico-sdk/sdk/2.1.1/src/rp2_common/pico_stdio_usb/reset_interface.c.o
 .bss.low_priority_irq_num
                0x20001c62        0x1 CMakeFiles/rp2350-template.dir/home/ss1/.pico-sdk/sdk/2.1.1/src/rp2_common/pico_stdio_usb/stdio_usb.c.o
 .bss.one_shot_timer_pending
                0x20001c63        0x1 CMakeFiles/rp2350-template.dir/home/ss1/.pico-sdk/sdk/2.1.1/src/rp2_common/pico_stdio_usb/stdio_usb.c.o
 .bss.user_irq_claimed
                0x20001c64        0x1 CMakeFiles/rp2350-template.dir/home/ss1/.pico-sdk/sdk/2.1.1/src/rp2_common/hardware_irq/irq.c.o
 *(COMMON)
                [!provide]                        PROVIDE (__global_pointer$ = (. + 0x800))
 *(.sbss*)
                0x20001c68                        . = ALIGN (0x4)
 *fill*         0x20001c65        0x3 
                0x20001c68                        __bss_end__ = .

.heap           0x20001c68      0x800 load address 0x100052f4
                0x20001c68                        __end__ = .
                0x20001c68                        end = __end__
 *(.heap*)
 .heap          0x20001c68      0x800 CMakeFiles/rp2350-template.dir/home/ss1/.pico-sdk/sdk/2.1.1/src/rp2_common/pico_crt0/crt0.S.o
                0x20080000                        __HeapLimit = (ORIGIN (RAM) + LENGTH (RAM))

.scratch_x      0x20080000        0x0 load address 0x100052f4
                0x20080000                        __scratch_x_start__ = .
 *(.scratch_x.*)
                0x20080000                        . = ALIGN (0x4)
                0x20080000                        __scratch_x_end__ = .
                0x100052f4                        __scratch_x_source__ = LOADADDR (.scratch_x)

.scratch_y      0x20081000        0x0 load address 0x100052f4
                0x20081000                        __scratch_y_start__ = .
 *(.scratch_y.*)
                0x20081000                        . = ALIGN (0x4)
                0x20081000                        __scratch_y_end__ = .
                0x100052f4                        __scratch_y_source__ = LOADADDR (.scratch_y)

.stack1_dummy
 *(.stack1*)

.stack_dummy    0x20081000      0x800
 *(.stack*)
 .stack         0x20081000      0x800 CMakeFiles/rp2350-template.dir/home/ss1/.pico-sdk/sdk/2.1.1/src/rp2_common/pico_crt0/crt0.S.o

.flash_end      0x100052f4       0x14
 *(.embedded_end_block*)
 .embedded_end_block
                0x100052f4       0x14 CMakeFiles/rp2350-template.dir/home/ss1/.pico-sdk/sdk/2.1.1/src/rp2_common/pico_crt0/crt0.S.o
                0x10005308                        PROVIDE (__flash_binary_end = .)
                0x20080000                        __StackLimit = (ORIGIN (RAM) + LENGTH (RAM))
                0x20081000                        __StackOneTop = (ORIGIN (SCRATCH_X) + LENGTH (SCRATCH_X))
                0x20082000                        __StackTop = (ORIGIN (SCRATCH_Y) + LENGTH (SCRATCH_Y))
                0x20081000                        __StackOneBottom = (__StackOneTop - SIZEOF (.stack1_dummy))
                0x20081800                        __StackBottom = (__StackTop - SIZEOF (.stack_dummy))
                0x20082000                        PROVIDE (__stack = __StackTop)
                [!provide]                        PROVIDE (__heap_start = __end__)
                [!provide]                        PROVIDE (__heap_end = __HeapLimit)
                [!provide]                        PROVIDE (__tls_align = MAX (ALIGNOF (.tdata), ALIGNOF (.tbss)))
                [!provide]                        PROVIDE (__tls_size_align = (((__tls_size + __tls_align) - 0x1) & ~ ((__tls_align - 0x1))))
                [!provide]                        PROVIDE (__arm32_tls_tcb_offset = MAX (0x8, __tls_align))
                [!provide]                        PROVIDE (_end = __end__)
                [!provide]                        PROVIDE (__llvm_libc_heap_limit = __HeapLimit)
                0x00000001                        ASSERT ((__StackLimit >= __HeapLimit), region RAM overflowed)
                0x00000001                        ASSERT (((__binary_info_header_end - __logical_binary_start) <= 0x400), Binary info must be in first 1024 bytes of the binary)
                0x00000001                        ASSERT (((__embedded_block_end - __logical_binary_start) <= 0x1000), Embedded block must be in first 4096 bytes of the binary)
LOAD CMakeFiles/rp2350-template.dir/src/main.c.o
LOAD CMakeFiles/rp2350-template.dir/home/ss1/.pico-sdk/sdk/2.1.1/src/rp2_common/pico_stdlib/stdlib.c.o
LOAD CMakeFiles/rp2350-template.dir/home/ss1/.pico-sdk/sdk/2.1.1/src/rp2_common/hardware_gpio/gpio.c.o
LOAD CMakeFiles/rp2350-template.dir/home/ss1/.pico-sdk/sdk/2.1.1/src/rp2350/pico_platform/platform.c.o
LOAD CMakeFiles/rp2350-template.dir/home/ss1/.pico-sdk/sdk/2.1.1/src/rp2_common/pico_platform_panic/panic.c.o
LOAD CMakeFiles/rp2350-template.dir/home/ss1/.pico-sdk/sdk/2.1.1/src/common/hardware_claim/claim.c.o
LOAD CMakeFiles/rp2350-template.dir/home/ss1/.pico-sdk/sdk/2.1.1/src/rp2_common/hardware_sync/sync.c.o
LOAD CMakeFiles/rp2350-template.dir/home/ss1/.pico-sdk/sdk/2.1.1/src/rp2_common/hardware_sync_spin_lock/sync_spin_lock.c.o
LOAD CMakeFiles/rp2350-template.dir/home/ss1/.pico-sdk/sdk/2.1.1/src/rp2_common/hardware_irq/irq.c.o
LOAD CMakeFiles/rp2350-template.dir/home/ss1/.pico-sdk/sdk/2.1.1/src/rp2_common/hardware_irq/irq_handler_chain.S.o
LOAD CMakeFiles/rp2350-template.dir/home/ss1/.pico-sdk/sdk/2.1.1/src/common/pico_sync/sem.c.o
LOAD CMakeFiles/rp2350-template.dir/home/ss1/.pico-sdk/sdk/2.1.1/src/common/pico_sync/lock_core.c.o
LOAD CMakeFiles/rp2350-template.dir/home/ss1/.pico-sdk/sdk/2.1.1/src/common/pico_sync/mutex.c.o
LOAD CMakeFiles/rp2350-template.dir/home/ss1/.pico-sdk/sdk/2.1.1/src/common/pico_sync/critical_section.c.o
LOAD CMakeFiles/rp2350-template.dir/home/ss1/.pico-sdk/sdk/2.1.1/src/common/pico_time/time.c.o
LOAD CMakeFiles/rp2350-template.dir/home/ss1/.pico-sdk/sdk/2.1.1/src/common/pico_time/timeout_helper.c.o
LOAD CMakeFiles/rp2350-template.dir/home/ss1/.pico-sdk/sdk/2.1.1/src/rp2_common/hardware_timer/timer.c.o
LOAD CMakeFiles/rp2350-template.dir/home/ss1/.pico-sdk/sdk/2.1.1/src/common/pico_util/datetime.c.o
LOAD CMakeFiles/rp2350-template.dir/home/ss1/.pico-sdk/sdk/2.1.1/src/common/pico_util/pheap.c.o
LOAD CMakeFiles/rp2350-template.dir/home/ss1/.pico-sdk/sdk/2.1.1/src/common/pico_util/queue.c.o
LOAD CMakeFiles/rp2350-template.dir/home/ss1/.pico-sdk/sdk/2.1.1/src/rp2_common/hardware_uart/uart.c.o
LOAD CMakeFiles/rp2350-template.dir/home/ss1/.pico-sdk/sdk/2.1.1/src/rp2_common/hardware_clocks/clocks.c.o
LOAD CMakeFiles/rp2350-template.dir/home/ss1/.pico-sdk/sdk/2.1.1/src/rp2_common/hardware_pll/pll.c.o
LOAD CMakeFiles/rp2350-template.dir/home/ss1/.pico-sdk/sdk/2.1.1/src/rp2_common/hardware_vreg/vreg.c.o
LOAD CMakeFiles/rp2350-template.dir/home/ss1/.pico-sdk/sdk/2.1.1/src/rp2_common/hardware_watchdog/watchdog.c.o
LOAD CMakeFiles/rp2350-template.dir/home/ss1/.pico-sdk/sdk/2.1.1/src/rp2_common/hardware_ticks/ticks.c.o
LOAD CMakeFiles/rp2350-template.dir/home/ss1/.pico-sdk/sdk/2.1.1/src/rp2_common/pico_bootrom/bootrom.c.o
LOAD CMakeFiles/rp2350-template.dir/home/ss1/.pico-sdk/sdk/2.1.1/src/rp2_common/pico_bootrom/bootrom_lock.c.o
LOAD CMakeFiles/rp2350-template.dir/home/ss1/.pico-sdk/sdk/2.1.1/src/rp2_common/hardware_boot_lock/boot_lock.c.o
LOAD CMakeFiles/rp2350-template.dir/home/ss1/.pico-sdk/sdk/2.1.1/src/rp2_common/pico_flash/flash.c.o
LOAD CMakeFiles/rp2350-template.dir/home/ss1/.pico-sdk/sdk/2.1.1/src/rp2_common/hardware_xosc/xosc.c.o
LOAD CMakeFiles/rp2350-template.dir/home/ss1/.pico-sdk/sdk/2.1.1/src/rp2_common/hardware_divider/divider.c.o
LOAD CMakeFiles/rp2350-template.dir/home/ss1/.pico-sdk/sdk/2.1.1/src/rp2_common/pico_runtime/runtime.c.o
LOAD CMakeFiles/rp2350-template.dir/home/ss1/.pico-sdk/sdk/2.1.1/src/rp2_common/pico_runtime_init/runtime_init.c.o
LOAD CMakeFiles/rp2350-template.dir/home/ss1/.pico-sdk/sdk/2.1.1/src/rp2_common/pico_runtime_init/runtime_init_clocks.c.o
LOAD CMakeFiles/rp2350-template.dir/home/ss1/.pico-sdk/sdk/2.1.1/src/rp2_common/pico_runtime_init/runtime_init_stack_guard.c.o
LOAD CMakeFiles/rp2350-template.dir/home/ss1/.pico-sdk/sdk/2.1.1/src/rp2_common/pico_bit_ops/bit_ops_aeabi.S.o
LOAD CMakeFiles/rp2350-template.dir/home/ss1/.pico-sdk/sdk/2.1.1/src/rp2_common/pico_divider/divider_compiler.c.o
LOAD CMakeFiles/rp2350-template.dir/home/ss1/.pico-sdk/sdk/2.1.1/src/rp2_common/pico_double/double_math.c.o
LOAD CMakeFiles/rp2350-template.dir/home/ss1/.pico-sdk/sdk/2.1.1/src/rp2_common/pico_double/double_aeabi_dcp.S.o
LOAD CMakeFiles/rp2350-template.dir/home/ss1/.pico-sdk/sdk/2.1.1/src/rp2_common/pico_double/double_fma_dcp.S.o
LOAD CMakeFiles/rp2350-template.dir/home/ss1/.pico-sdk/sdk/2.1.1/src/rp2_common/pico_double/double_sci_m33.S.o
LOAD CMakeFiles/rp2350-template.dir/home/ss1/.pico-sdk/sdk/2.1.1/src/rp2_common/pico_double/double_conv_m33.S.o
LOAD CMakeFiles/rp2350-template.dir/home/ss1/.pico-sdk/sdk/2.1.1/src/rp2_common/pico_float/float_math.c.o
LOAD CMakeFiles/rp2350-template.dir/home/ss1/.pico-sdk/sdk/2.1.1/src/rp2_common/pico_float/float_conv32_vfp.S.o
LOAD CMakeFiles/rp2350-template.dir/home/ss1/.pico-sdk/sdk/2.1.1/src/rp2_common/pico_float/float_common_m33.S.o
LOAD CMakeFiles/rp2350-template.dir/home/ss1/.pico-sdk/sdk/2.1.1/src/rp2_common/pico_float/float_sci_m33_vfp.S.o
LOAD CMakeFiles/rp2350-template.dir/home/ss1/.pico-sdk/sdk/2.1.1/src/rp2_common/pico_malloc/malloc.c.o
LOAD CMakeFiles/rp2350-template.dir/home/ss1/.pico-sdk/sdk/2.1.1/src/rp2_common/pico_atomic/atomic.c.o
LOAD CMakeFiles/rp2350-template.dir/home/ss1/.pico-sdk/sdk/2.1.1/src/rp2_common/pico_cxx_options/new_delete.cpp.o
LOAD CMakeFiles/rp2350-template.dir/home/ss1/.pico-sdk/sdk/2.1.1/src/rp2_common/pico_standard_binary_info/standard_binary_info.c.o
LOAD CMakeFiles/rp2350-template.dir/home/ss1/.pico-sdk/sdk/2.1.1/src/rp2_common/pico_printf/printf.c.o
LOAD CMakeFiles/rp2350-template.dir/home/ss1/.pico-sdk/sdk/2.1.1/src/rp2_common/pico_crt0/crt0.S.o
LOAD CMakeFiles/rp2350-template.dir/home/ss1/.pico-sdk/sdk/2.1.1/src/rp2_common/pico_clib_interface/newlib_interface.c.o
LOAD CMakeFiles/rp2350-template.dir/home/ss1/.pico-sdk/sdk/2.1.1/src/rp2_common/pico_stdio/stdio.c.o
LOAD CMakeFiles/rp2350-template.dir/home/ss1/.pico-sdk/sdk/2.1.1/src/rp2_common/pico_stdio_usb/reset_interface.c.o
LOAD CMakeFiles/rp2350-template.dir/home/ss1/.pico-sdk/sdk/2.1.1/src/rp2_common/pico_stdio_usb/stdio_usb.c.o
LOAD CMakeFiles/rp2350-template.dir/home/ss1/.pico-sdk/sdk/2.1.1/src/rp2_common/pico_stdio_usb/stdio_usb_descriptors.c.o
LOAD CMakeFiles/rp2350-template.dir/home/ss1/.pico-sdk/sdk/2.1.1/src/rp2_common/pico_unique_id/unique_id.c.o
LOAD CMakeFiles/rp2350-template.dir/home/ss1/.pico-sdk/sdk/2.1.1/src/rp2_common/hardware_flash/flash.c.o
LOAD CMakeFiles/rp2350-template.dir/home/ss1/.pico-sdk/sdk/2.1.1/src/rp2_common/hardware_xip_cache/xip_cache.c.o
LOAD CMakeFiles/rp2350-template.dir/home/ss1/.pico-sdk/sdk/2.1.1/lib/tinyusb/src/portable/raspberrypi/rp2040/dcd_rp2040.c.o
LOAD CMakeFiles/rp2350-template.dir/home/ss1/.pico-sdk/sdk/2.1.1/lib/tinyusb/src/portable/raspberrypi/rp2040/rp2040_usb.c.o
LOAD CMakeFiles/rp2350-template.dir/home/ss1/.pico-sdk/sdk/2.1.1/lib/tinyusb/src/device/usbd.c.o
LOAD CMakeFiles/rp2350-template.dir/home/ss1/.pico-sdk/sdk/2.1.1/lib/tinyusb/src/device/usbd_control.c.o
LOAD CMakeFiles/rp2350-template.dir/home/ss1/.pico-sdk/sdk/2.1.1/lib/tinyusb/src/class/audio/audio_device.c.o
LOAD CMakeFiles/rp2350-template.dir/home/ss1/.pico-sdk/sdk/2.1.1/lib/tinyusb/src/class/cdc/cdc_device.c.o
LOAD CMakeFiles/rp2350-template.dir/home/ss1/.pico-sdk/sdk/2.1.1/lib/tinyusb/src/class/dfu/dfu_device.c.o
LOAD CMakeFiles/rp2350-template.dir/home/ss1/.pico-sdk/sdk/2.1.1/lib/tinyusb/src/class/dfu/dfu_rt_device.c.o
LOAD CMakeFiles/rp2350-template.dir/home/ss1/.pico-sdk/sdk/2.1.1/lib/tinyusb/src/class/hid/hid_device.c.o
LOAD CMakeFiles/rp2350-template.dir/home/ss1/.pico-sdk/sdk/2.1.1/lib/tinyusb/src/class/midi/midi_device.c.o
LOAD CMakeFiles/rp2350-template.dir/home/ss1/.pico-sdk/sdk/2.1.1/lib/tinyusb/src/class/msc/msc_device.c.o
LOAD CMakeFiles/rp2350-template.dir/home/ss1/.pico-sdk/sdk/2.1.1/lib/tinyusb/src/class/net/ecm_rndis_device.c.o
LOAD CMakeFiles/rp2350-template.dir/home/ss1/.pico-sdk/sdk/2.1.1/lib/tinyusb/src/class/net/ncm_device.c.o
LOAD CMakeFiles/rp2350-template.dir/home/ss1/.pico-sdk/sdk/2.1.1/lib/tinyusb/src/class/usbtmc/usbtmc_device.c.o
LOAD CMakeFiles/rp2350-template.dir/home/ss1/.pico-sdk/sdk/2.1.1/lib/tinyusb/src/class/vendor/vendor_device.c.o
LOAD CMakeFiles/rp2350-template.dir/home/ss1/.pico-sdk/sdk/2.1.1/lib/tinyusb/src/class/video/video_device.c.o
LOAD CMakeFiles/rp2350-template.dir/home/ss1/.pico-sdk/sdk/2.1.1/lib/tinyusb/src/tusb.c.o
LOAD CMakeFiles/rp2350-template.dir/home/ss1/.pico-sdk/sdk/2.1.1/lib/tinyusb/src/common/tusb_fifo.c.o
LOAD CMakeFiles/rp2350-template.dir/home/ss1/.pico-sdk/sdk/2.1.1/src/rp2_common/pico_fix/rp2040_usb_device_enumeration/rp2040_usb_device_enumeration.c.o
LOAD pico-sdk/src/rp2350/boot_stage2/CMakeFiles/bs2_default_library.dir/./bs2_default_padded_checksummed.S.o
LOAD /usr/lib/gcc/arm-none-eabi/14.2.1/../../../arm-none-eabi/lib/thumb/v8-m.main+fp/softfp/libstdc++.a
LOAD /usr/lib/gcc/arm-none-eabi/14.2.1/../../../arm-none-eabi/lib/thumb/v8-m.main+fp/softfp/libm.a
START GROUP
LOAD /usr/lib/gcc/arm-none-eabi/14.2.1/thumb/v8-m.main+fp/softfp/libgcc.a
LOAD /usr/lib/gcc/arm-none-eabi/14.2.1/../../../arm-none-eabi/lib/thumb/v8-m.main+fp/softfp/libg.a
LOAD /usr/lib/gcc/arm-none-eabi/14.2.1/../../../arm-none-eabi/lib/thumb/v8-m.main+fp/softfp/libc.a
END GROUP
START GROUP
LOAD /usr/lib/gcc/arm-none-eabi/14.2.1/thumb/v8-m.main+fp/softfp/libgcc.a
LOAD /usr/lib/gcc/arm-none-eabi/14.2.1/../../../arm-none-eabi/lib/thumb/v8-m.main+fp/softfp/libc.a
LOAD /usr/lib/gcc/arm-none-eabi/14.2.1/../../../arm-none-eabi/lib/thumb/v8-m.main+fp/softfp/libnosys.a
END GROUP
LOAD /usr/lib/gcc/arm-none-eabi/14.2.1/thumb/v8-m.main+fp/softfp/crtend.o
LOAD /usr/lib/gcc/arm-none-eabi/14.2.1/thumb/v8-m.main+fp/softfp/crtn.o
OUTPUT(rp2350-template.elf elf32-littlearm)
LOAD linker stubs

.rel.dyn        0x10005308        0x0
 .rel.iplt      0x10005308        0x0 /usr/lib/gcc/arm-none-eabi/14.2.1/thumb/v8-m.main+fp/softfp/crtbegin.o

.ARM.attributes
                0x00000000       0x34
 .ARM.attributes
                0x00000000       0x26 /usr/lib/gcc/arm-none-eabi/14.2.1/thumb/v8-m.main+fp/softfp/crti.o
 .ARM.attributes
                0x00000026       0x36 /usr/lib/gcc/arm-none-eabi/14.2.1/thumb/v8-m.main+fp/softfp/crtbegin.o
 .ARM.attributes
                0x0000005c       0x38 CMakeFiles/rp2350-template.dir/src/main.c.o
 .ARM.attributes
                0x00000094       0x38 CMakeFiles/rp2350-template.dir/home/ss1/.pico-sdk/sdk/2.1.1/src/rp2_common/pico_platform_panic/panic.c.o
 .ARM.attributes
                0x000000cc       0x38 CMakeFiles/rp2350-template.dir/home/ss1/.pico-sdk/sdk/2.1.1/src/common/hardware_claim/claim.c.o
 .ARM.attributes
                0x00000104       0x38 CMakeFiles/rp2350-template.dir/home/ss1/.pico-sdk/sdk/2.1.1/src/rp2_common/hardware_sync/sync.c.o
 .ARM.attributes
                0x0000013c       0x38 CMakeFiles/rp2350-template.dir/home/ss1/.pico-sdk/sdk/2.1.1/src/rp2_common/hardware_sync_spin_lock/sync_spin_lock.c.o
 .ARM.attributes
                0x00000174       0x38 CMakeFiles/rp2350-template.dir/home/ss1/.pico-sdk/sdk/2.1.1/src/rp2_common/hardware_irq/irq.c.o
 .ARM.attributes
                0x000001ac       0x28 CMakeFiles/rp2350-template.dir/home/ss1/.pico-sdk/sdk/2.1.1/src/rp2_common/hardware_irq/irq_handler_chain.S.o
 .ARM.attributes
                0x000001d4       0x38 CMakeFiles/rp2350-template.dir/home/ss1/.pico-sdk/sdk/2.1.1/src/common/pico_sync/lock_core.c.o
 .ARM.attributes
                0x0000020c       0x38 CMakeFiles/rp2350-template.dir/home/ss1/.pico-sdk/sdk/2.1.1/src/common/pico_sync/mutex.c.o
 .ARM.attributes
                0x00000244       0x38 CMakeFiles/rp2350-template.dir/home/ss1/.pico-sdk/sdk/2.1.1/src/common/pico_sync/critical_section.c.o
 .ARM.attributes
                0x0000027c       0x38 CMakeFiles/rp2350-template.dir/home/ss1/.pico-sdk/sdk/2.1.1/src/common/pico_time/time.c.o
 .ARM.attributes
                0x000002b4       0x38 CMakeFiles/rp2350-template.dir/home/ss1/.pico-sdk/sdk/2.1.1/src/rp2_common/hardware_timer/timer.c.o
 .ARM.attributes
                0x000002ec       0x38 CMakeFiles/rp2350-template.dir/home/ss1/.pico-sdk/sdk/2.1.1/src/rp2_common/hardware_clocks/clocks.c.o
 .ARM.attributes
                0x00000324       0x38 CMakeFiles/rp2350-template.dir/home/ss1/.pico-sdk/sdk/2.1.1/src/rp2_common/hardware_pll/pll.c.o
 .ARM.attributes
                0x0000035c       0x38 CMakeFiles/rp2350-template.dir/home/ss1/.pico-sdk/sdk/2.1.1/src/rp2_common/hardware_watchdog/watchdog.c.o
 .ARM.attributes
                0x00000394       0x38 CMakeFiles/rp2350-template.dir/home/ss1/.pico-sdk/sdk/2.1.1/src/rp2_common/hardware_ticks/ticks.c.o
 .ARM.attributes
                0x000003cc       0x38 CMakeFiles/rp2350-template.dir/home/ss1/.pico-sdk/sdk/2.1.1/src/rp2_common/pico_bootrom/bootrom.c.o
 .ARM.attributes
                0x00000404       0x38 CMakeFiles/rp2350-template.dir/home/ss1/.pico-sdk/sdk/2.1.1/src/rp2_common/pico_bootrom/bootrom_lock.c.o
 .ARM.attributes
                0x0000043c       0x38 CMakeFiles/rp2350-template.dir/home/ss1/.pico-sdk/sdk/2.1.1/src/rp2_common/hardware_boot_lock/boot_lock.c.o
 .ARM.attributes
                0x00000474       0x38 CMakeFiles/rp2350-template.dir/home/ss1/.pico-sdk/sdk/2.1.1/src/rp2_common/hardware_xosc/xosc.c.o
 .ARM.attributes
                0x000004ac       0x38 CMakeFiles/rp2350-template.dir/home/ss1/.pico-sdk/sdk/2.1.1/src/rp2_common/pico_runtime/runtime.c.o
 .ARM.attributes
                0x000004e4       0x38 CMakeFiles/rp2350-template.dir/home/ss1/.pico-sdk/sdk/2.1.1/src/rp2_common/pico_runtime_init/runtime_init.c.o
 .ARM.attributes
                0x0000051c       0x38 CMakeFiles/rp2350-template.dir/home/ss1/.pico-sdk/sdk/2.1.1/src/rp2_common/pico_runtime_init/runtime_init_clocks.c.o
 .ARM.attributes
                0x00000554       0x38 CMakeFiles/rp2350-template.dir/home/ss1/.pico-sdk/sdk/2.1.1/src/rp2_common/pico_standard_binary_info/standard_binary_info.c.o
 .ARM.attributes
                0x0000058c       0x38 CMakeFiles/rp2350-template.dir/home/ss1/.pico-sdk/sdk/2.1.1/src/rp2_common/pico_printf/printf.c.o
 .ARM.attributes
                0x000005c4       0x28 CMakeFiles/rp2350-template.dir/home/ss1/.pico-sdk/sdk/2.1.1/src/rp2_common/pico_crt0/crt0.S.o
 .ARM.attributes
                0x000005ec       0x38 CMakeFiles/rp2350-template.dir/home/ss1/.pico-sdk/sdk/2.1.1/src/rp2_common/pico_clib_interface/newlib_interface.c.o
 .ARM.attributes
                0x00000624       0x38 CMakeFiles/rp2350-template.dir/home/ss1/.pico-sdk/sdk/2.1.1/src/rp2_common/pico_stdio/stdio.c.o
 .ARM.attributes
                0x0000065c       0x38 CMakeFiles/rp2350-template.dir/home/ss1/.pico-sdk/sdk/2.1.1/src/rp2_common/pico_stdio_usb/reset_interface.c.o
 .ARM.attributes
                0x00000694       0x38 CMakeFiles/rp2350-template.dir/home/ss1/.pico-sdk/sdk/2.1.1/src/rp2_common/pico_stdio_usb/stdio_usb.c.o
 .ARM.attributes
                0x000006cc       0x38 CMakeFiles/rp2350-template.dir/home/ss1/.pico-sdk/sdk/2.1.1/src/rp2_common/pico_stdio_usb/stdio_usb_descriptors.c.o
 .ARM.attributes
                0x00000704       0x38 CMakeFiles/rp2350-template.dir/home/ss1/.pico-sdk/sdk/2.1.1/src/rp2_common/pico_unique_id/unique_id.c.o
 .ARM.attributes
                0x0000073c       0x38 CMakeFiles/rp2350-template.dir/home/ss1/.pico-sdk/sdk/2.1.1/lib/tinyusb/src/portable/raspberrypi/rp2040/dcd_rp2040.c.o
 .ARM.attributes
                0x00000774       0x38 CMakeFiles/rp2350-template.dir/home/ss1/.pico-sdk/sdk/2.1.1/lib/tinyusb/src/portable/raspberrypi/rp2040/rp2040_usb.c.o
 .ARM.attributes
                0x000007ac       0x38 CMakeFiles/rp2350-template.dir/home/ss1/.pico-sdk/sdk/2.1.1/lib/tinyusb/src/device/usbd.c.o
 .ARM.attributes
                0x000007e4       0x38 CMakeFiles/rp2350-template.dir/home/ss1/.pico-sdk/sdk/2.1.1/lib/tinyusb/src/device/usbd_control.c.o
 .ARM.attributes
                0x0000081c       0x38 CMakeFiles/rp2350-template.dir/home/ss1/.pico-sdk/sdk/2.1.1/lib/tinyusb/src/class/cdc/cdc_device.c.o
 .ARM.attributes
                0x00000854       0x38 CMakeFiles/rp2350-template.dir/home/ss1/.pico-sdk/sdk/2.1.1/lib/tinyusb/src/class/vendor/vendor_device.c.o
 .ARM.attributes
                0x0000088c       0x38 CMakeFiles/rp2350-template.dir/home/ss1/.pico-sdk/sdk/2.1.1/lib/tinyusb/src/tusb.c.o
 .ARM.attributes
                0x000008c4       0x38 CMakeFiles/rp2350-template.dir/home/ss1/.pico-sdk/sdk/2.1.1/lib/tinyusb/src/common/tusb_fifo.c.o
 .ARM.attributes
                0x000008fc       0x24 /usr/lib/gcc/arm-none-eabi/14.2.1/../../../arm-none-eabi/lib/thumb/v8-m.main+fp/softfp/libg.a(libc_a-memcpy.o)
 .ARM.attributes
                0x00000920       0x36 /usr/lib/gcc/arm-none-eabi/14.2.1/../../../arm-none-eabi/lib/thumb/v8-m.main+fp/softfp/libg.a(libc_a-strlen-stub.o)
 .ARM.attributes
                0x00000956       0x36 /usr/lib/gcc/arm-none-eabi/14.2.1/../../../arm-none-eabi/lib/thumb/v8-m.main+fp/softfp/libg.a(libc_a-fini.o)
 .ARM.attributes
                0x0000098c       0x36 /usr/lib/gcc/arm-none-eabi/14.2.1/../../../arm-none-eabi/lib/thumb/v8-m.main+fp/softfp/libg.a(libc_a-memset.o)
 .ARM.attributes