     VMA      LMA     Size Align Out     In      Symbol
       0        0        0     1 PROVIDE( RAM_ORIGIN = RAM_ORIGIN_DEFAULT)
       0        0        0     1 PROVIDE( RAM_LENGTH = RAM_LENGTH_DEFAULT)
       0        0        0     1 PROVIDE( SCRATCH_X_ORIGIN = SCRATCH_X_ORIGIN_DEFAULT)
       0        0        0     1 PROVIDE( SCRATCH_X_LENGTH = SCRATCH_X_LENGTH_DEFAULT)
       0        0        0     1 PROVIDE( SCRATCH_Y_ORIGIN = SCRATCH_Y_ORIGIN_DEFAULT)
       0        0        0     1 PROVIDE( SCRATCH_Y_LENGTH = SCRATCH_Y_LENGTH_DEFAULT)
       0        0        0     1 PROVIDE( XIP_RAM_ORIGIN = XIP_RAM_ORIGIN_DEFAULT)
       0        0        0     1 PROVIDE( XIP_RAM_LENGTH = XIP_RAM_LENGTH_DEFAULT)
       0        0        0     1 RAM_ORIGIN = DEFINED(RAM_ORIGIN) ? RAM_ORIGIN : RAM_ORIGIN_DEFAULT
       0        0        0     1 RAM_LENGTH = DEFINED(RAM_LENGTH) ? RAM_LENGTH : RAM_LENGTH_DEFAULT
       0        0        0     1 SCRATCH_X_ORIGIN = DEFINED(SCRATCH_X_ORIGIN) ? SCRATCH_X_ORIGIN : SCRATCH_X_ORIGIN_DEFAULT
       0        0        0     1 SCRATCH_X_LENGTH = DEFINED(SCRATCH_X_LENGTH) ? SCRATCH_X_LENGTH : SCRATCH_X_LENGTH_DEFAULT
       0        0        0     1 SCRATCH_Y_ORIGIN = DEFINED(SCRATCH_Y_ORIGIN) ? SCRATCH_Y_ORIGIN : SCRATCH_Y_ORIGIN_DEFAULT
       0        0        0     1 SCRATCH_Y_LENGTH = DEFINED(SCRATCH_Y_LENGTH) ? SCRATCH_Y_LENGTH : SCRATCH_Y_LENGTH_DEFAULT
       0        0        0     1 XIP_RAM_ORIGIN = DEFINED(XIP_RAM_ORIGIN) ? XIP_RAM_ORIGIN : XIP_RAM_ORIGIN_DEFAULT
       0        0        0     1 XIP_RAM_LENGTH = DEFINED(XIP_RAM_LENGTH) ? XIP_RAM_LENGTH : XIP_RAM_LENGTH_DEFAULT
10000000 10000000        0     1 .flash_begin
10000000 10000000        0     1         __flash_binary_start = .
10000000 10000000     31a4     8 .text
10000000 10000000        0     1         __logical_binary_start = .
10000000 10000000      124     4         CMakeFiles/rp2350-template.dir/pico-sdk/src/rp2_common/pico_crt0/crt0.S.o:(.vectors)
10000000 10000000        0     1                 $d
10000000 10000000        0     1                 __vectors
10000000 10000000        0     1                 __VECTOR_TABLE
10000110 10000110        0     1                 $t
10000110 10000110        0     1                 __vectors_end
10000110 10000110        0     1                 __default_isrs_start
10000111 10000111        0     1                 isr_memmanage
10000111 10000111        0     1                 isr_busfault
10000111 10000111        0     1                 isr_usagefault
10000111 10000111        0     1                 isr_securefault
10000111 10000111        0     1                 isr_debugmonitor
10000111 10000111        0     1                 isr_irq0
10000111 10000111        0     1                 isr_irq1
10000111 10000111        0     1                 isr_irq2
10000111 10000111        0     1                 isr_irq3
10000111 10000111        0     1                 isr_irq4
10000111 10000111        0     1                 isr_irq5
10000111 10000111        0     1                 isr_irq6
10000111 10000111        0     1                 isr_irq7
10000111 10000111        0     1                 isr_irq8
10000111 10000111        0     1                 isr_irq9
10000111 10000111        0     1                 isr_irq10
10000111 10000111        0     1                 isr_irq11
10000111 10000111        0     1                 isr_irq12
10000111 10000111        0     1                 isr_irq13
10000111 10000111        0     1                 isr_irq14
10000111 10000111        0     1                 isr_irq15
10000111 10000111        0     1                 isr_irq16
10000111 10000111        0     1                 isr_irq17
10000111 10000111        0     1                 isr_irq18
10000111 10000111        0     1                 isr_irq19
10000111 10000111        0     1                 isr_irq20
10000111 10000111        0     1                 isr_irq21
10000111 10000111        0     1                 isr_irq22
10000111 10000111        0     1                 isr_irq23
10000111 10000111        0     1                 isr_irq24
10000111 10000111        0     1                 isr_irq25
10000111 10000111        0     1                 isr_irq26
10000111 10000111        0     1                 isr_irq27
10000111 10000111        0     1                 isr_irq28
10000111 10000111        0     1                 isr_irq29
10000111 10000111        0     1                 isr_irq30
10000111 10000111        0     1                 isr_irq31
10000111 10000111        0     1                 isr_irq32
10000111 10000111        0     1                 isr_irq33
10000111 10000111        0     1                 isr_irq34
10000111 10000111        0     1                 isr_irq35
10000111 10000111        0     1                 isr_irq36
10000111 10000111        0     1                 isr_irq37
10000111 10000111        0     1                 isr_irq38
10000111 10000111        0     1                 isr_irq39
10000111 10000111        0     1                 isr_irq40
10000111 10000111        0     1                 isr_irq41
10000111 10000111        0     1                 isr_irq42
10000111 10000111        0     1                 isr_irq43
10000111 10000111        0     1                 isr_irq44
10000111 10000111        0     1                 isr_irq45
10000111 10000111        0     1                 isr_irq46
10000111 10000111        0     1                 isr_irq47
10000111 10000111        0     1                 isr_irq48
10000111 10000111        0     1                 isr_irq49
10000111 10000111        0     1                 isr_irq50
10000111 10000111        0     1                 isr_irq51
10000111 10000111        0     1                 __unhandled_user_irq
10000116 10000116        0     1                 unhandled_user_irq_num_in_r0
10000119 10000119        0     1                 isr_invalid
1000011b 1000011b        0     1                 isr_nmi
1000011d 1000011d        0     1                 isr_hardfault
1000011f 1000011f        0     1                 isr_svcall
10000121 10000121        0     1                 isr_pendsv
10000123 10000123        0     1                 isr_systick
10000124 10000124        0     1                 __default_isrs_end
10000124 10000124       14     1         CMakeFiles/rp2350-template.dir/pico-sdk/src/rp2_common/pico_crt0/crt0.S.o:(.binary_info_header)
10000124 10000124        0     1                 binary_info_header
10000138 10000138        0     1         __binary_info_header_end = .
10000138 10000138       14     4         CMakeFiles/rp2350-template.dir/pico-sdk/src/rp2_common/pico_crt0/crt0.S.o:(.embedded_block)
10000138 10000138        0     1                 embedded_block
1000014c 1000014c        0     1                 embedded_block_end
1000014c 1000014c        0     1         __embedded_block_end = .
1000014c 1000014c       94     4         CMakeFiles/rp2350-template.dir/pico-sdk/src/rp2_common/pico_crt0/crt0.S.o:(.reset)
1000014c 1000014c        0     1                 $t
1000014d 1000014d        0     1                 _entry_point
1000014e 1000014e        0     1                 _enter_vtable_in_r0
1000015b 1000015b        0     1                 _reset_handler
10000162 10000162        0     1                 hold_non_core0_in_bootrom
1000017c 1000017c        0     1                 bss_fill_loop
1000017e 1000017e        0     1                 bss_fill_test
10000182 10000182        0     1                 platform_entry
10000192 10000192        0     1                 data_cpy_loop
10000196 10000196        0     1                 data_cpy
1000019a 1000019a        0     1                 data_cpy_done
1000019c 1000019c        0     1                 data_cpy_table
1000019c 1000019c        0     1                 $d
100001c4 100001c4        0     1                 $t
100001c8 100001c8        0     1                 $d
100001e0 100001e0       2e     4         CMakeFiles/rp2350-template.dir/pico-sdk/src/rp2_common/pico_platform_panic/panic.c.o:(.text.panic)
100001e0 100001e0        0     1                 $t
100001e1 100001e1       2e     1                 panic
10000210 10000210       52     4         CMakeFiles/rp2350-template.dir/pico-sdk/src/common/hardware_claim/claim.c.o:(.text.hw_claim_or_assert)
10000210 10000210        0     1                 $t
10000211 10000211       52     1                 hw_claim_or_assert
10000264 10000264       18     4         CMakeFiles/rp2350-template.dir/pico-sdk/src/rp2_common/hardware_sync/sync.c.o:(.text.next_striped_spin_lock_num)
10000264 10000264        0     1                 $t
10000265 10000265       18     1                 next_striped_spin_lock_num
1000027c 1000027c       1c     4         CMakeFiles/rp2350-template.dir/pico-sdk/src/rp2_common/hardware_sync_spin_lock/sync_spin_lock.c.o:(.text.spin_locks_reset)
1000027c 1000027c        0     1                 $t
1000027d 1000027d       1c     1                 spin_locks_reset
10000298 10000298       12     4         CMakeFiles/rp2350-template.dir/pico-sdk/src/rp2_common/hardware_sync_spin_lock/sync_spin_lock.c.o:(.text.spinlock_set_extexclall)
10000298 10000298        0     1                 $t
10000299 10000299       12     1                 spinlock_set_extexclall
100002ac 100002ac       24     4         CMakeFiles/rp2350-template.dir/pico-sdk/src/rp2_common/hardware_irq/irq.c.o:(.text.runtime_init_per_core_irq_priorities)
100002ac 100002ac        0     1                 $t
100002ad 100002ad       24     1                 runtime_init_per_core_irq_priorities
100002d0 100002d0       2e     4         CMakeFiles/rp2350-template.dir/pico-sdk/src/rp2_common/hardware_irq/irq.c.o:(.text.irq_set_enabled)
100002d0 100002d0        0     1                 $t
100002d1 100002d1       2e     1                 irq_set_enabled
10000300 10000300       86     4         CMakeFiles/rp2350-template.dir/pico-sdk/src/rp2_common/hardware_irq/irq.c.o:(.text.irq_set_exclusive_handler)
10000300 10000300        0     1                 $t
10000301 10000301       86     1                 irq_set_exclusive_handler
10000388 10000388        e     4         CMakeFiles/rp2350-template.dir/pico-sdk/src/common/pico_sync/lock_core.c.o:(.text.lock_init)
10000388 10000388        0     1                 $t
10000389 10000389        e     1                 lock_init
10000398 10000398       72     4         CMakeFiles/rp2350-template.dir/pico-sdk/src/common/pico_sync/mutex.c.o:(.text.runtime_init_mutex)
10000398 10000398        0     1                 $t
10000399 10000399       72     1                 runtime_init_mutex
1000040c 1000040c       a4     4         CMakeFiles/rp2350-template.dir/pico-sdk/src/common/pico_time/time.c.o:(.text.runtime_init_default_alarm_pool)
1000040c 1000040c        0     1                 $t
1000040d 1000040d       a4     1                 runtime_init_default_alarm_pool
100004b0 100004b0      38a     4         CMakeFiles/rp2350-template.dir/pico-sdk/src/common/pico_time/time.c.o:(.text.alarm_pool_irq_handler)
100004b0 100004b0        0     1                 $t
100004b1 100004b1      38a     1                 alarm_pool_irq_handler
1000083c 1000083c       c4     4         CMakeFiles/rp2350-template.dir/pico-sdk/src/common/pico_time/time.c.o:(.text.alarm_pool_add_alarm_at_force_in_context)
1000083c 1000083c        0     1                 $t
1000083d 1000083d       c4     1                 alarm_pool_add_alarm_at_force_in_context
10000900 10000900       4e     4         CMakeFiles/rp2350-template.dir/pico-sdk/src/common/pico_time/time.c.o:(.text.sleep_until_callback)
10000900 10000900        0     1                 $t
10000901 10000901       4e     1                 sleep_until_callback
10000950 10000950      1d4     4         CMakeFiles/rp2350-template.dir/pico-sdk/src/common/pico_time/time.c.o:(.text.best_effort_wfe_or_timeout)
10000950 10000950        0     1                 $t
10000951 10000951      1d4     1                 best_effort_wfe_or_timeout
10000b24 10000b24       24     4         CMakeFiles/rp2350-template.dir/pico-sdk/src/rp2_common/hardware_timer/timer.c.o:(.text.timer_hardware_alarm_claim)
10000b24 10000b24        0     1                 $t
10000b25 10000b25       24     1                 timer_hardware_alarm_claim
10000b48 10000b48       12     4         CMakeFiles/rp2350-template.dir/pico-sdk/src/rp2_common/hardware_timer/timer.c.o:(.text.timer_time_us_64)
10000b48 10000b48        0     1                 $t
10000b49 10000b49       12     1                 timer_time_us_64
10000b5c 10000b5c       14     4         CMakeFiles/rp2350-template.dir/pico-sdk/src/rp2_common/hardware_timer/timer.c.o:(.text.time_us_64)
10000b5c 10000b5c        0     1                 $t
10000b5d 10000b5d       14     1                 time_us_64
10000b70 10000b70       b6     4         CMakeFiles/rp2350-template.dir/pico-sdk/src/rp2_common/hardware_clocks/clocks.c.o:(.text.clock_configure_internal)
10000b70 10000b70        0     1                 $t
10000b71 10000b71       b6     1                 clock_configure_internal
10000c28 10000c28       14     4         CMakeFiles/rp2350-template.dir/pico-sdk/src/rp2_common/hardware_clocks/clocks.c.o:(.text.clock_configure_undivided)
10000c28 10000c28        0     1                 $t
10000c29 10000c29       14     1                 clock_configure_undivided
10000c3c 10000c3c       10     4         CMakeFiles/rp2350-template.dir/pico-sdk/src/rp2_common/hardware_clocks/clocks.c.o:(.text.clock_get_hz)
10000c3c 10000c3c        0     1                 $t
10000c3d 10000c3d       10     1                 clock_get_hz
10000c4c 10000c4c      12a     4         CMakeFiles/rp2350-template.dir/pico-sdk/src/rp2_common/hardware_pll/pll.c.o:(.text.pll_init)
10000c4c 10000c4c        0     1                 $t
10000c4d 10000c4d      12a     1                 pll_init
10000d78 10000d78       1a     4         CMakeFiles/rp2350-template.dir/pico-sdk/src/rp2_common/hardware_ticks/ticks.c.o:(.text.tick_start)
10000d78 10000d78        0     1                 $t
10000d79 10000d79       1a     1                 tick_start
10000d94 10000d94       16     4         CMakeFiles/rp2350-template.dir/pico-sdk/src/rp2_common/pico_bootrom/bootrom.c.o:(.text.rom_func_lookup)
10000d94 10000d94        0     1                 $t
10000d95 10000d95       16     1                 rom_func_lookup
10000dac 10000dac       14     4         CMakeFiles/rp2350-template.dir/pico-sdk/src/rp2_common/pico_bootrom/bootrom_lock.c.o:(.text.runtime_init_bootrom_locking_enable)
10000dac 10000dac        0     1                 $t
10000dad 10000dad       14     1                 runtime_init_bootrom_locking_enable
10000dc0 10000dc0       1a     4         CMakeFiles/rp2350-template.dir/pico-sdk/src/rp2_common/hardware_boot_lock/boot_lock.c.o:(.text.runtime_init_boot_locks_reset)
10000dc0 10000dc0        0     1                 $t
10000dc1 10000dc1       1a     1                 runtime_init_boot_locks_reset
10000ddc 10000ddc       32     4         CMakeFiles/rp2350-template.dir/pico-sdk/src/rp2_common/hardware_xosc/xosc.c.o:(.text.xosc_init)
10000ddc 10000ddc        0     1                 $t
10000ddd 10000ddd       32     1                 xosc_init
10000e10 10000e10        2     4         CMakeFiles/rp2350-template.dir/pico-sdk/src/rp2_common/pico_runtime/runtime.c.o:(.text.first_per_core_initializer)
10000e10 10000e10        0     1                 $t
10000e11 10000e11        2     1                 first_per_core_initializer
10000e14 10000e14       14     4         CMakeFiles/rp2350-template.dir/pico-sdk/src/rp2_common/pico_runtime_init/runtime_init.c.o:(.text.runtime_init_bootrom_reset)
10000e14 10000e14        0     1                 $t
10000e15 10000e15       14     1                 runtime_init_bootrom_reset
10000e28 10000e28       14     4         CMakeFiles/rp2350-template.dir/pico-sdk/src/rp2_common/pico_runtime_init/runtime_init.c.o:(.text.runtime_init_per_core_bootrom_reset)
10000e28 10000e28        0     1                 $t
10000e29 10000e29       14     1                 runtime_init_per_core_bootrom_reset
10000e3c 10000e3c       36     4         CMakeFiles/rp2350-template.dir/pico-sdk/src/rp2_common/pico_runtime_init/runtime_init.c.o:(.text.runtime_init_early_resets)
10000e3c 10000e3c        0     1                 $t
10000e3d 10000e3d       36     1                 runtime_init_early_resets
10000e74 10000e74       20     4         CMakeFiles/rp2350-template.dir/pico-sdk/src/rp2_common/pico_runtime_init/runtime_init.c.o:(.text.runtime_init_usb_power_down)
10000e74 10000e74        0     1                 $t
10000e75 10000e75       20     1                 runtime_init_usb_power_down
10000e94 10000e94       1c     4         CMakeFiles/rp2350-template.dir/pico-sdk/src/rp2_common/pico_runtime_init/runtime_init.c.o:(.text.runtime_init_per_core_enable_coprocessors)
10000e94 10000e94        0     1                 $t
10000e95 10000e95       1c     1                 runtime_init_per_core_enable_coprocessors
10000eb0 10000eb0       1e     4         CMakeFiles/rp2350-template.dir/pico-sdk/src/rp2_common/pico_runtime_init/runtime_init.c.o:(.text.runtime_init_post_clock_resets)
10000eb0 10000eb0        0     1                 $t
10000eb1 10000eb1       1e     1                 runtime_init_post_clock_resets
10000ed0 10000ed0        4     4         CMakeFiles/rp2350-template.dir/pico-sdk/src/rp2_common/pico_runtime_init/runtime_init.c.o:(.text.runtime_init_spin_locks_reset)
10000ed0 10000ed0        0     1                 $t
10000ed1 10000ed1        4     1                 runtime_init_spin_locks_reset
10000ed4 10000ed4       6a     4         CMakeFiles/rp2350-template.dir/pico-sdk/src/rp2_common/pico_runtime_init/runtime_init.c.o:(.text.runtime_init_install_ram_vector_table)
10000ed4 10000ed4        0     1                 $t
10000ed5 10000ed5       6a     1                 runtime_init_install_ram_vector_table
10000f40 10000f40       ee     4         CMakeFiles/rp2350-template.dir/pico-sdk/src/rp2_common/pico_runtime_init/runtime_init_clocks.c.o:(.text.runtime_init_clocks)
10000f40 10000f40        0     1                 $t
10000f41 10000f41       ee     1                 runtime_init_clocks
1000102e 1000102e       3a     1         CMakeFiles/rp2350-template.dir/pico-sdk/src/rp2_common/pico_double/double_aeabi_dcp.S.o:(.text.__rp2350_dcp_engaged_state_save_restore)
1000102e 1000102e        0     1                 $t
1000102f 1000102f        0     1                 generic_save_state
1000104f 1000104f        0     1                 generic_restore_state
10001068 10001068       28     4         CMakeFiles/rp2350-template.dir/pico-sdk/src/rp2_common/pico_double/double_aeabi_dcp.S.o:(.text.__wrap___aeabi_dadd)
10001068 10001068        0     1                 $t
10001071 10001071        0     1                 __wrap___aeabi_dadd
10001090 10001090       28     4         CMakeFiles/rp2350-template.dir/pico-sdk/src/rp2_common/pico_double/double_aeabi_dcp.S.o:(.text.__wrap___aeabi_dsub)
10001090 10001090        0     1                 $t
10001099 10001099        0     1                 __wrap___aeabi_dsub
100010b8 100010b8       48     4         CMakeFiles/rp2350-template.dir/pico-sdk/src/rp2_common/pico_double/double_aeabi_dcp.S.o:(.text.__wrap___aeabi_dmul)
100010b8 100010b8        0     1                 $t
100010c1 100010c1        0     1                 __wrap___aeabi_dmul
10001100 10001100       9c     4         CMakeFiles/rp2350-template.dir/pico-sdk/src/rp2_common/pico_double/double_aeabi_dcp.S.o:(.text.__wrap___aeabi_ddiv)
10001100 10001100        0     1                 $t
10001109 10001109        0     1                 __wrap___aeabi_ddiv
1000119c 1000119c       24     4         CMakeFiles/rp2350-template.dir/pico-sdk/src/rp2_common/pico_double/double_aeabi_dcp.S.o:(.text.__wrap___aeabi_i2d)
1000119c 1000119c        0     1                 $t
100011a5 100011a5        0     1                 int2double
100011a5 100011a5        0     1                 __wrap___aeabi_i2d
100011c0 100011c0       24     4         CMakeFiles/rp2350-template.dir/pico-sdk/src/rp2_common/pico_double/double_aeabi_dcp.S.o:(.text.__wrap___aeabi_ui2d)
100011c0 100011c0        0     1                 $t
100011c9 100011c9        0     1                 uint2double
100011c9 100011c9        0     1                 __wrap___aeabi_ui2d
100011e4 100011e4       24     4         CMakeFiles/rp2350-template.dir/pico-sdk/src/rp2_common/pico_double/double_aeabi_dcp.S.o:(.text.__wrap___aeabi_d2iz)
100011e4 100011e4        0     1                 $t
100011ed 100011ed        0     1                 double2int_z
100011ed 100011ed        0     1                 __wrap___aeabi_d2iz
100011f2 100011f2        0     1                 double2int_z_entry
10001208 10001208       24     4         CMakeFiles/rp2350-template.dir/pico-sdk/src/rp2_common/pico_double/double_aeabi_dcp.S.o:(.text.__wrap___aeabi_d2uiz)
10001208 10001208        0     1                 $t
10001211 10001211        0     1                 double2uint
10001211 10001211        0     1                 double2uint_z
10001211 10001211        0     1                 __wrap___aeabi_d2uiz
10001216 10001216        0     1                 double2uint_z_entry
1000122c 1000122c       24     4         CMakeFiles/rp2350-template.dir/pico-sdk/src/rp2_common/pico_double/double_aeabi_dcp.S.o:(.text.__wrap___aeabi_dcmpun)
1000122c 1000122c        0     1                 $t
10001235 10001235        0     1                 __wrap___aeabi_dcmpun
10001250 10001250       24     4         CMakeFiles/rp2350-template.dir/pico-sdk/src/rp2_common/pico_double/double_aeabi_dcp.S.o:(.text.__wrap___aeabi_dcmpeq)
10001250 10001250        0     1                 $t
10001259 10001259        0     1                 __wrap___aeabi_dcmpeq
10001274 10001274       26     4         CMakeFiles/rp2350-template.dir/pico-sdk/src/rp2_common/pico_double/double_aeabi_dcp.S.o:(.text.__wrap___aeabi_dcmplt)
10001274 10001274        0     1                 $t
1000127d 1000127d        0     1                 __wrap___aeabi_dcmplt
1000129c 1000129c       26     4         CMakeFiles/rp2350-template.dir/pico-sdk/src/rp2_common/pico_double/double_aeabi_dcp.S.o:(.text.__wrap___aeabi_dcmple)
1000129c 1000129c        0     1                 $t
100012a5 100012a5        0     1                 __wrap___aeabi_dcmple
100012c4 100012c4       26     4         CMakeFiles/rp2350-template.dir/pico-sdk/src/rp2_common/pico_double/double_aeabi_dcp.S.o:(.text.__wrap___aeabi_dcmpge)
100012c4 100012c4        0     1                 $t
100012cd 100012cd        0     1                 __wrap___aeabi_dcmpge
100012ec 100012ec       26     4         CMakeFiles/rp2350-template.dir/pico-sdk/src/rp2_common/pico_double/double_aeabi_dcp.S.o:(.text.__wrap___aeabi_dcmpgt)
100012ec 100012ec        0     1                 $t
100012f5 100012f5        0     1                 __wrap___aeabi_dcmpgt
10001314 10001314      94c     4         CMakeFiles/rp2350-template.dir/pico-sdk/src/rp2_common/pico_printf/printf.c.o:(.text._vsnprintf)
10001314 10001314        0     1                 $t
10001315 10001315      94c     1                 _vsnprintf
1000137a 1000137a        0     1                 $d
1000138c 1000138c        0     1                 $t
1000144e 1000144e        0     1                 $d
10001458 10001458        0     1                 $t
100014b0 100014b0        0     1                 $d
10001558 10001558        0     1                 $t
1000156e 1000156e        0     1                 $d
10001590 10001590        0     1                 $t
10001c60 10001c60       2e     4         CMakeFiles/rp2350-template.dir/pico-sdk/src/rp2_common/pico_printf/printf.c.o:(.text.vfctprintf)
10001c60 10001c60        0     1                 $t
10001c61 10001c61       2e     1                 vfctprintf
10001c90 10001c90        a     4         CMakeFiles/rp2350-template.dir/pico-sdk/src/rp2_common/pico_printf/printf.c.o:(.text._out_fct)
10001c90 10001c90        0     1                 $t
10001c91 10001c91        a     1                 _out_fct
10001c9c 10001c9c        2     4         CMakeFiles/rp2350-template.dir/pico-sdk/src/rp2_common/pico_printf/printf.c.o:(.text._out_null)
10001c9c 10001c9c        0     1                 $t
10001c9d 10001c9d        2     1                 _out_null
10001ca0 10001ca0      5d8     8         CMakeFiles/rp2350-template.dir/pico-sdk/src/rp2_common/pico_printf/printf.c.o:(.text._ftoa)
10001ca0 10001ca0        0     1                 $t
10001ca1 10001ca1      5d8     1                 _ftoa
10002010 10002010        0     1                 $d
10002030 10002030        0     1                 $t
10002270 10002270        0     1                 $d
10002278 10002278      580     8         CMakeFiles/rp2350-template.dir/pico-sdk/src/rp2_common/pico_printf/printf.c.o:(.text._etoa)
10002278 10002278        0     1                 $t
10002279 10002279      580     1                 _etoa
100025b8 100025b8        0     1                 $d
10002608 10002608        0     1                 $t
100027c0 100027c0        0     1                 $d
100027f8 100027f8      1a4     4         CMakeFiles/rp2350-template.dir/pico-sdk/src/rp2_common/pico_printf/printf.c.o:(.text._ntoa_format)
100027f8 100027f8        0     1                 $t
100027f9 100027f9      1a4     1                 _ntoa_format
1000299c 1000299c       a0     4         CMakeFiles/rp2350-template.dir/pico-sdk/src/rp2_common/pico_printf/printf.c.o:(.text._out_rev)
1000299c 1000299c        0     1                 $t
1000299d 1000299d       a0     1                 _out_rev
10002a3c 10002a3c       3c     4         CMakeFiles/rp2350-template.dir/pico-sdk/src/rp2_common/pico_clib_interface/picolibc_interface.c.o:(.text.__assert_func)
10002a3c 10002a3c        0     1                 $t
10002a3d 10002a3d       3c     1                 __assert_func
10002a78 10002a78        4     4         CMakeFiles/rp2350-template.dir/pico-sdk/src/rp2_common/pico_clib_interface/picolibc_interface.c.o:(.text._exit)
10002a78 10002a78        0     1                 $t
10002a79 10002a79        4     1                 _exit
10002a7c 10002a7c       14     4         CMakeFiles/rp2350-template.dir/pico-sdk/src/rp2_common/pico_clib_interface/picolibc_interface.c.o:(.text.runtime_init)
10002a7c 10002a7c        0     1                 $t
10002a7d 10002a7d       14     1                 runtime_init
10002a90 10002a90       d2     4         CMakeFiles/rp2350-template.dir/pico-sdk/src/rp2_common/pico_stdio/stdio.c.o:(.text.stdio_put_string)
10002a90 10002a90        0     1                 $t
10002a91 10002a91       d2     1                 stdio_put_string
10002b64 10002b64       ac     4         CMakeFiles/rp2350-template.dir/pico-sdk/src/rp2_common/pico_stdio/stdio.c.o:(.text.stdio_out_chars_crlf)
10002b64 10002b64        0     1                 $t
10002b65 10002b65       ac     1                 stdio_out_chars_crlf
10002c10 10002c10        8     4         CMakeFiles/rp2350-template.dir/pico-sdk/src/rp2_common/pico_stdio/stdio.c.o:(.text.stdio_out_chars_no_crlf)
10002c10 10002c10        0     1                 $t
10002c11 10002c11        8     1                 stdio_out_chars_no_crlf
10002c18 10002c18       c6     4         CMakeFiles/rp2350-template.dir/pico-sdk/src/rp2_common/pico_stdio/stdio.c.o:(.text.__wrap_putchar)
10002c18 10002c18        0     1                 $t
10002c19 10002c19       c6     1                 __wrap_putchar
10002c19 10002c19       c6     1                 stdio_putchar
10002ce0 10002ce0       36     4         CMakeFiles/rp2350-template.dir/pico-sdk/src/rp2_common/pico_stdio/stdio.c.o:(.text.__wrap_puts)
10002ce0 10002ce0        0     1                 $t
10002ce1 10002ce1       36     1                 __wrap_puts
10002ce1 10002ce1       36     1                 stdio_puts
10002d18 10002d18       88     4         CMakeFiles/rp2350-template.dir/pico-sdk/src/rp2_common/pico_stdio/stdio.c.o:(.text.__wrap_vprintf)
10002d18 10002d18        0     1                 $t
10002d19 10002d19       88     1                 __wrap_vprintf
10002d19 10002d19       88     1                 stdio_vprintf
10002da0 10002da0       18     4         CMakeFiles/rp2350-template.dir/pico-sdk/src/rp2_common/pico_stdio/stdio.c.o:(.text.stdio_buffered_printer)
10002da0 10002da0        0     1                 $t
10002da1 10002da1       18     1                 stdio_buffered_printer
10002db8 10002db8       d0     4         CMakeFiles/rp2350-template.dir/pico-sdk/src/rp2_common/pico_stdio/stdio.c.o:(.text.stdio_stack_buffer_flush)
10002db8 10002db8        0     1                 $t
10002db9 10002db9       d0     1                 stdio_stack_buffer_flush
10002e88 10002e88       24     4         CMakeFiles/rp2350-template.dir/pico-sdk/src/rp2_common/pico_stdio/stdio.c.o:(.text.__wrap_printf)
10002e88 10002e88        0     1                 $t
10002e89 10002e89       24     1                 __wrap_printf
10002e89 10002e89       24     1                 stdio_printf
10002eac 10002eac       60     4         CMakeFiles/rp2350-template.dir/pico-sdk/src/rp2_common/pico_unique_id/unique_id.c.o:(.text._retrieve_unique_id_on_boot)
10002eac 10002eac        0     1                 $t
10002ead 10002ead       60     1                 _retrieve_unique_id_on_boot
10002f0c 10002f0c      1aa     2         /home/ss1/Projects/example-pico-project-rp2350/toolchains/ATfE-22.1.0-Linux-x86_64/lib/clang-runtimes/arm-none-eabi/armv8m.main_soft_nofp_unaligned_size/lib/libclang_rt.builtins.a(udivmoddi4.c.obj):(.text.__udivmoddi4)
10002f0c 10002f0c        0     1                 $t
10002f0d 10002f0d      1aa     1                 __udivmoddi4
100030b8 100030b8       14     4         /home/ss1/Projects/example-pico-project-rp2350/toolchains/ATfE-22.1.0-Linux-x86_64/lib/clang-runtimes/arm-none-eabi/armv8m.main_soft_nofp_unaligned_size/lib/libclang_rt.builtins.a(aeabi_uldivmod.S.obj):(.text)
100030b8 100030b8        0     1                 $t
100030b9 100030b9       14     1                 __aeabi_uldivmod
100030cc 100030cc       1c     4         /home/ss1/Projects/example-pico-project-rp2350/toolchains/ATfE-22.1.0-Linux-x86_64/lib/clang-runtimes/arm-none-eabi/armv8m.main_soft_nofp_unaligned_size/lib/libc.a(libc_misc_init.c.o):(.text.__libc_init_array)
100030cc 100030cc        0     1                 $t
100030cd 100030cd       1c     1                 __libc_init_array
100030e0 100030e0        0     1                 $d
100030e8 100030e8        c     2         /home/ss1/Projects/example-pico-project-rp2350/toolchains/ATfE-22.1.0-Linux-x86_64/lib/clang-runtimes/arm-none-eabi/armv8m.main_soft_nofp_unaligned_size/lib/libc.a(libc_stdlib_exit.c.o):(.text.exit)
100030e8 100030e8        0     1                 $t
100030e9 100030e9        c     1                 exit
100030f4 100030f4       1c     4         /home/ss1/Projects/example-pico-project-rp2350/toolchains/ATfE-22.1.0-Linux-x86_64/lib/clang-runtimes/arm-none-eabi/armv8m.main_soft_nofp_unaligned_size/lib/libc.a(libc_misc_fini.c.o):(.text.__libc_fini_array)
100030f4 100030f4        0     1                 $t
100030f5 100030f5       1c     1                 __libc_fini_array
10003108 10003108        0     1                 $d
10003110 10003110        a     2         /home/ss1/Projects/example-pico-project-rp2350/toolchains/ATfE-22.1.0-Linux-x86_64/lib/clang-runtimes/arm-none-eabi/armv8m.main_soft_nofp_unaligned_size/lib/libc.a(aeabi_memset.c.o):(.text.__aeabi_memset)
10003110 10003110        0     1                 $t
10003111 10003111        a     1                 __aeabi_memset
10003111 10003111        a     1                 __aeabi_memset4
10003111 10003111        a     1                 __aeabi_memset8
1000311a 1000311a       12     2         /home/ss1/Projects/example-pico-project-rp2350/toolchains/ATfE-22.1.0-Linux-x86_64/lib/clang-runtimes/arm-none-eabi/armv8m.main_soft_nofp_unaligned_size/lib/libc.a(memcpy.c.o):(.text.memcpy)
1000311a 1000311a        0     1                 $t
1000311b 1000311b       12     1                 memcpy
1000311b 1000311b       12     1                 __aeabi_memcpy4
1000311b 1000311b       12     1                 __aeabi_memcpy8
1000311b 1000311b       12     1                 __aeabi_memcpy
1000312c 1000312c        e     2         /home/ss1/Projects/example-pico-project-rp2350/toolchains/ATfE-22.1.0-Linux-x86_64/lib/clang-runtimes/arm-none-eabi/armv8m.main_soft_nofp_unaligned_size/lib/libc.a(memset.c.o):(.text.memset)
1000312c 1000312c        0     1                 $t
1000312d 1000312d        e     1                 memset
1000313c 1000313c       10     4         /home/ss1/Projects/example-pico-project-rp2350/toolchains/ATfE-22.1.0-Linux-x86_64/lib/clang-runtimes/arm-none-eabi/armv8m.main_soft_nofp_unaligned_size/lib/libc.a(strlen.S.o):(.text)
1000313c 1000313c        0     1                 $t
1000313d 1000313d       10     1                 strlen
1000314c 1000314c       14     4         <internal>:(.text.thunk)
10003160 10003160        0     1         . = ALIGN(4)
10003160 10003160        0     1         PROVIDE_HIDDEN (__bothinit_array_start = .)
10003160 10003160        0     1         PROVIDE_HIDDEN (__preinit_array_start = .)
10003160 10003160        4     4         CMakeFiles/rp2350-template.dir/pico-sdk/src/rp2_common/pico_runtime_init/runtime_init.c.o:(.preinit_array.00050)
10003160 10003160        4     1                 __pre_init_runtime_init_bootrom_reset
10003164 10003164        4     4         CMakeFiles/rp2350-template.dir/pico-sdk/src/rp2_common/pico_runtime_init/runtime_init.c.o:(.preinit_array.00100)
10003164 10003164        4     1                 __pre_init_runtime_init_early_resets
10003168 10003168        4     4         CMakeFiles/rp2350-template.dir/pico-sdk/src/rp2_common/pico_runtime_init/runtime_init.c.o:(.preinit_array.00101)
10003168 10003168        4     1                 __pre_init_runtime_init_usb_power_down
1000316c 1000316c        4     4         CMakeFiles/rp2350-template.dir/pico-sdk/src/rp2_common/pico_runtime_init/runtime_init.c.o:(.preinit_array.00500)
1000316c 1000316c        4     1                 __pre_init_runtime_init_clocks
10003170 10003170        4     4         CMakeFiles/rp2350-template.dir/pico-sdk/src/rp2_common/pico_runtime_init/runtime_init.c.o:(.preinit_array.00600)
10003170 10003170        4     1                 __pre_init_runtime_init_post_clock_resets
10003174 10003174        4     4         CMakeFiles/rp2350-template.dir/pico-sdk/src/rp2_common/hardware_boot_lock/boot_lock.c.o:(.preinit_array.01000)
10003174 10003174        4     1                 __pre_init_runtime_init_boot_locks_reset
10003178 10003178        4     4         CMakeFiles/rp2350-template.dir/pico-sdk/src/rp2_common/pico_runtime_init/runtime_init.c.o:(.preinit_array.01000)
10003178 10003178        4     1                 __pre_init_runtime_init_spin_locks_reset
1000317c 1000317c        4     4         CMakeFiles/rp2350-template.dir/pico-sdk/src/rp2_common/pico_bootrom/bootrom_lock.c.o:(.preinit_array.01010)
1000317c 1000317c        4     1                 __pre_init_runtime_init_bootrom_locking_enable
10003180 10003180        4     4         CMakeFiles/rp2350-template.dir/pico-sdk/src/common/pico_sync/mutex.c.o:(.preinit_array.01100)
10003180 10003180        4     1                 __pre_init_runtime_init_mutex
10003184 10003184        4     4         CMakeFiles/rp2350-template.dir/pico-sdk/src/rp2_common/pico_runtime_init/runtime_init.c.o:(.preinit_array.10080)
10003184 10003184        4     1                 __pre_init_runtime_init_install_ram_vector_table
10003188 10003188        4     4         CMakeFiles/rp2350-template.dir/pico-sdk/src/common/pico_time/time.c.o:(.preinit_array.11000)
10003188 10003188        4     1                 __pre_init_runtime_init_default_alarm_pool
1000318c 1000318c        4     4         CMakeFiles/rp2350-template.dir/pico-sdk/src/rp2_common/pico_runtime/runtime.c.o:(.preinit_array.YYYYY)
1000318c 1000318c        4     1                 __pre_init_first_per_core_initializer
10003190 10003190        4     4         CMakeFiles/rp2350-template.dir/pico-sdk/src/rp2_common/pico_runtime_init/runtime_init.c.o:(.preinit_array.ZZZZZ.00051)
10003190 10003190        4     1                 __pre_init_runtime_init_per_core_bootrom_reset
10003194 10003194        4     4         CMakeFiles/rp2350-template.dir/pico-sdk/src/rp2_common/pico_runtime_init/runtime_init.c.o:(.preinit_array.ZZZZZ.00200)
10003194 10003194        4     1                 __pre_init_runtime_init_per_core_enable_coprocessors
10003198 10003198        4     4         CMakeFiles/rp2350-template.dir/pico-sdk/src/rp2_common/hardware_sync_spin_lock/sync_spin_lock.c.o:(.preinit_array.ZZZZZ.01000)
10003198 10003198        4     1                 __pre_init_spinlock_set_extexclall
1000319c 1000319c        4     4         CMakeFiles/rp2350-template.dir/pico-sdk/src/rp2_common/hardware_irq/irq.c.o:(.preinit_array.ZZZZZ.01200)
1000319c 1000319c        4     1                 __pre_init_runtime_init_per_core_irq_priorities
100031a0 100031a0        0     1         PROVIDE_HIDDEN (__preinit_array_end = .)
100031a0 100031a0        0     1         . = ALIGN(4)
100031a0 100031a0        4     4         CMakeFiles/rp2350-template.dir/pico-sdk/src/rp2_common/pico_unique_id/unique_id.c.o:(.init_array.1000)
100031a4 100031a4        0     1         PROVIDE_HIDDEN (__bothinit_array_end = .)
100031a4 100031a4        0     1         . = ALIGN(4)
100031a4 100031a4        0     1         PROVIDE_HIDDEN (__fini_array_start = .)
100031a4 100031a4        0     1         PROVIDE_HIDDEN (__fini_array_end = .)
100031a4 100031a4        0     1         PROVIDE(__dso_handle = 0)
100031a4 100031a4        0     1         . = ALIGN(4)
100031a4 100031a4        0     1 .boot2
100031a4 100031a4        0     1         __boot2_start__ = .
100031a4 100031a4        0     1         __boot2_end__ = .
100031a4 100031a4        0     1 
100031a8 100031a8      55c     8 .rodata
100031a8 100031a8      4ad     1         <internal>:(.rodata.str1.1)
10003658 10003658        c     4         CMakeFiles/rp2350-template.dir/pico-sdk/src/rp2_common/pico_standard_binary_info/standard_binary_info.c.o:(.rodata.__bi_26)
10003658 10003658        c     1                 __bi_26
10003664 10003664        c     4         CMakeFiles/rp2350-template.dir/pico-sdk/src/rp2_common/pico_standard_binary_info/standard_binary_info.c.o:(.rodata.__bi_34)
10003664 10003664        c     1                 __bi_34
10003670 10003670        c     4         CMakeFiles/rp2350-template.dir/pico-sdk/src/rp2_common/pico_standard_binary_info/standard_binary_info.c.o:(.rodata.__bi_42)
10003670 10003670        c     1                 __bi_42
1000367c 1000367c        c     4         CMakeFiles/rp2350-template.dir/pico-sdk/src/rp2_common/pico_standard_binary_info/standard_binary_info.c.o:(.rodata.__bi_48)
1000367c 1000367c        c     1                 __bi_48
10003688 10003688        c     4         CMakeFiles/rp2350-template.dir/pico-sdk/src/rp2_common/pico_standard_binary_info/standard_binary_info.c.o:(.rodata.__bi_54)
10003688 10003688        c     1                 __bi_54
10003694 10003694        c     4         CMakeFiles/rp2350-template.dir/pico-sdk/src/rp2_common/pico_standard_binary_info/standard_binary_info.c.o:(.rodata.__bi_78)
10003694 10003694        c     1                 __bi_78
100036a0 100036a0        c     4         CMakeFiles/rp2350-template.dir/pico-sdk/src/rp2_common/pico_standard_binary_info/standard_binary_info.c.o:(.rodata.__bi_84)
100036a0 100036a0        c     1                 __bi_84
100036b0 100036b0       50     8         CMakeFiles/rp2350-template.dir/pico-sdk/src/rp2_common/pico_printf/printf.c.o:(.rodata._ftoa.pow10)
100036b0 100036b0       50     1                 _ftoa.pow10
10003700 10003700        2     1         CMakeFiles/rp2350-template.dir/pico-sdk/src/rp2_common/pico_stdio/stdio.c.o:(.rodata.stdio_out_chars_crlf.crlf_str)
10003700 10003700        2     1                 stdio_out_chars_crlf.crlf_str
10003702 10003702        2     1         . = ALIGN(4)
10003704 10003704        0     1         . = ALIGN(4)
10003704 10003704        0     1 __exidx_start = .
10003704 10003704       10     4 .ARM.exidx
10003704 10003704       10     4         <internal>:(.ARM.exidx)
10003714 10003714        0     1 __exidx_end = .
10003714 10003714        0     1 . = ALIGN(4)
10003714 10003714        0     1 __binary_info_start = .
10003714 10003714       1c     4 .binary_info
10003714 10003714        4     4         CMakeFiles/rp2350-template.dir/pico-sdk/src/rp2_common/pico_standard_binary_info/standard_binary_info.c.o:(.binary_info.keep.__bi_ptr26)
10003714 10003714        4     1                 __bi_ptr26
10003718 10003718        4     4         CMakeFiles/rp2350-template.dir/pico-sdk/src/rp2_common/pico_standard_binary_info/standard_binary_info.c.o:(.binary_info.keep.__bi_ptr34)
10003718 10003718        4     1                 __bi_ptr34
1000371c 1000371c        4     4         CMakeFiles/rp2350-template.dir/pico-sdk/src/rp2_common/pico_standard_binary_info/standard_binary_info.c.o:(.binary_info.keep.__bi_ptr42)
1000371c 1000371c        4     1                 __bi_ptr42
10003720 10003720        4     4         CMakeFiles/rp2350-template.dir/pico-sdk/src/rp2_common/pico_standard_binary_info/standard_binary_info.c.o:(.binary_info.keep.__bi_ptr48)
10003720 10003720        4     1                 __bi_ptr48
10003724 10003724        4     4         CMakeFiles/rp2350-template.dir/pico-sdk/src/rp2_common/pico_standard_binary_info/standard_binary_info.c.o:(.binary_info.keep.__bi_ptr54)
10003724 10003724        4     1                 __bi_ptr54
10003728 10003728        4     4         CMakeFiles/rp2350-template.dir/pico-sdk/src/rp2_common/pico_standard_binary_info/standard_binary_info.c.o:(.binary_info.keep.__bi_ptr78)
10003728 10003728        4     1                 __bi_ptr78
1000372c 1000372c        4     4         CMakeFiles/rp2350-template.dir/pico-sdk/src/rp2_common/pico_standard_binary_info/standard_binary_info.c.o:(.binary_info.keep.__bi_ptr84)
1000372c 1000372c        4     1                 __bi_ptr84
10003730 10003730        0     1 __binary_info_end = .
10003730 10003730        0     1 . = ALIGN(4)
11000000 11000000        0     1 .psram_load
11000000 11000000        0     1         __psram_start__ = .
11000000 11000000        0     1         __psram_load_start__ = .
11000000 11000000        0     1         . = ALIGN(4)
11000000 11000000        0     1         __psram_load_end__ = .
11000000 11000000        0     1 __psram_load_source__ = LOADADDR(.psram_load)
11000000 11000000        0     1 .psram_noload
11000000 11000000        0     1         . = ALIGN(4)
11000000 11000000        0     1         __psram_end__ = .
13ffc000 13ffc000        0     1 .xip_ram
13ffc000 13ffc000        0     1         __xip_ram_start__ = .
13ffc000 13ffc000        0     1         . = ALIGN(4)
13ffc000 13ffc000        0     1         . = ALIGN(4)
13ffc000 13ffc000        0     1         __xip_ram_end__ = .
13ffc000 13ffc000        0     1 __xip_ram_source__ = LOADADDR(.xip_ram)
20000000 20000000      110     4 .ram_vector_table
20000000 20000000      110     4         CMakeFiles/rp2350-template.dir/pico-sdk/src/rp2_common/pico_runtime_init/runtime_init.c.o:(.ram_vector_table)
20000000 20000000      110     1                 ram_vector_table
20000110 20000110        0     1 .uninitialized_data
20000110 20000110        0     1         . = ALIGN(4)
20000110 10003730      1f0     8 .data
20000110 10003730        0     1         __data_start__ = .
20000110 10003730       54     4         CMakeFiles/rp2350-template.dir/pico-sdk/src/common/pico_sync/mutex.c.o:(.time_critical.mutex_try_enter)
20000110 10003730        0     1                 $t
20000111 10003731       54     1                 mutex_try_enter
20000164 10003784       38     4         CMakeFiles/rp2350-template.dir/pico-sdk/src/common/pico_sync/mutex.c.o:(.time_critical.mutex_try_enter_block_until)
20000164 10003784        0     1                 $t
20000165 10003785       38     1                 mutex_try_enter_block_until
2000019c 100037bc       b2     4         CMakeFiles/rp2350-template.dir/pico-sdk/src/common/pico_sync/mutex.c.o:(.time_critical.mutex_enter_block_until)
2000019c 100037bc        0     1                 $t
2000019d 100037bd       b2     1                 mutex_enter_block_until
20000250 10003870       6a     4         CMakeFiles/rp2350-template.dir/pico-sdk/src/common/pico_sync/mutex.c.o:(.time_critical.mutex_exit)
20000250 10003870        0     1                 $t
20000251 10003871       6a     1                 mutex_exit
200002bc 100038dc       14     4         <internal>:(.text.thunk)
200002d0 100038f0        0     1         . = ALIGN(4)
200002d0 100038f0        0     1         . = ALIGN(4)
200002d0 100038f0        0     1         . = ALIGN(4)
200002d0 100038f0        1     1         CMakeFiles/rp2350-template.dir/pico-sdk/src/rp2_common/hardware_sync/sync.c.o:(.data.striped_spin_lock_num)
200002d0 100038f0        1     1                 striped_spin_lock_num
200002d8 100038f8        8     8         CMakeFiles/rp2350-template.dir/pico-sdk/src/common/pico_time/time.c.o:(.data.best_effort_wfe_or_timeout.last_added)
200002d8 100038f8        8     1                 best_effort_wfe_or_timeout.last_added
200002e0 10003900       18     4         CMakeFiles/rp2350-template.dir/pico-sdk/src/common/pico_time/time.c.o:(.data.default_alarm_pool)
200002e0 10003900       18     1                 default_alarm_pool
200002f8 10003918        0     1         . = ALIGN(4)
200002f8 10003918        0     1         . = ALIGN(4)
200002f8 10003918        0     1         PROVIDE_HIDDEN (__mutex_array_start = .)
200002f8 10003918        8     4         CMakeFiles/rp2350-template.dir/pico-sdk/src/rp2_common/pico_stdio/stdio.c.o:(.mutex_array)
200002f8 10003918        8     1                 print_mutex
20000300 10003920        0     1         PROVIDE_HIDDEN (__mutex_array_end = .)
20000300 10003920        0     1         . = ALIGN(4)
20000300 20000300        0     1 .tdata
20000300 20000300        0     1         . = ALIGN(4)
20000300 20000300        0     1         __tdata_end = .
20000300 20000300        0     1 PROVIDE(__data_end__ = .)
20000300 20000300        0     1 __etext = LOADADDR(.data)
20000300 20000300        0     1 . = ALIGN(4)
20000300 20000300        0     1 .tbss
20000300 20000300        0     1         __bss_start__ = .
20000300 20000300        0     1         __tls_base = .
20000300 20000300        0     1         . = ALIGN(4)
20000300 20000300        0     1         __tls_end = .
20000300 20000300        0     1 .tbss_space
20000300 20000300        0     1         . = __bss_start__ + SIZEOF(.tbss)
20000300 20000300      200     8 .bss
20000300 20000300        0     1         . = ALIGN(4)
20000300 20000300        0     1         __tbss_end = .
20000300 20000300      180     8         CMakeFiles/rp2350-template.dir/pico-sdk/src/common/pico_time/time.c.o:(.bss.default_alarm_pool_entries)
20000300 20000300      180     1                 default_alarm_pool_entries
20000480 20000480        8     8         CMakeFiles/rp2350-template.dir/pico-sdk/src/rp2_common/pico_unique_id/unique_id.c.o:(.bss.retrieved_id)
20000480 20000480        8     1                 retrieved_id
20000488 20000488       28     4         CMakeFiles/rp2350-template.dir/pico-sdk/src/rp2_common/hardware_clocks/clocks.c.o:(.bss.configured_freq)
20000488 20000488       28     1                 configured_freq
200004b0 200004b0        4     4         CMakeFiles/rp2350-template.dir/pico-sdk/src/rp2_common/pico_stdio/stdio.c.o:(.bss.drivers)
200004b0 200004b0        4     1                 drivers
200004b4 200004b4        4     4         CMakeFiles/rp2350-template.dir/pico-sdk/src/rp2_common/pico_stdio/stdio.c.o:(.bss.filter)
200004b4 200004b4        4     1                 filter
200004b8 200004b8       20     4         CMakeFiles/rp2350-template.dir/pico-sdk/src/common/pico_time/time.c.o:(.bss.pools)
200004b8 200004b8       20     1                 pools
200004d8 200004d8        4     4         CMakeFiles/rp2350-template.dir/pico-sdk/src/common/pico_time/time.c.o:(.bss.sleep_notifier)
200004d8 200004d8        4     1                 sleep_notifier
200004dc 200004dc       20     1         CMakeFiles/rp2350-template.dir/pico-sdk/src/rp2_common/hardware_sync_spin_lock/sync_spin_lock.c.o:(.bss._sw_spin_locks)
200004dc 200004dc       20     1                 _sw_spin_locks
200004fc 200004fc        2     1         CMakeFiles/rp2350-template.dir/pico-sdk/src/rp2_common/hardware_timer/timer.c.o:(.bss.claimed)
200004fc 200004fc        2     1                 claimed
200004fe 200004fe        1     1         CMakeFiles/rp2350-template.dir/pico-sdk/src/common/pico_sync/lock_core.c.o:(.bss.lock_internal_notify_count)
200004fe 200004fe        1     1                 lock_internal_notify_count
200004ff 200004ff        1     1         . = ALIGN(4)
20000500 20000500        0     1         __bss_end__ = .
20000500 20000500        0     1 PROVIDE( __tls_start = SIZEOF(.tdata) ? ADDR(.tdata) : ADDR(.tbss) )
20000500 20000500        0     1 PROVIDE( __tls_size = __tls_end - __tls_start )
20000500 20000500        0     1 PROVIDE( __tls_align = MAX(ALIGNOF(.tdata), ALIGNOF(.tbss)) )
20000500 20000500        0     1 PROVIDE( __tls_size_align = ALIGN( __tls_size, __tls_align) )
20000500 20000500        0     1 PROVIDE( __arm32_tls_tcb_offset = MAX(8, __tls_align) )
20000500 20000500        0     1 PROVIDE( __tdata_size = SIZEOF(.tdata) )
20000500 20000500        0     1 PROVIDE( __tdata_source = LOADADDR(.tdata) )
20000500 20000500        0     1 PROVIDE( __tbss_size = SIZEOF(.tbss) )
20000500 20000500        0     1 PROVIDE( __tbss_offset = ADDR(.tbss) - __tls_start )
20000500 20000500        0     1 PROVIDE( __tlsX_align = SIZEOF(.tlsX_not_needed_marker) > 0 ? 4 : __tls_align)
20000500 20000500        0     1 PROVIDE( __tlsX_size_align = SIZEOF(.tlsX_not_needed_marker) > 0 ? 0 : __tls_size_align)
20000500 20000500        0     1 __tls_start = DEFINED( __tls_start) ? __tls_start : SIZEOF(.tdata) ? ADDR(.tdata) : ADDR(.tbss)
20000500 20000500        0     1 __tls_size = DEFINED( __tls_size) ? __tls_size : __tls_end - __tls_start
20000500 20000500        0     1 __tls_align = DEFINED( __tls_align) ? __tls_align : MAX(ALIGNOF(.tdata), ALIGNOF(.tbss))
20000500 20000500        0     1 __tls_size_align = DEFINED( __tls_size_align) ? __tls_size_align : ALIGN( __tls_size, __tls_align)
20000500 20000500        0     1 __arm32_tls_tcb_offset = DEFINED( __arm32_tls_tcb_offset) ? __arm32_tls_tcb_offset : MAX(8, __tls_align)
20000500 20000500        0     1 __tdata_size = DEFINED( __tdata_size) ? __tdata_size : SIZEOF(.tdata)
20000500 20000500        0     1 __tdata_source = DEFINED( __tdata_source) ? __tdata_source : LOADADDR(.tdata)
20000500 20000500        0     1 __tbss_size = DEFINED( __tbss_size) ? __tbss_size : SIZEOF(.tbss)
20000500 20000500        0     1 __tbss_offset = DEFINED( __tbss_offset) ? __tbss_offset : ADDR(.tbss) - __tls_start
20000500 20000500        0     1 __tlsX_align = DEFINED(__tlsX_align) ? __tlsX_align : (SIZEOF(.tlsX_not_needed_marker) > 0 ? 4 : __tls_align)
20000500 20000500        0     1 __tlsX_size_align = DEFINED(__tlsX_size_align) ? __tlsX_size_align : (SIZEOF(.tlsX_not_needed_marker) > 0 ? 0 : __tls_size_align)
20000500 20000500        0     1 .tls0
20000500 20000500        0     1         . = ALIGN(__tlsX_align)
20000500 20000500        0     1         PROVIDE(__tls0_base = .)
20000500 20000500        0     1         . = . + __tlsX_size_align
20000500 20000500        0     1 .tls1
20000500 20000500        0     1         . = ALIGN(__tlsX_align)
20000500 20000500        0     1         PROVIDE(__tls1_base = .)
20000500 20000500        0     1         . = . + __tlsX_size_align
20000500 20000500        0     1 .persistent_data
20000500 20000500        0     1         __persistent_data_start__ = .
20000500 20000500        0     1         . = ALIGN(4)
20000500 20000500        0     1 .dummy_pre_heap
20000500 20000500        0     1         . = .
20000500 20000500      800     4 .heap
20000500 20000500        0     1         __end__ = .
20000500 20000500        0     1         end = __end__
20000500 20000500      800     4         CMakeFiles/rp2350-template.dir/pico-sdk/src/rp2_common/pico_crt0/crt0.S.o:(.heap)
20000d00 20000d00        0     1 __HeapLimit = DEFINED(HEAP_LIMIT) ? HEAP_LIMIT : ORIGIN(RAM) + LENGTH(RAM)
20080000 20080000        0     1 .scratch_x
20080000 20080000        0     1         __scratch_x_start__ = .
20080000 20080000        0     1         . = ALIGN(4)
20080000 20080000        0     1         __scratch_x_end__ = .
20080000 20080000        0     1 __scratch_x_source__ = LOADADDR(.scratch_x)
20081000 20081000        0     1 .scratch_y
20081000 20081000        0     1         __scratch_y_start__ = .
20081000 20081000        0     1         . = ALIGN(4)
20081000 20081000        0     1         __scratch_y_end__ = .
20081000 20081000        0     1 __scratch_y_source__ = LOADADDR(.scratch_y)
20081000 20081000      800    32 .stack_dummy
20081000 20081000      800    32         CMakeFiles/rp2350-template.dir/pico-sdk/src/rp2_common/pico_crt0/crt0.S.o:(.stack)
10003920 10003920       14     4 .flash_end
10003920 10003920       14     4         CMakeFiles/rp2350-template.dir/pico-sdk/src/rp2_common/pico_crt0/crt0.S.o:(.embedded_end_block)
10003920 10003920        0     1                 embedded_end_block
10003934 10003934        0     1                 embedded_end_block_end
10003934 10003934        0     1         PROVIDE(__flash_binary_end = .)
10003934 10003934        0     1 __StackLimit = ORIGIN(RAM) + LENGTH(RAM)
10003934 10003934        0     1 __StackOneTop = ORIGIN(SCRATCH_X) + LENGTH(SCRATCH_X)
10003934 10003934        0     1 __StackTop = ORIGIN(SCRATCH_Y) + LENGTH(SCRATCH_Y)
10003934 10003934        0     1 __StackOneBottom = __StackOneTop - SIZEOF(.stack1_dummy)
10003934 10003934        0     1 __StackBottom = __StackTop - SIZEOF(.stack_dummy)
10003934 10003934        0     1 PROVIDE(__stack = __StackTop)
10003934 10003934        0     1 PROVIDE (__heap_start = __end__)
10003934 10003934        0     1 PROVIDE (__heap_end = __HeapLimit)
10003934 10003934        0     1 
10003934 10003934        0     1 
10003934 10003934        0     1 
10003934 10003934        0     1 RAM_ORIGIN_DEFAULT = 0x20000000
10003934 10003934        0     1 RAM_LENGTH_DEFAULT = 512k
10003934 10003934        0     1 SCRATCH_X_ORIGIN_DEFAULT = 0x20080000
10003934 10003934        0     1 SCRATCH_X_LENGTH_DEFAULT = 4k
10003934 10003934        0     1 SCRATCH_Y_ORIGIN_DEFAULT = 0x20081000
10003934 10003934        0     1 SCRATCH_Y_LENGTH_DEFAULT = 4k
10003934 10003934        0     1 XIP_RAM_ORIGIN_DEFAULT = 0x13FFC000
10003934 10003934        0     1 XIP_RAM_LENGTH_DEFAULT = 16k
       0        0       36     1 .ARM.attributes
       0        0       36     1         /home/ss1/Projects/example-pico-project-rp2350/toolchains/ATfE-22.1.0-Linux-x86_64/lib/clang-runtimes/arm-none-eabi/armv8m.main_soft_nofp_unaligned_size/lib/crt0.o:(.ARM.attributes)
       0        0       29     1 .comment
       0        0       29     1         <internal>:(.comment)
       0        0     7c3f     1 .debug_abbrev
       0        0       db     1         CMakeFiles/rp2350-template.dir/pico-sdk/src/rp2_common/pico_stdlib/stdlib.c.o:(.debug_abbrev)
      db       db      34e     1         CMakeFiles/rp2350-template.dir/pico-sdk/src/rp2_common/hardware_gpio/gpio.c.o:(.debug_abbrev)
     429      429       98     1         CMakeFiles/rp2350-template.dir/pico-sdk/src/rp2350/pico_platform/platform.c.o:(.debug_abbrev)
     4c1      4c1       fc     1         CMakeFiles/rp2350-template.dir/pico-sdk/src/rp2_common/pico_platform_panic/panic.c.o:(.debug_abbrev)
     5bd      5bd      220     1         CMakeFiles/rp2350-template.dir/pico-sdk/src/common/hardware_claim/claim.c.o:(.debug_abbrev)
     7dd      7dd      1b6     1         CMakeFiles/rp2350-template.dir/pico-sdk/src/rp2_common/hardware_sync/sync.c.o:(.debug_abbrev)
     993      993      1f3     1         CMakeFiles/rp2350-template.dir/pico-sdk/src/rp2_common/hardware_sync_spin_lock/sync_spin_lock.c.o:(.debug_abbrev)
     b86      b86      3b9     1         CMakeFiles/rp2350-template.dir/pico-sdk/src/rp2_common/hardware_irq/irq.c.o:(.debug_abbrev)
     f3f      f3f      1f8     1         CMakeFiles/rp2350-template.dir/pico-sdk/src/common/pico_sync/sem.c.o:(.debug_abbrev)
    1137     1137       ca     1         CMakeFiles/rp2350-template.dir/pico-sdk/src/common/pico_sync/lock_core.c.o:(.debug_abbrev)
    1201     1201      29f     1         CMakeFiles/rp2350-template.dir/pico-sdk/src/common/pico_sync/mutex.c.o:(.debug_abbrev)
    14a0     14a0      126     1         CMakeFiles/rp2350-template.dir/pico-sdk/src/common/pico_sync/critical_section.c.o:(.debug_abbrev)
    15c6     15c6      4b3     1         CMakeFiles/rp2350-template.dir/pico-sdk/src/common/pico_time/time.c.o:(.debug_abbrev)
    1a79     1a79      181     1         CMakeFiles/rp2350-template.dir/pico-sdk/src/common/pico_time/timeout_helper.c.o:(.debug_abbrev)
    1bfa     1bfa      36a     1         CMakeFiles/rp2350-template.dir/pico-sdk/src/rp2_common/hardware_timer/timer.c.o:(.debug_abbrev)
    1f64     1f64       ea     1         CMakeFiles/rp2350-template.dir/pico-sdk/src/common/pico_util/datetime.c.o:(.debug_abbrev)
    204e     204e      101     1         CMakeFiles/rp2350-template.dir/pico-sdk/src/common/pico_util/fixed_bitset.c.o:(.debug_abbrev)
    214f     214f      25f     1         CMakeFiles/rp2350-template.dir/pico-sdk/src/common/pico_util/pheap.c.o:(.debug_abbrev)
    23ae     23ae      24b     1         CMakeFiles/rp2350-template.dir/pico-sdk/src/common/pico_util/queue.c.o:(.debug_abbrev)
    25f9     25f9      245     1         CMakeFiles/rp2350-template.dir/pico-sdk/src/rp2_common/hardware_uart/uart.c.o:(.debug_abbrev)
    283e     283e      380     1         CMakeFiles/rp2350-template.dir/pico-sdk/src/rp2_common/hardware_clocks/clocks.c.o:(.debug_abbrev)
    2bbe     2bbe      14a     1         CMakeFiles/rp2350-template.dir/pico-sdk/src/rp2_common/hardware_pll/pll.c.o:(.debug_abbrev)
    2d08     2d08      154     1         CMakeFiles/rp2350-template.dir/pico-sdk/src/rp2_common/hardware_vreg/vreg.c.o:(.debug_abbrev)
    2e5c     2e5c      29f     1         CMakeFiles/rp2350-template.dir/pico-sdk/src/rp2_common/hardware_watchdog/watchdog.c.o:(.debug_abbrev)
    30fb     30fb      133     1         CMakeFiles/rp2350-template.dir/pico-sdk/src/rp2_common/hardware_ticks/ticks.c.o:(.debug_abbrev)
    322e     322e      301     1         CMakeFiles/rp2350-template.dir/pico-sdk/src/rp2_common/pico_bootrom/bootrom.c.o:(.debug_abbrev)
    352f     352f       cb     1         CMakeFiles/rp2350-template.dir/pico-sdk/src/rp2_common/pico_bootrom/bootrom_lock.c.o:(.debug_abbrev)
    35fa     35fa      18f     1         CMakeFiles/rp2350-template.dir/pico-sdk/src/rp2_common/hardware_boot_lock/boot_lock.c.o:(.debug_abbrev)
    3789     3789      1ba     1         CMakeFiles/rp2350-template.dir/pico-sdk/src/rp2_common/pico_flash/flash.c.o:(.debug_abbrev)
    3943     3943       e8     1         CMakeFiles/rp2350-template.dir/pico-sdk/src/rp2_common/hardware_xosc/xosc.c.o:(.debug_abbrev)
    3a2b     3a2b       58     1         CMakeFiles/rp2350-template.dir/pico-sdk/src/rp2_common/hardware_divider/divider.c.o:(.debug_abbrev)
    3a83     3a83      130     1         CMakeFiles/rp2350-template.dir/pico-sdk/src/rp2_common/pico_runtime/runtime.c.o:(.debug_abbrev)
    3bb3     3bb3      201     1         CMakeFiles/rp2350-template.dir/pico-sdk/src/rp2_common/pico_runtime_init/runtime_init.c.o:(.debug_abbrev)
    3db4     3db4      173     1         CMakeFiles/rp2350-template.dir/pico-sdk/src/rp2_common/pico_runtime_init/runtime_init_clocks.c.o:(.debug_abbrev)
    3f27     3f27       7a     1         CMakeFiles/rp2350-template.dir/pico-sdk/src/rp2_common/pico_runtime_init/runtime_init_stack_guard.c.o:(.debug_abbrev)
    3fa1     3fa1       1f     1         CMakeFiles/rp2350-template.dir/pico-sdk/src/rp2_common/pico_bit_ops/bit_ops_aeabi.S.o:(.debug_abbrev)
    3fc0     3fc0      145     1         CMakeFiles/rp2350-template.dir/pico-sdk/src/rp2_common/pico_divider/divider_compiler.c.o:(.debug_abbrev)
    4105     4105      238     1         CMakeFiles/rp2350-template.dir/pico-sdk/src/rp2_common/pico_double/double_math.c.o:(.debug_abbrev)
    433d     433d       1f     1         CMakeFiles/rp2350-template.dir/pico-sdk/src/rp2_common/pico_double/double_aeabi_dcp.S.o:(.debug_abbrev)
    435c     435c       1f     1         CMakeFiles/rp2350-template.dir/pico-sdk/src/rp2_common/pico_double/double_fma_dcp.S.o:(.debug_abbrev)
    437b     437b       1f     1         CMakeFiles/rp2350-template.dir/pico-sdk/src/rp2_common/pico_double/double_sci_m33.S.o:(.debug_abbrev)
    439a     439a       1f     1         CMakeFiles/rp2350-template.dir/pico-sdk/src/rp2_common/pico_double/double_conv_m33.S.o:(.debug_abbrev)
    43b9     43b9      25b     1         CMakeFiles/rp2350-template.dir/pico-sdk/src/rp2_common/pico_float/float_math.c.o:(.debug_abbrev)
    4614     4614       1f     1         CMakeFiles/rp2350-template.dir/pico-sdk/src/rp2_common/pico_float/float_conv32_vfp.S.o:(.debug_abbrev)
    4633     4633       1f     1         CMakeFiles/rp2350-template.dir/pico-sdk/src/rp2_common/pico_float/float_common_m33.S.o:(.debug_abbrev)
    4652     4652       1f     1         CMakeFiles/rp2350-template.dir/pico-sdk/src/rp2_common/pico_float/float_sci_m33_vfp.S.o:(.debug_abbrev)
    4671     4671      120     1         CMakeFiles/rp2350-template.dir/pico-sdk/src/rp2_common/pico_malloc/malloc.c.o:(.debug_abbrev)
    4791     4791      20f     1         CMakeFiles/rp2350-template.dir/pico-sdk/src/rp2_common/pico_atomic/atomic.c.o:(.debug_abbrev)
    49a0     49a0      177     1         CMakeFiles/rp2350-template.dir/pico-sdk/src/rp2_common/pico_cxx_options/new_delete.cpp.o:(.debug_abbrev)
    4b17     4b17       9a     1         CMakeFiles/rp2350-template.dir/pico-sdk/src/rp2_common/pico_standard_binary_info/standard_binary_info.c.o:(.debug_abbrev)
    4bb1     4bb1      2a6     1         CMakeFiles/rp2350-template.dir/pico-sdk/src/rp2_common/pico_printf/printf.c.o:(.debug_abbrev)
    4e57     4e57       1f     1         CMakeFiles/rp2350-template.dir/pico-sdk/src/rp2_common/pico_crt0/crt0.S.o:(.debug_abbrev)
    4e76     4e76      1f1     1         CMakeFiles/rp2350-template.dir/pico-sdk/src/rp2_common/pico_clib_interface/picolibc_interface.c.o:(.debug_abbrev)
    5067     5067       c8     1         CMakeFiles/rp2350-template.dir/pico-sdk/src/rp2_common/pico_clib_interface/cxa_guard.c.o:(.debug_abbrev)
    512f     512f      3dc     1         CMakeFiles/rp2350-template.dir/pico-sdk/src/rp2_common/pico_stdio/stdio.c.o:(.debug_abbrev)
    550b     550b      3cf     1         CMakeFiles/rp2350-template.dir/pico-sdk/src/rp2_common/pico_stdio_usb/stdio_usb.c.o:(.debug_abbrev)
    58da     58da      10e     1         CMakeFiles/rp2350-template.dir/pico-sdk/src/rp2_common/pico_stdio_usb/stdio_usb_descriptors.c.o:(.debug_abbrev)
    59e8     59e8      120     1         CMakeFiles/rp2350-template.dir/pico-sdk/src/rp2_common/pico_unique_id/unique_id.c.o:(.debug_abbrev)
    5b08     5b08      335     1         CMakeFiles/rp2350-template.dir/pico-sdk/src/rp2_common/hardware_flash/flash.c.o:(.debug_abbrev)
    5e3d     5e3d       e7     1         CMakeFiles/rp2350-template.dir/pico-sdk/src/rp2_common/hardware_xip_cache/xip_cache.c.o:(.debug_abbrev)
    5f24     5f24      20b     1         CMakeFiles/rp2350-template.dir/pico-sdk/src/rp2_common/pico_usb_reset/usb_reset.c.o:(.debug_abbrev)
    612f     612f      488     1         CMakeFiles/rp2350-template.dir/pico-sdk/lib/tinyusb/src/portable/raspberrypi/rp2040/dcd_rp2040.c.o:(.debug_abbrev)
    65b7     65b7      2e5     1         CMakeFiles/rp2350-template.dir/pico-sdk/lib/tinyusb/src/portable/raspberrypi/rp2040/rp2040_usb.c.o:(.debug_abbrev)
    689c     689c      595     1         CMakeFiles/rp2350-template.dir/pico-sdk/lib/tinyusb/src/device/usbd.c.o:(.debug_abbrev)
    6e31     6e31      275     1         CMakeFiles/rp2350-template.dir/pico-sdk/lib/tinyusb/src/device/usbd_control.c.o:(.debug_abbrev)
    70a6     70a6      3f8     1         CMakeFiles/rp2350-template.dir/pico-sdk/lib/tinyusb/src/class/cdc/cdc_device.c.o:(.debug_abbrev)
    749e     749e      392     1         CMakeFiles/rp2350-template.dir/pico-sdk/lib/tinyusb/src/tusb.c.o:(.debug_abbrev)
    7830     7830      252     1         CMakeFiles/rp2350-template.dir/pico-sdk/lib/tinyusb/src/common/tusb_fifo.c.o:(.debug_abbrev)
    7a82     7a82       2f     1         CMakeFiles/rp2350-template.dir/pico-sdk/src/rp2_common/pico_fix/rp2040_usb_device_enumeration/rp2040_usb_device_enumeration.c.o:(.debug_abbrev)
    7ab1     7ab1      18e     1         CMakeFiles/rp2350-template.dir/pico-sdk/src/rp2_common/pico_thread_local/thread_local.c.o:(.debug_abbrev)
       0        0    24b69     1 .debug_info
       0        0      1f8     1         CMakeFiles/rp2350-template.dir/pico-sdk/src/rp2_common/pico_stdlib/stdlib.c.o:(.debug_info)
     1f8      1f8     1412     1         CMakeFiles/rp2350-template.dir/pico-sdk/src/rp2_common/hardware_gpio/gpio.c.o:(.debug_info)
    160a     160a       ea     1         CMakeFiles/rp2350-template.dir/pico-sdk/src/rp2350/pico_platform/platform.c.o:(.debug_info)
    16f4     16f4       cc     1         CMakeFiles/rp2350-template.dir/pico-sdk/src/rp2_common/pico_platform_panic/panic.c.o:(.debug_info)
    17c0     17c0      60e     1         CMakeFiles/rp2350-template.dir/pico-sdk/src/common/hardware_claim/claim.c.o:(.debug_info)
    1dce     1dce      243     1         CMakeFiles/rp2350-template.dir/pico-sdk/src/rp2_common/hardware_sync/sync.c.o:(.debug_info)
    2011     2011      fbc     1         CMakeFiles/rp2350-template.dir/pico-sdk/src/rp2_common/hardware_sync_spin_lock/sync_spin_lock.c.o:(.debug_info)
    2fcd     2fcd     1532     1         CMakeFiles/rp2350-template.dir/pico-sdk/src/rp2_common/hardware_irq/irq.c.o:(.debug_info)
    44ff     44ff      a06     1         CMakeFiles/rp2350-template.dir/pico-sdk/src/common/pico_sync/sem.c.o:(.debug_info)
    4f05     4f05       c5     1         CMakeFiles/rp2350-template.dir/pico-sdk/src/common/pico_sync/lock_core.c.o:(.debug_info)
    4fca     4fca     104d     1         CMakeFiles/rp2350-template.dir/pico-sdk/src/common/pico_sync/mutex.c.o:(.debug_info)
    6017     6017      1b5     1         CMakeFiles/rp2350-template.dir/pico-sdk/src/common/pico_sync/critical_section.c.o:(.debug_info)
    61cc     61cc     22e3     1         CMakeFiles/rp2350-template.dir/pico-sdk/src/common/pico_time/time.c.o:(.debug_info)
    84af     84af      3aa     1         CMakeFiles/rp2350-template.dir/pico-sdk/src/common/pico_time/timeout_helper.c.o:(.debug_info)
    8859     8859     15e4     1         CMakeFiles/rp2350-template.dir/pico-sdk/src/rp2_common/hardware_timer/timer.c.o:(.debug_info)
    9e3d     9e3d      1ee     1         CMakeFiles/rp2350-template.dir/pico-sdk/src/common/pico_util/datetime.c.o:(.debug_info)
    a02b     a02b      16d     1         CMakeFiles/rp2350-template.dir/pico-sdk/src/common/pico_util/fixed_bitset.c.o:(.debug_info)
    a198     a198      956     1         CMakeFiles/rp2350-template.dir/pico-sdk/src/common/pico_util/pheap.c.o:(.debug_info)
    aaee     aaee      925     1         CMakeFiles/rp2350-template.dir/pico-sdk/src/common/pico_util/queue.c.o:(.debug_info)
    b413     b413      b98     1         CMakeFiles/rp2350-template.dir/pico-sdk/src/rp2_common/hardware_uart/uart.c.o:(.debug_info)
    bfab     bfab     168d     1         CMakeFiles/rp2350-template.dir/pico-sdk/src/rp2_common/hardware_clocks/clocks.c.o:(.debug_info)
    d638     d638      391     1         CMakeFiles/rp2350-template.dir/pico-sdk/src/rp2_common/hardware_pll/pll.c.o:(.debug_info)
    d9c9     d9c9      3aa     1         CMakeFiles/rp2350-template.dir/pico-sdk/src/rp2_common/hardware_vreg/vreg.c.o:(.debug_info)
    dd73     dd73      657     1         CMakeFiles/rp2350-template.dir/pico-sdk/src/rp2_common/hardware_watchdog/watchdog.c.o:(.debug_info)
    e3ca     e3ca      175     1         CMakeFiles/rp2350-template.dir/pico-sdk/src/rp2_common/hardware_ticks/ticks.c.o:(.debug_info)
    e53f     e53f      970     1         CMakeFiles/rp2350-template.dir/pico-sdk/src/rp2_common/pico_bootrom/bootrom.c.o:(.debug_info)
    eeaf     eeaf       e3     1         CMakeFiles/rp2350-template.dir/pico-sdk/src/rp2_common/pico_bootrom/bootrom_lock.c.o:(.debug_info)
    ef92     ef92      20e     1         CMakeFiles/rp2350-template.dir/pico-sdk/src/rp2_common/hardware_boot_lock/boot_lock.c.o:(.debug_info)
    f1a0     f1a0      269     1         CMakeFiles/rp2350-template.dir/pico-sdk/src/rp2_common/pico_flash/flash.c.o:(.debug_info)
    f409     f409      10b     1         CMakeFiles/rp2350-template.dir/pico-sdk/src/rp2_common/hardware_xosc/xosc.c.o:(.debug_info)
    f514     f514       56     1         CMakeFiles/rp2350-template.dir/pico-sdk/src/rp2_common/hardware_divider/divider.c.o:(.debug_info)
    f56a     f56a      120     1         CMakeFiles/rp2350-template.dir/pico-sdk/src/rp2_common/pico_runtime/runtime.c.o:(.debug_info)
    f68a     f68a     1496     1         CMakeFiles/rp2350-template.dir/pico-sdk/src/rp2_common/pico_runtime_init/runtime_init.c.o:(.debug_info)
   10b20    10b20      3a2     1         CMakeFiles/rp2350-template.dir/pico-sdk/src/rp2_common/pico_runtime_init/runtime_init_clocks.c.o:(.debug_info)
   10ec2    10ec2       5d     1         CMakeFiles/rp2350-template.dir/pico-sdk/src/rp2_common/pico_runtime_init/runtime_init_stack_guard.c.o:(.debug_info)
   10f1f    10f1f      15b     1         CMakeFiles/rp2350-template.dir/pico-sdk/src/rp2_common/pico_bit_ops/bit_ops_aeabi.S.o:(.debug_info)
   1107a    1107a      9cd     1         CMakeFiles/rp2350-template.dir/pico-sdk/src/rp2_common/pico_divider/divider_compiler.c.o:(.debug_info)
   11a47    11a47     14e2     1         CMakeFiles/rp2350-template.dir/pico-sdk/src/rp2_common/pico_double/double_math.c.o:(.debug_info)
   12f29    12f29      5d1     1         CMakeFiles/rp2350-template.dir/pico-sdk/src/rp2_common/pico_double/double_aeabi_dcp.S.o:(.debug_info)
   134fa    134fa      16b     1         CMakeFiles/rp2350-template.dir/pico-sdk/src/rp2_common/pico_double/double_fma_dcp.S.o:(.debug_info)
   13665    13665      317     1         CMakeFiles/rp2350-template.dir/pico-sdk/src/rp2_common/pico_double/double_sci_m33.S.o:(.debug_info)
   1397c    1397c      399     1         CMakeFiles/rp2350-template.dir/pico-sdk/src/rp2_common/pico_double/double_conv_m33.S.o:(.debug_info)
   13d15    13d15     1429     1         CMakeFiles/rp2350-template.dir/pico-sdk/src/rp2_common/pico_float/float_math.c.o:(.debug_info)
   1513e    1513e      1eb     1         CMakeFiles/rp2350-template.dir/pico-sdk/src/rp2_common/pico_float/float_conv32_vfp.S.o:(.debug_info)
   15329    15329      3c2     1         CMakeFiles/rp2350-template.dir/pico-sdk/src/rp2_common/pico_float/float_common_m33.S.o:(.debug_info)
   156eb    156eb      2da     1         CMakeFiles/rp2350-template.dir/pico-sdk/src/rp2_common/pico_float/float_sci_m33_vfp.S.o:(.debug_info)
   159c5    159c5      153     1         CMakeFiles/rp2350-template.dir/pico-sdk/src/rp2_common/pico_malloc/malloc.c.o:(.debug_info)
   15b18    15b18     1267     1         CMakeFiles/rp2350-template.dir/pico-sdk/src/rp2_common/pico_atomic/atomic.c.o:(.debug_info)
   16d7f    16d7f      4ff     1         CMakeFiles/rp2350-template.dir/pico-sdk/src/rp2_common/pico_cxx_options/new_delete.cpp.o:(.debug_info)
   1727e    1727e      1f7     1         CMakeFiles/rp2350-template.dir/pico-sdk/src/rp2_common/pico_standard_binary_info/standard_binary_info.c.o:(.debug_info)
   17475    17475      e59     1         CMakeFiles/rp2350-template.dir/pico-sdk/src/rp2_common/pico_printf/printf.c.o:(.debug_info)
   182ce    182ce      8b1     1         CMakeFiles/rp2350-template.dir/pico-sdk/src/rp2_common/pico_crt0/crt0.S.o:(.debug_info)
   18b7f    18b7f      448     1         CMakeFiles/rp2350-template.dir/pico-sdk/src/rp2_common/pico_clib_interface/picolibc_interface.c.o:(.debug_info)
   18fc7    18fc7       b6     1         CMakeFiles/rp2350-template.dir/pico-sdk/src/rp2_common/pico_clib_interface/cxa_guard.c.o:(.debug_info)
   1907d    1907d      f6d     1         CMakeFiles/rp2350-template.dir/pico-sdk/src/rp2_common/pico_stdio/stdio.c.o:(.debug_info)
   19fea    19fea      dc8     1         CMakeFiles/rp2350-template.dir/pico-sdk/src/rp2_common/pico_stdio_usb/stdio_usb.c.o:(.debug_info)
   1adb2    1adb2      289     1         CMakeFiles/rp2350-template.dir/pico-sdk/src/rp2_common/pico_stdio_usb/stdio_usb_descriptors.c.o:(.debug_info)
   1b03b    1b03b      1ea     1         CMakeFiles/rp2350-template.dir/pico-sdk/src/rp2_common/pico_unique_id/unique_id.c.o:(.debug_info)
   1b225    1b225      c9a     1         CMakeFiles/rp2350-template.dir/pico-sdk/src/rp2_common/hardware_flash/flash.c.o:(.debug_info)
   1bebf    1bebf      185     1         CMakeFiles/rp2350-template.dir/pico-sdk/src/rp2_common/hardware_xip_cache/xip_cache.c.o:(.debug_info)
   1c044    1c044      511     1         CMakeFiles/rp2350-template.dir/pico-sdk/src/rp2_common/pico_usb_reset/usb_reset.c.o:(.debug_info)
   1c555    1c555     1755     1         CMakeFiles/rp2350-template.dir/pico-sdk/lib/tinyusb/src/portable/raspberrypi/rp2040/dcd_rp2040.c.o:(.debug_info)
   1dcaa    1dcaa      9fd     1         CMakeFiles/rp2350-template.dir/pico-sdk/lib/tinyusb/src/portable/raspberrypi/rp2040/rp2040_usb.c.o:(.debug_info)
   1e6a7    1e6a7     273d     1         CMakeFiles/rp2350-template.dir/pico-sdk/lib/tinyusb/src/device/usbd.c.o:(.debug_info)
   20de4    20de4      5b6     1         CMakeFiles/rp2350-template.dir/pico-sdk/lib/tinyusb/src/device/usbd_control.c.o:(.debug_info)
   2139a    2139a      dd9     1         CMakeFiles/rp2350-template.dir/pico-sdk/lib/tinyusb/src/class/cdc/cdc_device.c.o:(.debug_info)
   22173    22173     11d2     1         CMakeFiles/rp2350-template.dir/pico-sdk/lib/tinyusb/src/tusb.c.o:(.debug_info)
   23345    23345     15aa     1         CMakeFiles/rp2350-template.dir/pico-sdk/lib/tinyusb/src/common/tusb_fifo.c.o:(.debug_info)
   248ef    248ef       2f     1         CMakeFiles/rp2350-template.dir/pico-sdk/src/rp2_common/pico_fix/rp2040_usb_device_enumeration/rp2040_usb_device_enumeration.c.o:(.debug_info)
   2491e    2491e      24b     1         CMakeFiles/rp2350-template.dir/pico-sdk/src/rp2_common/pico_thread_local/thread_local.c.o:(.debug_info)
       0        0     6460     1 .debug_str_offsets
       0        0       fc     1         CMakeFiles/rp2350-template.dir/pico-sdk/src/rp2_common/pico_stdlib/stdlib.c.o:(.debug_str_offsets)
      fc       fc      360     1         CMakeFiles/rp2350-template.dir/pico-sdk/src/rp2_common/hardware_gpio/gpio.c.o:(.debug_str_offsets)
     45c      45c       4c     1         CMakeFiles/rp2350-template.dir/pico-sdk/src/rp2350/pico_platform/platform.c.o:(.debug_str_offsets)
     4a8      4a8       3c     1         CMakeFiles/rp2350-template.dir/pico-sdk/src/rp2_common/pico_platform_panic/panic.c.o:(.debug_str_offsets)
     4e4      4e4       c0     1         CMakeFiles/rp2350-template.dir/pico-sdk/src/common/hardware_claim/claim.c.o:(.debug_str_offsets)
     5a4      5a4       94     1         CMakeFiles/rp2350-template.dir/pico-sdk/src/rp2_common/hardware_sync/sync.c.o:(.debug_str_offsets)
     638      638      494     1         CMakeFiles/rp2350-template.dir/pico-sdk/src/rp2_common/hardware_sync_spin_lock/sync_spin_lock.c.o:(.debug_str_offsets)
     acc      acc      2bc     1         CMakeFiles/rp2350-template.dir/pico-sdk/src/rp2_common/hardware_irq/irq.c.o:(.debug_str_offsets)
     d88      d88      138     1         CMakeFiles/rp2350-template.dir/pico-sdk/src/common/pico_sync/sem.c.o:(.debug_str_offsets)
     ec0      ec0       4c     1         CMakeFiles/rp2350-template.dir/pico-sdk/src/common/pico_sync/lock_core.c.o:(.debug_str_offsets)
     f0c      f0c      180     1         CMakeFiles/rp2350-template.dir/pico-sdk/src/common/pico_sync/mutex.c.o:(.debug_str_offsets)
    108c     108c       6c     1         CMakeFiles/rp2350-template.dir/pico-sdk/src/common/pico_sync/critical_section.c.o:(.debug_str_offsets)
    10f8     10f8      4cc     1         CMakeFiles/rp2350-template.dir/pico-sdk/src/common/pico_time/time.c.o:(.debug_str_offsets)
    15c4     15c4      104     1         CMakeFiles/rp2350-template.dir/pico-sdk/src/common/pico_time/timeout_helper.c.o:(.debug_str_offsets)
    16c8     16c8      30c     1         CMakeFiles/rp2350-template.dir/pico-sdk/src/rp2_common/hardware_timer/timer.c.o:(.debug_str_offsets)
    19d4     19d4       a0     1         CMakeFiles/rp2350-template.dir/pico-sdk/src/common/pico_util/datetime.c.o:(.debug_str_offsets)
    1a74     1a74       64     1         CMakeFiles/rp2350-template.dir/pico-sdk/src/common/pico_util/fixed_bitset.c.o:(.debug_str_offsets)
    1ad8     1ad8      118     1         CMakeFiles/rp2350-template.dir/pico-sdk/src/common/pico_util/pheap.c.o:(.debug_str_offsets)
    1bf0     1bf0      118     1         CMakeFiles/rp2350-template.dir/pico-sdk/src/common/pico_util/queue.c.o:(.debug_str_offsets)
    1d08     1d08      290     1         CMakeFiles/rp2350-template.dir/pico-sdk/src/rp2_common/hardware_uart/uart.c.o:(.debug_str_offsets)
    1f98     1f98      3c4     1         CMakeFiles/rp2350-template.dir/pico-sdk/src/rp2_common/hardware_clocks/clocks.c.o:(.debug_str_offsets)
    235c     235c      140     1         CMakeFiles/rp2350-template.dir/pico-sdk/src/rp2_common/hardware_pll/pll.c.o:(.debug_str_offsets)
    249c     249c      1b0     1         CMakeFiles/rp2350-template.dir/pico-sdk/src/rp2_common/hardware_vreg/vreg.c.o:(.debug_str_offsets)
    264c     264c      1a0     1         CMakeFiles/rp2350-template.dir/pico-sdk/src/rp2_common/hardware_watchdog/watchdog.c.o:(.debug_str_offsets)
    27ec     27ec       94     1         CMakeFiles/rp2350-template.dir/pico-sdk/src/rp2_common/hardware_ticks/ticks.c.o:(.debug_str_offsets)
    2880     2880      224     1         CMakeFiles/rp2350-template.dir/pico-sdk/src/rp2_common/pico_bootrom/bootrom.c.o:(.debug_str_offsets)
    2aa4     2aa4       50     1         CMakeFiles/rp2350-template.dir/pico-sdk/src/rp2_common/pico_bootrom/bootrom_lock.c.o:(.debug_str_offsets)
    2af4     2af4       64     1         CMakeFiles/rp2350-template.dir/pico-sdk/src/rp2_common/hardware_boot_lock/boot_lock.c.o:(.debug_str_offsets)
    2b58     2b58       f0     1         CMakeFiles/rp2350-template.dir/pico-sdk/src/rp2_common/pico_flash/flash.c.o:(.debug_str_offsets)
    2c48     2c48       60     1         CMakeFiles/rp2350-template.dir/pico-sdk/src/rp2_common/hardware_xosc/xosc.c.o:(.debug_str_offsets)
    2ca8     2ca8       2c     1         CMakeFiles/rp2350-template.dir/pico-sdk/src/rp2_common/hardware_divider/divider.c.o:(.debug_str_offsets)
    2cd4     2cd4       4c     1         CMakeFiles/rp2350-template.dir/pico-sdk/src/rp2_common/pico_runtime/runtime.c.o:(.debug_str_offsets)
    2d20     2d20      5ec     1         CMakeFiles/rp2350-template.dir/pico-sdk/src/rp2_common/pico_runtime_init/runtime_init.c.o:(.debug_str_offsets)
[...]
    ecdf     ecdf      80d     1         CMakeFiles/rp2350-template.dir/pico-sdk/src/rp2_common/hardware_flash/flash.c.o:(.debug_line)
    f4ec     f4ec      149     1         CMakeFiles/rp2350-template.dir/pico-sdk/src/rp2_common/hardware_xip_cache/xip_cache.c.o:(.debug_line)
    f635     f635      27e     1         CMakeFiles/rp2350-template.dir/pico-sdk/src/rp2_common/pico_usb_reset/usb_reset.c.o:(.debug_line)
    f8b3     f8b3      a5d     1         CMakeFiles/rp2350-template.dir/pico-sdk/lib/tinyusb/src/portable/raspberrypi/rp2040/dcd_rp2040.c.o:(.debug_line)
   10310    10310      594     1         CMakeFiles/rp2350-template.dir/pico-sdk/lib/tinyusb/src/portable/raspberrypi/rp2040/rp2040_usb.c.o:(.debug_line)
   108a4    108a4     1682     1         CMakeFiles/rp2350-template.dir/pico-sdk/lib/tinyusb/src/device/usbd.c.o:(.debug_line)
   11f26    11f26      355     1         CMakeFiles/rp2350-template.dir/pico-sdk/lib/tinyusb/src/device/usbd_control.c.o:(.debug_line)
   1227b    1227b      8a2     1         CMakeFiles/rp2350-template.dir/pico-sdk/lib/tinyusb/src/class/cdc/cdc_device.c.o:(.debug_line)
   12b1d    12b1d      b3f     1         CMakeFiles/rp2350-template.dir/pico-sdk/lib/tinyusb/src/tusb.c.o:(.debug_line)
   1365c    1365c      ae2     1         CMakeFiles/rp2350-template.dir/pico-sdk/lib/tinyusb/src/common/tusb_fifo.c.o:(.debug_line)
   1413e    1413e       6f     1         CMakeFiles/rp2350-template.dir/pico-sdk/src/rp2_common/pico_fix/rp2040_usb_device_enumeration/rp2040_usb_device_enumeration.c.o:(.debug_line)
   141ad    141ad      19b     1         CMakeFiles/rp2350-template.dir/pico-sdk/src/rp2_common/pico_thread_local/thread_local.c.o:(.debug_line)
   14348    14348       31     1         pico-sdk/src/rp2350/boot_stage2/CMakeFiles/bs2_default_library.dir/./bs2_default_padded.S.o:(.debug_line)
       0        0     40db     1 .debug_line_str
       0        0     40db     1         <internal>:(.debug_line_str)
       0        0    10774     1 .debug_loclists
       0        0      699     1         CMakeFiles/rp2350-template.dir/pico-sdk/src/rp2_common/hardware_gpio/gpio.c.o:(.debug_loclists)
     699      699       43     1         CMakeFiles/rp2350-template.dir/pico-sdk/src/rp2350/pico_platform/platform.c.o:(.debug_loclists)
     6dc      6dc       1d     1         CMakeFiles/rp2350-template.dir/pico-sdk/src/rp2_common/pico_platform_panic/panic.c.o:(.debug_loclists)
     6f9      6f9      200     1         CMakeFiles/rp2350-template.dir/pico-sdk/src/common/hardware_claim/claim.c.o:(.debug_loclists)
     8f9      8f9       7f     1         CMakeFiles/rp2350-template.dir/pico-sdk/src/rp2_common/hardware_sync/sync.c.o:(.debug_loclists)
     978      978       39     1         CMakeFiles/rp2350-template.dir/pico-sdk/src/rp2_common/hardware_sync_spin_lock/sync_spin_lock.c.o:(.debug_loclists)
     9b1      9b1      d53     1         CMakeFiles/rp2350-template.dir/pico-sdk/src/rp2_common/hardware_irq/irq.c.o:(.debug_loclists)
    1704     1704      2aa     1         CMakeFiles/rp2350-template.dir/pico-sdk/src/common/pico_sync/sem.c.o:(.debug_loclists)
    19ae     19ae      65e     1         CMakeFiles/rp2350-template.dir/pico-sdk/src/common/pico_sync/mutex.c.o:(.debug_loclists)
    200c     200c       3a     1         CMakeFiles/rp2350-template.dir/pico-sdk/src/common/pico_sync/critical_section.c.o:(.debug_loclists)
    2046     2046     12c1     1         CMakeFiles/rp2350-template.dir/pico-sdk/src/common/pico_time/time.c.o:(.debug_loclists)
    3307     3307      1cd     1         CMakeFiles/rp2350-template.dir/pico-sdk/src/common/pico_time/timeout_helper.c.o:(.debug_loclists)
    34d4     34d4      b32     1         CMakeFiles/rp2350-template.dir/pico-sdk/src/rp2_common/hardware_timer/timer.c.o:(.debug_loclists)
    4006     4006       e2     1         CMakeFiles/rp2350-template.dir/pico-sdk/src/common/pico_util/datetime.c.o:(.debug_loclists)
    40e8     40e8       a1     1         CMakeFiles/rp2350-template.dir/pico-sdk/src/common/pico_util/fixed_bitset.c.o:(.debug_loclists)
    4189     4189      55d     1         CMakeFiles/rp2350-template.dir/pico-sdk/src/common/pico_util/pheap.c.o:(.debug_loclists)
    46e6     46e6      31e     1         CMakeFiles/rp2350-template.dir/pico-sdk/src/common/pico_util/queue.c.o:(.debug_loclists)
    4a04     4a04      438     1         CMakeFiles/rp2350-template.dir/pico-sdk/src/rp2_common/hardware_uart/uart.c.o:(.debug_loclists)
    4e3c     4e3c      78b     1         CMakeFiles/rp2350-template.dir/pico-sdk/src/rp2_common/hardware_clocks/clocks.c.o:(.debug_loclists)
    55c7     55c7      135     1         CMakeFiles/rp2350-template.dir/pico-sdk/src/rp2_common/hardware_pll/pll.c.o:(.debug_loclists)
    56fc     56fc       2a     1         CMakeFiles/rp2350-template.dir/pico-sdk/src/rp2_common/hardware_vreg/vreg.c.o:(.debug_loclists)
    5726     5726       f9     1         CMakeFiles/rp2350-template.dir/pico-sdk/src/rp2_common/hardware_watchdog/watchdog.c.o:(.debug_loclists)
    581f     581f       20     1         CMakeFiles/rp2350-template.dir/pico-sdk/src/rp2_common/hardware_ticks/ticks.c.o:(.debug_loclists)
    583f     583f      4f4     1         CMakeFiles/rp2350-template.dir/pico-sdk/src/rp2_common/pico_bootrom/bootrom.c.o:(.debug_loclists)
    5d33     5d33       72     1         CMakeFiles/rp2350-template.dir/pico-sdk/src/rp2_common/hardware_boot_lock/boot_lock.c.o:(.debug_loclists)
    5da5     5da5       c6     1         CMakeFiles/rp2350-template.dir/pico-sdk/src/rp2_common/pico_flash/flash.c.o:(.debug_loclists)
    5e6b     5e6b       1d     1         CMakeFiles/rp2350-template.dir/pico-sdk/src/rp2_common/hardware_xosc/xosc.c.o:(.debug_loclists)
    5e88     5e88       68     1         CMakeFiles/rp2350-template.dir/pico-sdk/src/rp2_common/pico_runtime/runtime.c.o:(.debug_loclists)
    5ef0     5ef0       4a     1         CMakeFiles/rp2350-template.dir/pico-sdk/src/rp2_common/pico_runtime_init/runtime_init.c.o:(.debug_loclists)
    5f3a     5f3a       18     1         CMakeFiles/rp2350-template.dir/pico-sdk/src/rp2_common/pico_runtime_init/runtime_init_clocks.c.o:(.debug_loclists)
    5f52     5f52       16     1         CMakeFiles/rp2350-template.dir/pico-sdk/src/rp2_common/pico_runtime_init/runtime_init_stack_guard.c.o:(.debug_loclists)
    5f68     5f68      8f5     1         CMakeFiles/rp2350-template.dir/pico-sdk/src/rp2_common/pico_divider/divider_compiler.c.o:(.debug_loclists)
    685d     685d     1d66     1         CMakeFiles/rp2350-template.dir/pico-sdk/src/rp2_common/pico_double/double_math.c.o:(.debug_loclists)
    85c3     85c3     1209     1         CMakeFiles/rp2350-template.dir/pico-sdk/src/rp2_common/pico_float/float_math.c.o:(.debug_loclists)
    97cc     97cc       da     1         CMakeFiles/rp2350-template.dir/pico-sdk/src/rp2_common/pico_malloc/malloc.c.o:(.debug_loclists)
    98a6     98a6      615     1         CMakeFiles/rp2350-template.dir/pico-sdk/src/rp2_common/pico_atomic/atomic.c.o:(.debug_loclists)
    9ebb     9ebb     1f3b     1         CMakeFiles/rp2350-template.dir/pico-sdk/src/rp2_common/pico_printf/printf.c.o:(.debug_loclists)
    bdf6     bdf6      120     1         CMakeFiles/rp2350-template.dir/pico-sdk/src/rp2_common/pico_clib_interface/picolibc_interface.c.o:(.debug_loclists)
    bf16     bf16       46     1         CMakeFiles/rp2350-template.dir/pico-sdk/src/rp2_common/pico_clib_interface/cxa_guard.c.o:(.debug_loclists)
    bf5c     bf5c      91a     1         CMakeFiles/rp2350-template.dir/pico-sdk/src/rp2_common/pico_stdio/stdio.c.o:(.debug_loclists)
    c876     c876      46f     1         CMakeFiles/rp2350-template.dir/pico-sdk/src/rp2_common/pico_stdio_usb/stdio_usb.c.o:(.debug_loclists)
    cce5     cce5       65     1         CMakeFiles/rp2350-template.dir/pico-sdk/src/rp2_common/pico_stdio_usb/stdio_usb_descriptors.c.o:(.debug_loclists)
    cd4a     cd4a       93     1         CMakeFiles/rp2350-template.dir/pico-sdk/src/rp2_common/pico_unique_id/unique_id.c.o:(.debug_loclists)
    cddd     cddd      4e5     1         CMakeFiles/rp2350-template.dir/pico-sdk/src/rp2_common/hardware_flash/flash.c.o:(.debug_loclists)
    d2c2     d2c2       29     1         CMakeFiles/rp2350-template.dir/pico-sdk/src/rp2_common/hardware_xip_cache/xip_cache.c.o:(.debug_loclists)
    d2eb     d2eb      167     1         CMakeFiles/rp2350-template.dir/pico-sdk/src/rp2_common/pico_usb_reset/usb_reset.c.o:(.debug_loclists)
    d452     d452      7ea     1         CMakeFiles/rp2350-template.dir/pico-sdk/lib/tinyusb/src/portable/raspberrypi/rp2040/dcd_rp2040.c.o:(.debug_loclists)
    dc3c     dc3c      2d5     1         CMakeFiles/rp2350-template.dir/pico-sdk/lib/tinyusb/src/portable/raspberrypi/rp2040/rp2040_usb.c.o:(.debug_loclists)
    df11     df11      fde     1         CMakeFiles/rp2350-template.dir/pico-sdk/lib/tinyusb/src/device/usbd.c.o:(.debug_loclists)
    eeef     eeef      1bb     1         CMakeFiles/rp2350-template.dir/pico-sdk/lib/tinyusb/src/device/usbd_control.c.o:(.debug_loclists)
    f0aa     f0aa      576     1         CMakeFiles/rp2350-template.dir/pico-sdk/lib/tinyusb/src/class/cdc/cdc_device.c.o:(.debug_loclists)
    f620     f620      6fc     1         CMakeFiles/rp2350-template.dir/pico-sdk/lib/tinyusb/src/tusb.c.o:(.debug_loclists)
    fd1c     fd1c      9d7     1         CMakeFiles/rp2350-template.dir/pico-sdk/lib/tinyusb/src/common/tusb_fifo.c.o:(.debug_loclists)
   106f3    106f3       81     1         CMakeFiles/rp2350-template.dir/pico-sdk/src/rp2_common/pico_thread_local/thread_local.c.o:(.debug_loclists)
       0        0     249e     1 .debug_rnglists
       0        0      13c     1         CMakeFiles/rp2350-template.dir/pico-sdk/src/rp2_common/hardware_gpio/gpio.c.o:(.debug_rnglists)
     13c      13c       17     1         CMakeFiles/rp2350-template.dir/pico-sdk/src/rp2_common/pico_platform_panic/panic.c.o:(.debug_rnglists)
     153      153       58     1         CMakeFiles/rp2350-template.dir/pico-sdk/src/common/hardware_claim/claim.c.o:(.debug_rnglists)
     1ab      1ab       23     1         CMakeFiles/rp2350-template.dir/pico-sdk/src/rp2_common/hardware_sync/sync.c.o:(.debug_rnglists)
     1ce      1ce       1a     1         CMakeFiles/rp2350-template.dir/pico-sdk/src/rp2_common/hardware_sync_spin_lock/sync_spin_lock.c.o:(.debug_rnglists)
     1e8      1e8      20a     1         CMakeFiles/rp2350-template.dir/pico-sdk/src/rp2_common/hardware_irq/irq.c.o:(.debug_rnglists)
     3f2      3f2       3c     1         CMakeFiles/rp2350-template.dir/pico-sdk/src/common/pico_sync/sem.c.o:(.debug_rnglists)
     42e      42e       f5     1         CMakeFiles/rp2350-template.dir/pico-sdk/src/common/pico_sync/mutex.c.o:(.debug_rnglists)
     523      523       1a     1         CMakeFiles/rp2350-template.dir/pico-sdk/src/common/pico_sync/critical_section.c.o:(.debug_rnglists)
     53d      53d      234     1         CMakeFiles/rp2350-template.dir/pico-sdk/src/common/pico_time/time.c.o:(.debug_rnglists)
     771      771       1d     1         CMakeFiles/rp2350-template.dir/pico-sdk/src/common/pico_time/timeout_helper.c.o:(.debug_rnglists)
     78e      78e      1c6     1         CMakeFiles/rp2350-template.dir/pico-sdk/src/rp2_common/hardware_timer/timer.c.o:(.debug_rnglists)
     954      954       23     1         CMakeFiles/rp2350-template.dir/pico-sdk/src/common/pico_util/datetime.c.o:(.debug_rnglists)
     977      977       31     1         CMakeFiles/rp2350-template.dir/pico-sdk/src/common/pico_util/fixed_bitset.c.o:(.debug_rnglists)
     9a8      9a8      11c     1         CMakeFiles/rp2350-template.dir/pico-sdk/src/common/pico_util/pheap.c.o:(.debug_rnglists)
     ac4      ac4       c1     1         CMakeFiles/rp2350-template.dir/pico-sdk/src/common/pico_util/queue.c.o:(.debug_rnglists)
     b85      b85       b2     1         CMakeFiles/rp2350-template.dir/pico-sdk/src/rp2_common/hardware_uart/uart.c.o:(.debug_rnglists)
     c37      c37      102     1         CMakeFiles/rp2350-template.dir/pico-sdk/src/rp2_common/hardware_clocks/clocks.c.o:(.debug_rnglists)
     d39      d39       18     1         CMakeFiles/rp2350-template.dir/pico-sdk/src/rp2_common/hardware_pll/pll.c.o:(.debug_rnglists)
     d51      d51       27     1         CMakeFiles/rp2350-template.dir/pico-sdk/src/rp2_common/hardware_vreg/vreg.c.o:(.debug_rnglists)
     d78      d78       5c     1         CMakeFiles/rp2350-template.dir/pico-sdk/src/rp2_common/hardware_watchdog/watchdog.c.o:(.debug_rnglists)
     dd4      dd4       1a     1         CMakeFiles/rp2350-template.dir/pico-sdk/src/rp2_common/hardware_ticks/ticks.c.o:(.debug_rnglists)
     dee      dee       5f     1         CMakeFiles/rp2350-template.dir/pico-sdk/src/rp2_common/pico_bootrom/bootrom.c.o:(.debug_rnglists)
     e4d      e4d       1a     1         CMakeFiles/rp2350-template.dir/pico-sdk/src/rp2_common/hardware_boot_lock/boot_lock.c.o:(.debug_rnglists)
     e67      e67       26     1         CMakeFiles/rp2350-template.dir/pico-sdk/src/rp2_common/pico_flash/flash.c.o:(.debug_rnglists)
     e8d      e8d       1a     1         CMakeFiles/rp2350-template.dir/pico-sdk/src/rp2_common/hardware_xosc/xosc.c.o:(.debug_rnglists)
     ea7      ea7       37     1         CMakeFiles/rp2350-template.dir/pico-sdk/src/rp2_common/pico_runtime/runtime.c.o:(.debug_rnglists)
     ede      ede       29     1         CMakeFiles/rp2350-template.dir/pico-sdk/src/rp2_common/pico_runtime_init/runtime_init.c.o:(.debug_rnglists)
     f07      f07       1f     1         CMakeFiles/rp2350-template.dir/pico-sdk/src/rp2_common/pico_bit_ops/bit_ops_aeabi.S.o:(.debug_rnglists)
     f26      f26       a8     1         CMakeFiles/rp2350-template.dir/pico-sdk/src/rp2_common/pico_divider/divider_compiler.c.o:(.debug_rnglists)
     fce      fce      219     1         CMakeFiles/rp2350-template.dir/pico-sdk/src/rp2_common/pico_double/double_math.c.o:(.debug_rnglists)
    11e7     11e7       b7     1         CMakeFiles/rp2350-template.dir/pico-sdk/src/rp2_common/pico_double/double_aeabi_dcp.S.o:(.debug_rnglists)
    129e     129e       20     1         CMakeFiles/rp2350-template.dir/pico-sdk/src/rp2_common/pico_double/double_fma_dcp.S.o:(.debug_rnglists)
    12be     12be       41     1         CMakeFiles/rp2350-template.dir/pico-sdk/src/rp2_common/pico_double/double_sci_m33.S.o:(.debug_rnglists)
    12ff     12ff       2d     1         CMakeFiles/rp2350-template.dir/pico-sdk/src/rp2_common/pico_double/double_conv_m33.S.o:(.debug_rnglists)
    132c     132c      16a     1         CMakeFiles/rp2350-template.dir/pico-sdk/src/rp2_common/pico_float/float_math.c.o:(.debug_rnglists)
    1496     1496       3d     1         CMakeFiles/rp2350-template.dir/pico-sdk/src/rp2_common/pico_float/float_conv32_vfp.S.o:(.debug_rnglists)
    14d3     14d3       2d     1         CMakeFiles/rp2350-template.dir/pico-sdk/src/rp2_common/pico_float/float_common_m33.S.o:(.debug_rnglists)
    1500     1500       35     1         CMakeFiles/rp2350-template.dir/pico-sdk/src/rp2_common/pico_float/float_sci_m33_vfp.S.o:(.debug_rnglists)
    1535     1535       44     1         CMakeFiles/rp2350-template.dir/pico-sdk/src/rp2_common/pico_malloc/malloc.c.o:(.debug_rnglists)
    1579     1579       f5     1         CMakeFiles/rp2350-template.dir/pico-sdk/src/rp2_common/pico_atomic/atomic.c.o:(.debug_rnglists)
    166e     166e       23     1         CMakeFiles/rp2350-template.dir/pico-sdk/src/rp2_common/pico_cxx_options/new_delete.cpp.o:(.debug_rnglists)
    1691     1691      1d0     1         CMakeFiles/rp2350-template.dir/pico-sdk/src/rp2_common/pico_printf/printf.c.o:(.debug_rnglists)
    1861     1861       1b     1         CMakeFiles/rp2350-template.dir/pico-sdk/src/rp2_common/pico_crt0/crt0.S.o:(.debug_rnglists)
    187c     187c       32     1         CMakeFiles/rp2350-template.dir/pico-sdk/src/rp2_common/pico_clib_interface/picolibc_interface.c.o:(.debug_rnglists)
    18ae     18ae       1a     1         CMakeFiles/rp2350-template.dir/pico-sdk/src/rp2_common/pico_clib_interface/cxa_guard.c.o:(.debug_rnglists)
    18c8     18c8      1d5     1         CMakeFiles/rp2350-template.dir/pico-sdk/src/rp2_common/pico_stdio/stdio.c.o:(.debug_rnglists)
    1a9d     1a9d      138     1         CMakeFiles/rp2350-template.dir/pico-sdk/src/rp2_common/pico_stdio_usb/stdio_usb.c.o:(.debug_rnglists)
    1bd5     1bd5       27     1         CMakeFiles/rp2350-template.dir/pico-sdk/src/rp2_common/pico_stdio_usb/stdio_usb_descriptors.c.o:(.debug_rnglists)
    1bfc     1bfc       1a     1         CMakeFiles/rp2350-template.dir/pico-sdk/src/rp2_common/pico_unique_id/unique_id.c.o:(.debug_rnglists)
    1c16     1c16       74     1         CMakeFiles/rp2350-template.dir/pico-sdk/src/rp2_common/hardware_flash/flash.c.o:(.debug_rnglists)
    1c8a     1c8a       23     1         CMakeFiles/rp2350-template.dir/pico-sdk/src/rp2_common/hardware_xip_cache/xip_cache.c.o:(.debug_rnglists)
    1cad     1cad       2c     1         CMakeFiles/rp2350-template.dir/pico-sdk/src/rp2_common/pico_usb_reset/usb_reset.c.o:(.debug_rnglists)
    1cd9     1cd9      16d     1         CMakeFiles/rp2350-template.dir/pico-sdk/lib/tinyusb/src/portable/raspberrypi/rp2040/dcd_rp2040.c.o:(.debug_rnglists)
    1e46     1e46       74     1         CMakeFiles/rp2350-template.dir/pico-sdk/lib/tinyusb/src/portable/raspberrypi/rp2040/rp2040_usb.c.o:(.debug_rnglists)
    1eba     1eba      33e     1         CMakeFiles/rp2350-template.dir/pico-sdk/lib/tinyusb/src/device/usbd.c.o:(.debug_rnglists)
    21f8     21f8       55     1         CMakeFiles/rp2350-template.dir/pico-sdk/lib/tinyusb/src/device/usbd_control.c.o:(.debug_rnglists)
    224d     224d       92     1         CMakeFiles/rp2350-template.dir/pico-sdk/lib/tinyusb/src/class/cdc/cdc_device.c.o:(.debug_rnglists)
    22df     22df       d5     1         CMakeFiles/rp2350-template.dir/pico-sdk/lib/tinyusb/src/tusb.c.o:(.debug_rnglists)
    23b4     23b4       c0     1         CMakeFiles/rp2350-template.dir/pico-sdk/lib/tinyusb/src/common/tusb_fifo.c.o:(.debug_rnglists)
    2474     2474       2a     1         CMakeFiles/rp2350-template.dir/pico-sdk/src/rp2_common/pico_thread_local/thread_local.c.o:(.debug_rnglists)
       0        0      2f8     1 .debug_aranges
       0        0       30     1         CMakeFiles/rp2350-template.dir/pico-sdk/src/rp2_common/pico_bit_ops/bit_ops_aeabi.S.o:(.debug_aranges)
      30       30       f8     1         CMakeFiles/rp2350-template.dir/pico-sdk/src/rp2_common/pico_double/double_aeabi_dcp.S.o:(.debug_aranges)
     128      128       30     1         CMakeFiles/rp2350-template.dir/pico-sdk/src/rp2_common/pico_double/double_fma_dcp.S.o:(.debug_aranges)
     158      158       58     1         CMakeFiles/rp2350-template.dir/pico-sdk/src/rp2_common/pico_double/double_sci_m33.S.o:(.debug_aranges)
     1b0      1b0       40     1         CMakeFiles/rp2350-template.dir/pico-sdk/src/rp2_common/pico_double/double_conv_m33.S.o:(.debug_aranges)
     1f0      1f0       58     1         CMakeFiles/rp2350-template.dir/pico-sdk/src/rp2_common/pico_float/float_conv32_vfp.S.o:(.debug_aranges)
     248      248       40     1         CMakeFiles/rp2350-template.dir/pico-sdk/src/rp2_common/pico_float/float_common_m33.S.o:(.debug_aranges)
     288      288       48     1         CMakeFiles/rp2350-template.dir/pico-sdk/src/rp2_common/pico_float/float_sci_m33_vfp.S.o:(.debug_aranges)
     2d0      2d0       28     1         CMakeFiles/rp2350-template.dir/pico-sdk/src/rp2_common/pico_crt0/crt0.S.o:(.debug_aranges)
       0        0     26c0     4 .symtab
       0        0     26c0     4         <internal>:(.symtab)
       0        0      1d8     1 .shstrtab
       0        0      1d8     1         <internal>:(.shstrtab)
       0        0     1f6f     1 .strtab
       0        0     1f6f     1         <internal>:(.strtab)
